
> ztmm-assessment@1.0.1 test
> ng test --no-watch --browsers=ChromeHeadless

- Generating browser application bundles (phase: setup)...
✔ Browser application bundle generation complete.
[32m06 06 2025 22:11:45.338:INFO [karma-server]: [39mKarma v6.4.4 server started at http://localhost:9876/
[32m06 06 2025 22:11:45.339:INFO [launcher]: [39mLaunching browsers ChromeHeadless with concurrency unlimited
[32m06 06 2025 22:11:45.343:INFO [launcher]: [39mStarting browser ChromeHeadless
[32m06 06 2025 22:11:49.286:INFO [Chrome Headless 137.0.0.0 (Mac OS 10.15.7)]: [39mConnected on socket 7qcU0BOrpzraYKV5AAAB with id 3868083
Chrome Headless 137.0.0.0 (Mac OS 10.15.7): Executed 0 of 158[32m SUCCESS[39m (0 secs / 0 secs)
[1A[2KChrome Headless 137.0.0.0 (Mac OS 10.15.7): Executed 1 of 158[32m SUCCESS[39m (0 secs / 0.001 secs)
[1A[2KChrome Headless 137.0.0.0 (Mac OS 10.15.7): Executed 2 of 158[32m SUCCESS[39m (0 secs / 0.001 secs)
[1A[2KChrome Headless 137.0.0.0 (Mac OS 10.15.7): Executed 3 of 158[32m SUCCESS[39m (0 secs / 0.001 secs)
[1A[2KChrome Headless 137.0.0.0 (Mac OS 10.15.7): Executed 4 of 158[32m SUCCESS[39m (0 secs / 0.001 secs)
[1A[2KChrome Headless 137.0.0.0 (Mac OS 10.15.7): Executed 5 of 158[32m SUCCESS[39m (0 secs / 0.001 secs)
[1A[2KChrome Headless 137.0.0.0 (Mac OS 10.15.7): Executed 6 of 158[32m SUCCESS[39m (0 secs / 0.002 secs)
[1A[2KChrome Headless 137.0.0.0 (Mac OS 10.15.7): Executed 7 of 158[32m SUCCESS[39m (0 secs / 0.002 secs)
[1A[2KChrome Headless 137.0.0.0 (Mac OS 10.15.7): Executed 8 of 158[32m SUCCESS[39m (0 secs / 0.002 secs)
[1A[2KChrome Headless 137.0.0.0 (Mac OS 10.15.7): Executed 9 of 158[32m SUCCESS[39m (0 secs / 0.002 secs)
[1A[2KChrome Headless 137.0.0.0 (Mac OS 10.15.7): Executed 10 of 158[32m SUCCESS[39m (0 secs / 0.002 secs)
[1A[2KChrome Headless 137.0.0.0 (Mac OS 10.15.7): Executed 11 of 158[32m SUCCESS[39m (0 secs / 0.023 secs)
[1A[2KChrome Headless 137.0.0.0 (Mac OS 10.15.7): Executed 12 of 158[32m SUCCESS[39m (0 secs / 0.025 secs)
[1A[2KChrome Headless 137.0.0.0 (Mac OS 10.15.7): Executed 13 of 158[32m SUCCESS[39m (0 secs / 0.026 secs)
[1A[2KChrome Headless 137.0.0.0 (Mac OS 10.15.7): Executed 14 of 158[32m SUCCESS[39m (0 secs / 0.028 secs)
[1A[2KChrome Headless 137.0.0.0 (Mac OS 10.15.7): Executed 15 of 158[32m SUCCESS[39m (0 secs / 0.029 secs)
[1A[2KChrome Headless 137.0.0.0 (Mac OS 10.15.7): Executed 16 of 158[32m SUCCESS[39m (0 secs / 0.03 secs)
[1A[2KChrome Headless 137.0.0.0 (Mac OS 10.15.7): Executed 17 of 158[32m SUCCESS[39m (0 secs / 0.031 secs)
[1A[2KChrome Headless 137.0.0.0 (Mac OS 10.15.7): Executed 18 of 158[32m SUCCESS[39m (0 secs / 0.031 secs)
[1A[2KChrome Headless 137.0.0.0 (Mac OS 10.15.7): Executed 19 of 158[32m SUCCESS[39m (0 secs / 0.032 secs)
[1A[2KChrome Headless 137.0.0.0 (Mac OS 10.15.7): Executed 20 of 158[32m SUCCESS[39m (0 secs / 0.033 secs)
[1A[2KChrome Headless 137.0.0.0 (Mac OS 10.15.7): Executed 21 of 158[32m SUCCESS[39m (0 secs / 0.034 secs)
[1A[2KChrome Headless 137.0.0.0 (Mac OS 10.15.7): Executed 22 of 158[32m SUCCESS[39m (0 secs / 0.035 secs)
[1A[2KChrome Headless 137.0.0.0 (Mac OS 10.15.7): Executed 23 of 158[32m SUCCESS[39m (0 secs / 0.036 secs)
[1A[2KChrome Headless 137.0.0.0 (Mac OS 10.15.7): Executed 24 of 158[32m SUCCESS[39m (0 secs / 0.036 secs)
[1A[2KChrome Headless 137.0.0.0 (Mac OS 10.15.7): Executed 25 of 158[32m SUCCESS[39m (0 secs / 0.036 secs)
[1A[2KChrome Headless 137.0.0.0 (Mac OS 10.15.7): Executed 26 of 158[32m SUCCESS[39m (0 secs / 0.037 secs)
[1A[2KChrome Headless 137.0.0.0 (Mac OS 10.15.7): Executed 27 of 158[32m SUCCESS[39m (0 secs / 0.038 secs)
[1A[2KChrome Headless 137.0.0.0 (Mac OS 10.15.7): Executed 28 of 158[32m SUCCESS[39m (0 secs / 0.038 secs)
[1A[2KChrome Headless 137.0.0.0 (Mac OS 10.15.7): Executed 29 of 158[32m SUCCESS[39m (0 secs / 0.039 secs)
[1A[2KChrome Headless 137.0.0.0 (Mac OS 10.15.7): Executed 30 of 158[32m SUCCESS[39m (0 secs / 0.04 secs)
[1A[2KWARN: [36m'Spec 'HomeComponent should be mobile-responsive' has no expectations.'[39m
Chrome Headless 137.0.0.0 (Mac OS 10.15.7): Executed 30 of 158[32m SUCCESS[39m (0 secs / 0.04 secs)
WARN: 'Spec 'HomeComponent should be mobile-responsive' has no expectations.'
[1A[2KChrome Headless 137.0.0.0 (Mac OS 10.15.7): Executed 31 of 158[32m SUCCESS[39m (0 secs / 0.041 secs)
[1A[2KChrome Headless 137.0.0.0 (Mac OS 10.15.7): Executed 32 of 158[32m SUCCESS[39m (0 secs / 0.045 secs)
[1A[2KChrome Headless 137.0.0.0 (Mac OS 10.15.7): Executed 33 of 158[32m SUCCESS[39m (0 secs / 0.046 secs)
[1A[2KChrome Headless 137.0.0.0 (Mac OS 10.15.7): Executed 34 of 158[32m SUCCESS[39m (0 secs / 0.047 secs)
[1A[2KChrome Headless 137.0.0.0 (Mac OS 10.15.7): Executed 35 of 158[32m SUCCESS[39m (0 secs / 0.047 secs)
[1A[2KChrome Headless 137.0.0.0 (Mac OS 10.15.7): Executed 36 of 158[32m SUCCESS[39m (0 secs / 0.048 secs)
[1A[2KChrome Headless 137.0.0.0 (Mac OS 10.15.7): Executed 37 of 158[32m SUCCESS[39m (0 secs / 0.049 secs)
[1A[2KChrome Headless 137.0.0.0 (Mac OS 10.15.7): Executed 38 of 158[32m SUCCESS[39m (0 secs / 0.066 secs)
[1A[2KChrome Headless 137.0.0.0 (Mac OS 10.15.7): Executed 39 of 158[32m SUCCESS[39m (0 secs / 0.067 secs)
[1A[2KChrome Headless 137.0.0.0 (Mac OS 10.15.7): Executed 40 of 158[32m SUCCESS[39m (0 secs / 0.068 secs)
[1A[2KChrome Headless 137.0.0.0 (Mac OS 10.15.7): Executed 41 of 158[32m SUCCESS[39m (0 secs / 0.07 secs)
[1A[2KChrome Headless 137.0.0.0 (Mac OS 10.15.7): Executed 42 of 158[32m SUCCESS[39m (0 secs / 0.071 secs)
[1A[2KChrome Headless 137.0.0.0 (Mac OS 10.15.7): Executed 43 of 158[32m SUCCESS[39m (0 secs / 0.072 secs)
[1A[2KChrome Headless 137.0.0.0 (Mac OS 10.15.7): Executed 44 of 158[32m SUCCESS[39m (0 secs / 0.073 secs)
[1A[2KChrome Headless 137.0.0.0 (Mac OS 10.15.7): Executed 45 of 158[32m SUCCESS[39m (0 secs / 0.074 secs)
[1A[2KChrome Headless 137.0.0.0 (Mac OS 10.15.7): Executed 46 of 158[32m SUCCESS[39m (0 secs / 0.075 secs)
[1A[2KChrome Headless 137.0.0.0 (Mac OS 10.15.7): Executed 47 of 158[32m SUCCESS[39m (0 secs / 0.077 secs)
[1A[2KChrome Headless 137.0.0.0 (Mac OS 10.15.7): Executed 48 of 158[32m SUCCESS[39m (0 secs / 0.077 secs)
[1A[2KChrome Headless 137.0.0.0 (Mac OS 10.15.7): Executed 49 of 158[32m SUCCESS[39m (0 secs / 0.077 secs)
[1A[2KChrome Headless 137.0.0.0 (Mac OS 10.15.7): Executed 50 of 158[32m SUCCESS[39m (0 secs / 0.078 secs)
[1A[2KChrome Headless 137.0.0.0 (Mac OS 10.15.7): Executed 51 of 158[32m SUCCESS[39m (0 secs / 0.079 secs)
[1A[2KChrome Headless 137.0.0.0 (Mac OS 10.15.7): Executed 52 of 158[32m SUCCESS[39m (0 secs / 3.183 secs)
[1A[2KChrome Headless 137.0.0.0 (Mac OS 10.15.7): Executed 53 of 158[32m SUCCESS[39m (0 secs / 3.189 secs)
[1A[2KChrome Headless 137.0.0.0 (Mac OS 10.15.7): Executed 54 of 158[32m SUCCESS[39m (0 secs / 3.193 secs)
[1A[2KChrome Headless 137.0.0.0 (Mac OS 10.15.7): Executed 55 of 158[32m SUCCESS[39m (0 secs / 3.195 secs)
[1A[2KChrome Headless 137.0.0.0 (Mac OS 10.15.7): Executed 56 of 158[32m SUCCESS[39m (0 secs / 3.239 secs)
[1A[2KChrome Headless 137.0.0.0 (Mac OS 10.15.7): Executed 57 of 158[32m SUCCESS[39m (0 secs / 3.241 secs)
[1A[2KChrome Headless 137.0.0.0 (Mac OS 10.15.7): Executed 58 of 158[32m SUCCESS[39m (0 secs / 3.243 secs)
[1A[2KChrome Headless 137.0.0.0 (Mac OS 10.15.7): Executed 59 of 158[32m SUCCESS[39m (0 secs / 3.244 secs)
[1A[2KChrome Headless 137.0.0.0 (Mac OS 10.15.7): Executed 60 of 158[32m SUCCESS[39m (0 secs / 3.246 secs)
[1A[2KChrome Headless 137.0.0.0 (Mac OS 10.15.7): Executed 61 of 158[32m SUCCESS[39m (0 secs / 3.248 secs)
[1A[2KChrome Headless 137.0.0.0 (Mac OS 10.15.7): Executed 62 of 158[32m SUCCESS[39m (0 secs / 3.249 secs)
[1A[2KChrome Headless 137.0.0.0 (Mac OS 10.15.7): Executed 63 of 158[32m SUCCESS[39m (0 secs / 3.251 secs)
[1A[2KChrome Headless 137.0.0.0 (Mac OS 10.15.7): Executed 64 of 158[32m SUCCESS[39m (0 secs / 3.252 secs)
[1A[2KChrome Headless 137.0.0.0 (Mac OS 10.15.7): Executed 65 of 158[32m SUCCESS[39m (0 secs / 3.256 secs)
[1A[2KChrome Headless 137.0.0.0 (Mac OS 10.15.7): Executed 66 of 158[32m SUCCESS[39m (0 secs / 3.258 secs)
[1A[2KChrome Headless 137.0.0.0 (Mac OS 10.15.7): Executed 67 of 158[32m SUCCESS[39m (0 secs / 3.259 secs)
[1A[2KChrome Headless 137.0.0.0 (Mac OS 10.15.7): Executed 68 of 158[32m SUCCESS[39m (0 secs / 3.261 secs)
[1A[2KChrome Headless 137.0.0.0 (Mac OS 10.15.7): Executed 69 of 158[32m SUCCESS[39m (0 secs / 3.262 secs)
[1A[2KChrome Headless 137.0.0.0 (Mac OS 10.15.7): Executed 70 of 158[32m SUCCESS[39m (0 secs / 3.263 secs)
[1A[2KChrome Headless 137.0.0.0 (Mac OS 10.15.7): Executed 71 of 158[32m SUCCESS[39m (0 secs / 3.264 secs)
[1A[2KChrome Headless 137.0.0.0 (Mac OS 10.15.7): Executed 72 of 158[32m SUCCESS[39m (0 secs / 3.265 secs)
[1A[2KChrome Headless 137.0.0.0 (Mac OS 10.15.7): Executed 73 of 158[32m SUCCESS[39m (0 secs / 3.267 secs)
[1A[2KChrome Headless 137.0.0.0 (Mac OS 10.15.7): Executed 74 of 158[32m SUCCESS[39m (0 secs / 3.269 secs)
[1A[2KChrome Headless 137.0.0.0 (Mac OS 10.15.7): Executed 75 of 158[32m SUCCESS[39m (0 secs / 3.27 secs)
[1A[2KChrome Headless 137.0.0.0 (Mac OS 10.15.7): Executed 76 of 158[32m SUCCESS[39m (0 secs / 3.271 secs)
[1A[2KChrome Headless 137.0.0.0 (Mac OS 10.15.7): Executed 77 of 158[32m SUCCESS[39m (0 secs / 3.272 secs)
[1A[2KChrome Headless 137.0.0.0 (Mac OS 10.15.7): Executed 78 of 158[32m SUCCESS[39m (0 secs / 3.273 secs)
[1A[2KChrome Headless 137.0.0.0 (Mac OS 10.15.7): Executed 79 of 158[32m SUCCESS[39m (0 secs / 3.274 secs)
[1A[2KChrome Headless 137.0.0.0 (Mac OS 10.15.7): Executed 80 of 158[32m SUCCESS[39m (0 secs / 3.276 secs)
[1A[2KChrome Headless 137.0.0.0 (Mac OS 10.15.7): Executed 81 of 158[32m SUCCESS[39m (0 secs / 3.277 secs)
[1A[2KChrome Headless 137.0.0.0 (Mac OS 10.15.7): Executed 82 of 158[32m SUCCESS[39m (0 secs / 3.278 secs)
[1A[2KChrome Headless 137.0.0.0 (Mac OS 10.15.7): Executed 83 of 158[32m SUCCESS[39m (0 secs / 3.279 secs)
[1A[2KChrome Headless 137.0.0.0 (Mac OS 10.15.7): Executed 84 of 158[32m SUCCESS[39m (0 secs / 3.28 secs)
[1A[2KChrome Headless 137.0.0.0 (Mac OS 10.15.7): Executed 85 of 158[32m SUCCESS[39m (0 secs / 3.281 secs)
[1A[2KChrome Headless 137.0.0.0 (Mac OS 10.15.7): Executed 86 of 158[32m SUCCESS[39m (0 secs / 3.282 secs)
[1A[2KChrome Headless 137.0.0.0 (Mac OS 10.15.7): Executed 87 of 158[32m SUCCESS[39m (0 secs / 3.284 secs)
[1A[2KChrome Headless 137.0.0.0 (Mac OS 10.15.7): Executed 88 of 158[32m SUCCESS[39m (0 secs / 3.285 secs)
[1A[2KChrome Headless 137.0.0.0 (Mac OS 10.15.7): Executed 89 of 158[32m SUCCESS[39m (0 secs / 3.286 secs)
[1A[2KChrome Headless 137.0.0.0 (Mac OS 10.15.7): Executed 90 of 158[32m SUCCESS[39m (0 secs / 3.287 secs)
[1A[2KChrome Headless 137.0.0.0 (Mac OS 10.15.7): Executed 91 of 158[32m SUCCESS[39m (0 secs / 3.288 secs)
[1A[2KChrome Headless 137.0.0.0 (Mac OS 10.15.7): Executed 92 of 158[32m SUCCESS[39m (0 secs / 3.29 secs)
[1A[2KChrome Headless 137.0.0.0 (Mac OS 10.15.7): Executed 93 of 158[32m SUCCESS[39m (0 secs / 3.291 secs)
[1A[2KChrome Headless 137.0.0.0 (Mac OS 10.15.7): Executed 94 of 158[32m SUCCESS[39m (0 secs / 3.292 secs)
[1A[2KChrome Headless 137.0.0.0 (Mac OS 10.15.7): Executed 95 of 158[32m SUCCESS[39m (0 secs / 3.293 secs)
[1A[2KChrome Headless 137.0.0.0 (Mac OS 10.15.7): Executed 96 of 158[32m SUCCESS[39m (0 secs / 3.294 secs)
[1A[2KChrome Headless 137.0.0.0 (Mac OS 10.15.7): Executed 97 of 158[32m SUCCESS[39m (0 secs / 3.295 secs)
[1A[2KChrome Headless 137.0.0.0 (Mac OS 10.15.7): Executed 98 of 158[32m SUCCESS[39m (0 secs / 3.296 secs)
[1A[2KChrome Headless 137.0.0.0 (Mac OS 10.15.7): Executed 99 of 158[32m SUCCESS[39m (0 secs / 3.297 secs)
[1A[2KChrome Headless 137.0.0.0 (Mac OS 10.15.7): Executed 100 of 158[32m SUCCESS[39m (0 secs / 3.298 secs)
[1A[2KChrome Headless 137.0.0.0 (Mac OS 10.15.7): Executed 101 of 158[32m SUCCESS[39m (0 secs / 3.299 secs)
[1A[2KChrome Headless 137.0.0.0 (Mac OS 10.15.7): Executed 102 of 158[32m SUCCESS[39m (0 secs / 3.3 secs)
[1A[2KChrome Headless 137.0.0.0 (Mac OS 10.15.7): Executed 103 of 158[32m SUCCESS[39m (0 secs / 3.301 secs)
[1A[2KChrome Headless 137.0.0.0 (Mac OS 10.15.7): Executed 104 of 158[32m SUCCESS[39m (0 secs / 3.304 secs)
[1A[2KChrome Headless 137.0.0.0 (Mac OS 10.15.7): Executed 105 of 158[32m SUCCESS[39m (0 secs / 3.306 secs)
[1A[2KChrome Headless 137.0.0.0 (Mac OS 10.15.7): Executed 106 of 158[32m SUCCESS[39m (0 secs / 3.307 secs)
[1A[2KChrome Headless 137.0.0.0 (Mac OS 10.15.7): Executed 107 of 158[32m SUCCESS[39m (0 secs / 3.308 secs)
[1A[2KChrome Headless 137.0.0.0 (Mac OS 10.15.7): Executed 108 of 158[32m SUCCESS[39m (0 secs / 3.309 secs)
[1A[2KChrome Headless 137.0.0.0 (Mac OS 10.15.7): Executed 109 of 158[32m SUCCESS[39m (0 secs / 3.31 secs)
[1A[2KChrome Headless 137.0.0.0 (Mac OS 10.15.7): Executed 110 of 158[32m SUCCESS[39m (0 secs / 3.31 secs)
[1A[2KChrome Headless 137.0.0.0 (Mac OS 10.15.7): Executed 111 of 158[32m SUCCESS[39m (0 secs / 3.311 secs)
[33m06 06 2025 22:11:53.164:WARN [web-server]: [39m404: /_karma_webpack_/assets/sql-wasm.wasm
[1A[2KChrome Headless 137.0.0.0 (Mac OS 10.15.7): Executed 112 of 158[32m SUCCESS[39m (0 secs / 3.319 secs)
[1A[2KChrome Headless 137.0.0.0 (Mac OS 10.15.7): Executed 113 of 158[32m SUCCESS[39m (0 secs / 3.321 secs)
[1A[2KERROR: [36m'wasm streaming compile failed: TypeError: Failed to execute 'compile' on 'WebAssembly': HTTP status code is not ok'[39m
Chrome Headless 137.0.0.0 (Mac OS 10.15.7): Executed 113 of 158[32m SUCCESS[39m (0 secs / 3.321 secs)
ERROR: 'wasm streaming compile failed: TypeError: Failed to execute 'compile' on 'WebAssembly': HTTP status code is not ok'
[1A[2KERROR: [36m'falling back to ArrayBuffer instantiation'[39m
Chrome Headless 137.0.0.0 (Mac OS 10.15.7): Executed 113 of 158[32m SUCCESS[39m (0 secs / 3.321 secs)
ERROR: 'falling back to ArrayBuffer instantiation'
[33m06 06 2025 22:11:53.166:WARN [web-server]: [39m404: /_karma_webpack_/assets/sql-wasm.wasm
[1A[2KChrome Headless 137.0.0.0 (Mac OS 10.15.7): Executed 114 of 158[32m SUCCESS[39m (0 secs / 3.322 secs)
[1A[2KERROR: [36m'failed to asynchronously prepare wasm: both async and sync fetching of the wasm failed'[39m
Chrome Headless 137.0.0.0 (Mac OS 10.15.7): Executed 114 of 158[32m SUCCESS[39m (0 secs / 3.322 secs)
ERROR: 'failed to asynchronously prepare wasm: both async and sync fetching of the wasm failed'
[1A[2KERROR: [36m'Aborted(both async and sync fetching of the wasm failed)'[39m
Chrome Headless 137.0.0.0 (Mac OS 10.15.7): Executed 114 of 158[32m SUCCESS[39m (0 secs / 3.322 secs)
ERROR: 'Aborted(both async and sync fetching of the wasm failed)'
[1A[2KERROR: [36m'Failed to initialize SQL.js service:', Error: both async and sync fetching of the wasm failed
Error: both async and sync fetching of the wasm failed
    at Object.Module.onAbort (http://localhost:9876/_karma_webpack_/webpack:/node_modules/sql.js/dist/sql-wasm.js:40:20)
    at Ta (http://localhost:9876/_karma_webpack_/webpack:/node_modules/sql.js/dist/sql-wasm.js:97:376)
    at http://localhost:9876/_karma_webpack_/webpack:/node_modules/sql.js/dist/sql-wasm.js:98:351
    at Generator.throw (<anonymous>)
    at asyncGeneratorStep (http://localhost:9876/_karma_webpack_/webpack:/node_modules/@babel/runtime/helpers/asyncToGenerator.js:3:1)
    at apply (http://localhost:9876/_karma_webpack_/webpack:/node_modules/@babel/runtime/helpers/asyncToGenerator.js:20:1)
    at _ZoneDelegate.invoke (http://localhost:9876/_karma_webpack_/webpack:/node_modules/zone.js/fesm2015/zone.js:398:28)
    at ProxyZoneSpec.onInvoke (http://localhost:9876/_karma_webpack_/webpack:/node_modules/zone.js/fesm2015/zone-testing.js:2132:39)
    at _ZoneDelegate.invoke (http://localhost:9876/_karma_webpack_/webpack:/node_modules/zone.js/fesm2015/zone.js:397:34)
    at Object.onInvoke (http://localhost:9876/_karma_webpack_/webpack:/node_modules/@angular/core/fesm2022/core.mjs:6568:33)[39m
Chrome Headless 137.0.0.0 (Mac OS 10.15.7): Executed 114 of 158[32m SUCCESS[39m (0 secs / 3.322 secs)
ERROR: 'Failed to initialize SQL.js service:', Error: both async and sync fetching of the wasm failed
Error: both async and sync fetching of the wasm failed
    at Object.Module.onAbort (http://localhost:9876/_karma_webpack_/webpack:/node_modules/sql.js/dist/sql-wasm.js:40:20)
    at Ta (http://localhost:9876/_karma_webpack_/webpack:/node_modules/sql.js/dist/sql-wasm.js:97:376)
    at http://localhost:9876/_karma_webpack_/webpack:/node_modules/sql.js/dist/sql-wasm.js:98:351
    at Generator.throw (<anonymous>)
    at asyncGeneratorStep (http://localhost:9876/_karma_webpack_/webpack:/node_modules/@babel/runtime/helpers/asyncToGenerator.js:3:1)
    at apply (http://localhost:9876/_karma_webpack_/webpack:/node_modules/@babel/runtime/helpers/asyncToGenerator.js:20:1)
    at _ZoneDelegate.invoke (http://localhost:9876/_karma_webpack_/webpack:/node_modules/zone.js/fesm2015/zone.js:398:28)
    at ProxyZoneSpec.onInvoke (http://localhost:9876/_karma_webpack_/webpack:/node_modules/zone.js/fesm2015/zone-testing.js:2132:39)
    at _ZoneDelegate.invoke (http://localhost:9876/_karma_webpack_/webpack:/node_modules/zone.js/fesm2015/zone.js:397:34)
    at Object.onInvoke (http://localhost:9876/_karma_webpack_/webpack:/node_modules/@angular/core/fesm2022/core.mjs:6568:33)
[1A[2KERROR: [36m'Failed to initialize SQL.js service:', Error: both async and sync fetching of the wasm failed
Error: both async and sync fetching of the wasm failed
    at Object.Module.onAbort (http://localhost:9876/_karma_webpack_/webpack:/node_modules/sql.js/dist/sql-wasm.js:40:20)
    at Ta (http://localhost:9876/_karma_webpack_/webpack:/node_modules/sql.js/dist/sql-wasm.js:97:376)
    at http://localhost:9876/_karma_webpack_/webpack:/node_modules/sql.js/dist/sql-wasm.js:98:351
    at Generator.throw (<anonymous>)
    at asyncGeneratorStep (http://localhost:9876/_karma_webpack_/webpack:/node_modules/@babel/runtime/helpers/asyncToGenerator.js:3:1)
    at apply (http://localhost:9876/_karma_webpack_/webpack:/node_modules/@babel/runtime/helpers/asyncToGenerator.js:20:1)
    at _ZoneDelegate.invoke (http://localhost:9876/_karma_webpack_/webpack:/node_modules/zone.js/fesm2015/zone.js:398:28)
    at ProxyZoneSpec.onInvoke (http://localhost:9876/_karma_webpack_/webpack:/node_modules/zone.js/fesm2015/zone-testing.js:2132:39)
    at _ZoneDelegate.invoke (http://localhost:9876/_karma_webpack_/webpack:/node_modules/zone.js/fesm2015/zone.js:397:34)
    at Object.onInvoke (http://localhost:9876/_karma_webpack_/webpack:/node_modules/@angular/core/fesm2022/core.mjs:6568:33)[39m
Chrome Headless 137.0.0.0 (Mac OS 10.15.7): Executed 114 of 158[32m SUCCESS[39m (0 secs / 3.322 secs)
ERROR: 'Failed to initialize SQL.js service:', Error: both async and sync fetching of the wasm failed
Error: both async and sync fetching of the wasm failed
    at Object.Module.onAbort (http://localhost:9876/_karma_webpack_/webpack:/node_modules/sql.js/dist/sql-wasm.js:40:20)
    at Ta (http://localhost:9876/_karma_webpack_/webpack:/node_modules/sql.js/dist/sql-wasm.js:97:376)
    at http://localhost:9876/_karma_webpack_/webpack:/node_modules/sql.js/dist/sql-wasm.js:98:351
    at Generator.throw (<anonymous>)
    at asyncGeneratorStep (http://localhost:9876/_karma_webpack_/webpack:/node_modules/@babel/runtime/helpers/asyncToGenerator.js:3:1)
    at apply (http://localhost:9876/_karma_webpack_/webpack:/node_modules/@babel/runtime/helpers/asyncToGenerator.js:20:1)
    at _ZoneDelegate.invoke (http://localhost:9876/_karma_webpack_/webpack:/node_modules/zone.js/fesm2015/zone.js:398:28)
    at ProxyZoneSpec.onInvoke (http://localhost:9876/_karma_webpack_/webpack:/node_modules/zone.js/fesm2015/zone-testing.js:2132:39)
    at _ZoneDelegate.invoke (http://localhost:9876/_karma_webpack_/webpack:/node_modules/zone.js/fesm2015/zone.js:397:34)
    at Object.onInvoke (http://localhost:9876/_karma_webpack_/webpack:/node_modules/@angular/core/fesm2022/core.mjs:6568:33)
[1A[2KERROR: [36m'Failed to initialize SQL.js service:', Error: both async and sync fetching of the wasm failed
Error: both async and sync fetching of the wasm failed
    at Object.Module.onAbort (http://localhost:9876/_karma_webpack_/webpack:/node_modules/sql.js/dist/sql-wasm.js:40:20)
    at Ta (http://localhost:9876/_karma_webpack_/webpack:/node_modules/sql.js/dist/sql-wasm.js:97:376)
    at http://localhost:9876/_karma_webpack_/webpack:/node_modules/sql.js/dist/sql-wasm.js:98:351
    at Generator.throw (<anonymous>)
    at asyncGeneratorStep (http://localhost:9876/_karma_webpack_/webpack:/node_modules/@babel/runtime/helpers/asyncToGenerator.js:3:1)
    at apply (http://localhost:9876/_karma_webpack_/webpack:/node_modules/@babel/runtime/helpers/asyncToGenerator.js:20:1)
    at _ZoneDelegate.invoke (http://localhost:9876/_karma_webpack_/webpack:/node_modules/zone.js/fesm2015/zone.js:398:28)
    at ProxyZoneSpec.onInvoke (http://localhost:9876/_karma_webpack_/webpack:/node_modules/zone.js/fesm2015/zone-testing.js:2132:39)
    at _ZoneDelegate.invoke (http://localhost:9876/_karma_webpack_/webpack:/node_modules/zone.js/fesm2015/zone.js:397:34)
    at Object.onInvoke (http://localhost:9876/_karma_webpack_/webpack:/node_modules/@angular/core/fesm2022/core.mjs:6568:33)[39m
Chrome Headless 137.0.0.0 (Mac OS 10.15.7): Executed 114 of 158[32m SUCCESS[39m (0 secs / 3.322 secs)
ERROR: 'Failed to initialize SQL.js service:', Error: both async and sync fetching of the wasm failed
Error: both async and sync fetching of the wasm failed
    at Object.Module.onAbort (http://localhost:9876/_karma_webpack_/webpack:/node_modules/sql.js/dist/sql-wasm.js:40:20)
    at Ta (http://localhost:9876/_karma_webpack_/webpack:/node_modules/sql.js/dist/sql-wasm.js:97:376)
    at http://localhost:9876/_karma_webpack_/webpack:/node_modules/sql.js/dist/sql-wasm.js:98:351
    at Generator.throw (<anonymous>)
    at asyncGeneratorStep (http://localhost:9876/_karma_webpack_/webpack:/node_modules/@babel/runtime/helpers/asyncToGenerator.js:3:1)
    at apply (http://localhost:9876/_karma_webpack_/webpack:/node_modules/@babel/runtime/helpers/asyncToGenerator.js:20:1)
    at _ZoneDelegate.invoke (http://localhost:9876/_karma_webpack_/webpack:/node_modules/zone.js/fesm2015/zone.js:398:28)
    at ProxyZoneSpec.onInvoke (http://localhost:9876/_karma_webpack_/webpack:/node_modules/zone.js/fesm2015/zone-testing.js:2132:39)
    at _ZoneDelegate.invoke (http://localhost:9876/_karma_webpack_/webpack:/node_modules/zone.js/fesm2015/zone.js:397:34)
    at Object.onInvoke (http://localhost:9876/_karma_webpack_/webpack:/node_modules/@angular/core/fesm2022/core.mjs:6568:33)
[1A[2KERROR: [36m'Failed to initialize SQL.js service:', Error: both async and sync fetching of the wasm failed
Error: both async and sync fetching of the wasm failed
    at Object.Module.onAbort (http://localhost:9876/_karma_webpack_/webpack:/node_modules/sql.js/dist/sql-wasm.js:40:20)
    at Ta (http://localhost:9876/_karma_webpack_/webpack:/node_modules/sql.js/dist/sql-wasm.js:97:376)
    at http://localhost:9876/_karma_webpack_/webpack:/node_modules/sql.js/dist/sql-wasm.js:98:351
    at Generator.throw (<anonymous>)
    at asyncGeneratorStep (http://localhost:9876/_karma_webpack_/webpack:/node_modules/@babel/runtime/helpers/asyncToGenerator.js:3:1)
    at apply (http://localhost:9876/_karma_webpack_/webpack:/node_modules/@babel/runtime/helpers/asyncToGenerator.js:20:1)
    at _ZoneDelegate.invoke (http://localhost:9876/_karma_webpack_/webpack:/node_modules/zone.js/fesm2015/zone.js:398:28)
    at ProxyZoneSpec.onInvoke (http://localhost:9876/_karma_webpack_/webpack:/node_modules/zone.js/fesm2015/zone-testing.js:2132:39)
    at _ZoneDelegate.invoke (http://localhost:9876/_karma_webpack_/webpack:/node_modules/zone.js/fesm2015/zone.js:397:34)
    at Object.onInvoke (http://localhost:9876/_karma_webpack_/webpack:/node_modules/@angular/core/fesm2022/core.mjs:6568:33)[39m
Chrome Headless 137.0.0.0 (Mac OS 10.15.7): Executed 114 of 158[32m SUCCESS[39m (0 secs / 3.322 secs)
ERROR: 'Failed to initialize SQL.js service:', Error: both async and sync fetching of the wasm failed
Error: both async and sync fetching of the wasm failed
    at Object.Module.onAbort (http://localhost:9876/_karma_webpack_/webpack:/node_modules/sql.js/dist/sql-wasm.js:40:20)
    at Ta (http://localhost:9876/_karma_webpack_/webpack:/node_modules/sql.js/dist/sql-wasm.js:97:376)
    at http://localhost:9876/_karma_webpack_/webpack:/node_modules/sql.js/dist/sql-wasm.js:98:351
    at Generator.throw (<anonymous>)
    at asyncGeneratorStep (http://localhost:9876/_karma_webpack_/webpack:/node_modules/@babel/runtime/helpers/asyncToGenerator.js:3:1)
    at apply (http://localhost:9876/_karma_webpack_/webpack:/node_modules/@babel/runtime/helpers/asyncToGenerator.js:20:1)
    at _ZoneDelegate.invoke (http://localhost:9876/_karma_webpack_/webpack:/node_modules/zone.js/fesm2015/zone.js:398:28)
    at ProxyZoneSpec.onInvoke (http://localhost:9876/_karma_webpack_/webpack:/node_modules/zone.js/fesm2015/zone-testing.js:2132:39)
    at _ZoneDelegate.invoke (http://localhost:9876/_karma_webpack_/webpack:/node_modules/zone.js/fesm2015/zone.js:397:34)
    at Object.onInvoke (http://localhost:9876/_karma_webpack_/webpack:/node_modules/@angular/core/fesm2022/core.mjs:6568:33)
[1A[2KERROR: [36m'Failed to initialize SQL.js service:', Error: both async and sync fetching of the wasm failed
Error: both async and sync fetching of the wasm failed
    at Object.Module.onAbort (http://localhost:9876/_karma_webpack_/webpack:/node_modules/sql.js/dist/sql-wasm.js:40:20)
    at Ta (http://localhost:9876/_karma_webpack_/webpack:/node_modules/sql.js/dist/sql-wasm.js:97:376)
    at http://localhost:9876/_karma_webpack_/webpack:/node_modules/sql.js/dist/sql-wasm.js:98:351
    at Generator.throw (<anonymous>)
    at asyncGeneratorStep (http://localhost:9876/_karma_webpack_/webpack:/node_modules/@babel/runtime/helpers/asyncToGenerator.js:3:1)
    at apply (http://localhost:9876/_karma_webpack_/webpack:/node_modules/@babel/runtime/helpers/asyncToGenerator.js:20:1)
    at _ZoneDelegate.invoke (http://localhost:9876/_karma_webpack_/webpack:/node_modules/zone.js/fesm2015/zone.js:398:28)
    at ProxyZoneSpec.onInvoke (http://localhost:9876/_karma_webpack_/webpack:/node_modules/zone.js/fesm2015/zone-testing.js:2132:39)
    at _ZoneDelegate.invoke (http://localhost:9876/_karma_webpack_/webpack:/node_modules/zone.js/fesm2015/zone.js:397:34)
    at Object.onInvoke (http://localhost:9876/_karma_webpack_/webpack:/node_modules/@angular/core/fesm2022/core.mjs:6568:33)[39m
Chrome Headless 137.0.0.0 (Mac OS 10.15.7): Executed 114 of 158[32m SUCCESS[39m (0 secs / 3.322 secs)
ERROR: 'Failed to initialize SQL.js service:', Error: both async and sync fetching of the wasm failed
Error: both async and sync fetching of the wasm failed
    at Object.Module.onAbort (http://localhost:9876/_karma_webpack_/webpack:/node_modules/sql.js/dist/sql-wasm.js:40:20)
    at Ta (http://localhost:9876/_karma_webpack_/webpack:/node_modules/sql.js/dist/sql-wasm.js:97:376)
    at http://localhost:9876/_karma_webpack_/webpack:/node_modules/sql.js/dist/sql-wasm.js:98:351
    at Generator.throw (<anonymous>)
    at asyncGeneratorStep (http://localhost:9876/_karma_webpack_/webpack:/node_modules/@babel/runtime/helpers/asyncToGenerator.js:3:1)
    at apply (http://localhost:9876/_karma_webpack_/webpack:/node_modules/@babel/runtime/helpers/asyncToGenerator.js:20:1)
    at _ZoneDelegate.invoke (http://localhost:9876/_karma_webpack_/webpack:/node_modules/zone.js/fesm2015/zone.js:398:28)
    at ProxyZoneSpec.onInvoke (http://localhost:9876/_karma_webpack_/webpack:/node_modules/zone.js/fesm2015/zone-testing.js:2132:39)
    at _ZoneDelegate.invoke (http://localhost:9876/_karma_webpack_/webpack:/node_modules/zone.js/fesm2015/zone.js:397:34)
    at Object.onInvoke (http://localhost:9876/_karma_webpack_/webpack:/node_modules/@angular/core/fesm2022/core.mjs:6568:33)
[1A[2KERROR: [36m'Failed to initialize SQL.js service:', Error: both async and sync fetching of the wasm failed
Error: both async and sync fetching of the wasm failed
    at Object.Module.onAbort (http://localhost:9876/_karma_webpack_/webpack:/node_modules/sql.js/dist/sql-wasm.js:40:20)
    at Ta (http://localhost:9876/_karma_webpack_/webpack:/node_modules/sql.js/dist/sql-wasm.js:97:376)
    at http://localhost:9876/_karma_webpack_/webpack:/node_modules/sql.js/dist/sql-wasm.js:98:351
    at Generator.throw (<anonymous>)
    at asyncGeneratorStep (http://localhost:9876/_karma_webpack_/webpack:/node_modules/@babel/runtime/helpers/asyncToGenerator.js:3:1)
    at apply (http://localhost:9876/_karma_webpack_/webpack:/node_modules/@babel/runtime/helpers/asyncToGenerator.js:20:1)
    at _ZoneDelegate.invoke (http://localhost:9876/_karma_webpack_/webpack:/node_modules/zone.js/fesm2015/zone.js:398:28)
    at ProxyZoneSpec.onInvoke (http://localhost:9876/_karma_webpack_/webpack:/node_modules/zone.js/fesm2015/zone-testing.js:2132:39)
    at _ZoneDelegate.invoke (http://localhost:9876/_karma_webpack_/webpack:/node_modules/zone.js/fesm2015/zone.js:397:34)
    at Object.onInvoke (http://localhost:9876/_karma_webpack_/webpack:/node_modules/@angular/core/fesm2022/core.mjs:6568:33)[39m
Chrome Headless 137.0.0.0 (Mac OS 10.15.7): Executed 114 of 158[32m SUCCESS[39m (0 secs / 3.322 secs)
ERROR: 'Failed to initialize SQL.js service:', Error: both async and sync fetching of the wasm failed
Error: both async and sync fetching of the wasm failed
    at Object.Module.onAbort (http://localhost:9876/_karma_webpack_/webpack:/node_modules/sql.js/dist/sql-wasm.js:40:20)
    at Ta (http://localhost:9876/_karma_webpack_/webpack:/node_modules/sql.js/dist/sql-wasm.js:97:376)
    at http://localhost:9876/_karma_webpack_/webpack:/node_modules/sql.js/dist/sql-wasm.js:98:351
    at Generator.throw (<anonymous>)
    at asyncGeneratorStep (http://localhost:9876/_karma_webpack_/webpack:/node_modules/@babel/runtime/helpers/asyncToGenerator.js:3:1)
    at apply (http://localhost:9876/_karma_webpack_/webpack:/node_modules/@babel/runtime/helpers/asyncToGenerator.js:20:1)
    at _ZoneDelegate.invoke (http://localhost:9876/_karma_webpack_/webpack:/node_modules/zone.js/fesm2015/zone.js:398:28)
    at ProxyZoneSpec.onInvoke (http://localhost:9876/_karma_webpack_/webpack:/node_modules/zone.js/fesm2015/zone-testing.js:2132:39)
    at _ZoneDelegate.invoke (http://localhost:9876/_karma_webpack_/webpack:/node_modules/zone.js/fesm2015/zone.js:397:34)
    at Object.onInvoke (http://localhost:9876/_karma_webpack_/webpack:/node_modules/@angular/core/fesm2022/core.mjs:6568:33)
[1A[2KERROR: [36m'Failed to initialize SQL.js service:', Error: both async and sync fetching of the wasm failed
Error: both async and sync fetching of the wasm failed
    at Object.Module.onAbort (http://localhost:9876/_karma_webpack_/webpack:/node_modules/sql.js/dist/sql-wasm.js:40:20)
    at Ta (http://localhost:9876/_karma_webpack_/webpack:/node_modules/sql.js/dist/sql-wasm.js:97:376)
    at http://localhost:9876/_karma_webpack_/webpack:/node_modules/sql.js/dist/sql-wasm.js:98:351
    at Generator.throw (<anonymous>)
    at asyncGeneratorStep (http://localhost:9876/_karma_webpack_/webpack:/node_modules/@babel/runtime/helpers/asyncToGenerator.js:3:1)
    at apply (http://localhost:9876/_karma_webpack_/webpack:/node_modules/@babel/runtime/helpers/asyncToGenerator.js:20:1)
    at _ZoneDelegate.invoke (http://localhost:9876/_karma_webpack_/webpack:/node_modules/zone.js/fesm2015/zone.js:398:28)
    at ProxyZoneSpec.onInvoke (http://localhost:9876/_karma_webpack_/webpack:/node_modules/zone.js/fesm2015/zone-testing.js:2132:39)
    at _ZoneDelegate.invoke (http://localhost:9876/_karma_webpack_/webpack:/node_modules/zone.js/fesm2015/zone.js:397:34)
    at Object.onInvoke (http://localhost:9876/_karma_webpack_/webpack:/node_modules/@angular/core/fesm2022/core.mjs:6568:33)[39m
Chrome Headless 137.0.0.0 (Mac OS 10.15.7): Executed 114 of 158[32m SUCCESS[39m (0 secs / 3.322 secs)
ERROR: 'Failed to initialize SQL.js service:', Error: both async and sync fetching of the wasm failed
Error: both async and sync fetching of the wasm failed
    at Object.Module.onAbort (http://localhost:9876/_karma_webpack_/webpack:/node_modules/sql.js/dist/sql-wasm.js:40:20)
    at Ta (http://localhost:9876/_karma_webpack_/webpack:/node_modules/sql.js/dist/sql-wasm.js:97:376)
    at http://localhost:9876/_karma_webpack_/webpack:/node_modules/sql.js/dist/sql-wasm.js:98:351
    at Generator.throw (<anonymous>)
    at asyncGeneratorStep (http://localhost:9876/_karma_webpack_/webpack:/node_modules/@babel/runtime/helpers/asyncToGenerator.js:3:1)
    at apply (http://localhost:9876/_karma_webpack_/webpack:/node_modules/@babel/runtime/helpers/asyncToGenerator.js:20:1)
    at _ZoneDelegate.invoke (http://localhost:9876/_karma_webpack_/webpack:/node_modules/zone.js/fesm2015/zone.js:398:28)
    at ProxyZoneSpec.onInvoke (http://localhost:9876/_karma_webpack_/webpack:/node_modules/zone.js/fesm2015/zone-testing.js:2132:39)
    at _ZoneDelegate.invoke (http://localhost:9876/_karma_webpack_/webpack:/node_modules/zone.js/fesm2015/zone.js:397:34)
    at Object.onInvoke (http://localhost:9876/_karma_webpack_/webpack:/node_modules/@angular/core/fesm2022/core.mjs:6568:33)
[1A[2KERROR: [36m'Failed to initialize SQL.js service:', Error: both async and sync fetching of the wasm failed
Error: both async and sync fetching of the wasm failed
    at Object.Module.onAbort (http://localhost:9876/_karma_webpack_/webpack:/node_modules/sql.js/dist/sql-wasm.js:40:20)
    at Ta (http://localhost:9876/_karma_webpack_/webpack:/node_modules/sql.js/dist/sql-wasm.js:97:376)
    at http://localhost:9876/_karma_webpack_/webpack:/node_modules/sql.js/dist/sql-wasm.js:98:351
    at Generator.throw (<anonymous>)
    at asyncGeneratorStep (http://localhost:9876/_karma_webpack_/webpack:/node_modules/@babel/runtime/helpers/asyncToGenerator.js:3:1)
    at apply (http://localhost:9876/_karma_webpack_/webpack:/node_modules/@babel/runtime/helpers/asyncToGenerator.js:20:1)
    at _ZoneDelegate.invoke (http://localhost:9876/_karma_webpack_/webpack:/node_modules/zone.js/fesm2015/zone.js:398:28)
    at ProxyZoneSpec.onInvoke (http://localhost:9876/_karma_webpack_/webpack:/node_modules/zone.js/fesm2015/zone-testing.js:2132:39)
    at _ZoneDelegate.invoke (http://localhost:9876/_karma_webpack_/webpack:/node_modules/zone.js/fesm2015/zone.js:397:34)
    at Object.onInvoke (http://localhost:9876/_karma_webpack_/webpack:/node_modules/@angular/core/fesm2022/core.mjs:6568:33)[39m
Chrome Headless 137.0.0.0 (Mac OS 10.15.7): Executed 114 of 158[32m SUCCESS[39m (0 secs / 3.322 secs)
ERROR: 'Failed to initialize SQL.js service:', Error: both async and sync fetching of the wasm failed
Error: both async and sync fetching of the wasm failed
    at Object.Module.onAbort (http://localhost:9876/_karma_webpack_/webpack:/node_modules/sql.js/dist/sql-wasm.js:40:20)
    at Ta (http://localhost:9876/_karma_webpack_/webpack:/node_modules/sql.js/dist/sql-wasm.js:97:376)
    at http://localhost:9876/_karma_webpack_/webpack:/node_modules/sql.js/dist/sql-wasm.js:98:351
    at Generator.throw (<anonymous>)
    at asyncGeneratorStep (http://localhost:9876/_karma_webpack_/webpack:/node_modules/@babel/runtime/helpers/asyncToGenerator.js:3:1)
    at apply (http://localhost:9876/_karma_webpack_/webpack:/node_modules/@babel/runtime/helpers/asyncToGenerator.js:20:1)
    at _ZoneDelegate.invoke (http://localhost:9876/_karma_webpack_/webpack:/node_modules/zone.js/fesm2015/zone.js:398:28)
    at ProxyZoneSpec.onInvoke (http://localhost:9876/_karma_webpack_/webpack:/node_modules/zone.js/fesm2015/zone-testing.js:2132:39)
    at _ZoneDelegate.invoke (http://localhost:9876/_karma_webpack_/webpack:/node_modules/zone.js/fesm2015/zone.js:397:34)
    at Object.onInvoke (http://localhost:9876/_karma_webpack_/webpack:/node_modules/@angular/core/fesm2022/core.mjs:6568:33)
[1A[2KERROR: [36m'Error loading pillars:', Error: Database initialization failed
Error: Database initialization failed
    at http://localhost:9876/_karma_webpack_/webpack:/src/app/services/sqljs.service.ts:116:13
    at Generator.throw (<anonymous>)
    at asyncGeneratorStep (http://localhost:9876/_karma_webpack_/webpack:/node_modules/@babel/runtime/helpers/esm/asyncToGenerator.js:3:1)
    at apply (http://localhost:9876/_karma_webpack_/webpack:/node_modules/@babel/runtime/helpers/esm/asyncToGenerator.js:20:1)
    at _ZoneDelegate.invoke (http://localhost:9876/_karma_webpack_/webpack:/node_modules/zone.js/fesm2015/zone.js:398:28)
    at ProxyZoneSpec.onInvoke (http://localhost:9876/_karma_webpack_/webpack:/node_modules/zone.js/fesm2015/zone-testing.js:2132:39)
    at _ZoneDelegate.invoke (http://localhost:9876/_karma_webpack_/webpack:/node_modules/zone.js/fesm2015/zone.js:397:34)
    at Object.onInvoke (http://localhost:9876/_karma_webpack_/webpack:/node_modules/@angular/core/fesm2022/core.mjs:6568:33)
    at _ZoneDelegate.invoke (http://localhost:9876/_karma_webpack_/webpack:/node_modules/zone.js/fesm2015/zone.js:397:34)
    at ZoneImpl.run (http://localhost:9876/_karma_webpack_/webpack:/node_modules/zone.js/fesm2015/zone.js:113:43)[39m
Chrome Headless 137.0.0.0 (Mac OS 10.15.7): Executed 114 of 158[32m SUCCESS[39m (0 secs / 3.322 secs)
ERROR: 'Error loading pillars:', Error: Database initialization failed
Error: Database initialization failed
    at http://localhost:9876/_karma_webpack_/webpack:/src/app/services/sqljs.service.ts:116:13
    at Generator.throw (<anonymous>)
    at asyncGeneratorStep (http://localhost:9876/_karma_webpack_/webpack:/node_modules/@babel/runtime/helpers/esm/asyncToGenerator.js:3:1)
    at apply (http://localhost:9876/_karma_webpack_/webpack:/node_modules/@babel/runtime/helpers/esm/asyncToGenerator.js:20:1)
    at _ZoneDelegate.invoke (http://localhost:9876/_karma_webpack_/webpack:/node_modules/zone.js/fesm2015/zone.js:398:28)
    at ProxyZoneSpec.onInvoke (http://localhost:9876/_karma_webpack_/webpack:/node_modules/zone.js/fesm2015/zone-testing.js:2132:39)
    at _ZoneDelegate.invoke (http://localhost:9876/_karma_webpack_/webpack:/node_modules/zone.js/fesm2015/zone.js:397:34)
    at Object.onInvoke (http://localhost:9876/_karma_webpack_/webpack:/node_modules/@angular/core/fesm2022/core.mjs:6568:33)
    at _ZoneDelegate.invoke (http://localhost:9876/_karma_webpack_/webpack:/node_modules/zone.js/fesm2015/zone.js:397:34)
    at ZoneImpl.run (http://localhost:9876/_karma_webpack_/webpack:/node_modules/zone.js/fesm2015/zone.js:113:43)
[1A[2KERROR: [36m'Error loading maturity stages:', Error: Database initialization failed
Error: Database initialization failed
    at http://localhost:9876/_karma_webpack_/webpack:/src/app/services/sqljs.service.ts:116:13
    at Generator.throw (<anonymous>)
    at asyncGeneratorStep (http://localhost:9876/_karma_webpack_/webpack:/node_modules/@babel/runtime/helpers/esm/asyncToGenerator.js:3:1)
    at apply (http://localhost:9876/_karma_webpack_/webpack:/node_modules/@babel/runtime/helpers/esm/asyncToGenerator.js:20:1)
    at _ZoneDelegate.invoke (http://localhost:9876/_karma_webpack_/webpack:/node_modules/zone.js/fesm2015/zone.js:398:28)
    at ProxyZoneSpec.onInvoke (http://localhost:9876/_karma_webpack_/webpack:/node_modules/zone.js/fesm2015/zone-testing.js:2132:39)
    at _ZoneDelegate.invoke (http://localhost:9876/_karma_webpack_/webpack:/node_modules/zone.js/fesm2015/zone.js:397:34)
    at Object.onInvoke (http://localhost:9876/_karma_webpack_/webpack:/node_modules/@angular/core/fesm2022/core.mjs:6568:33)
    at _ZoneDelegate.invoke (http://localhost:9876/_karma_webpack_/webpack:/node_modules/zone.js/fesm2015/zone.js:397:34)
    at ZoneImpl.run (http://localhost:9876/_karma_webpack_/webpack:/node_modules/zone.js/fesm2015/zone.js:113:43)[39m
Chrome Headless 137.0.0.0 (Mac OS 10.15.7): Executed 114 of 158[32m SUCCESS[39m (0 secs / 3.322 secs)
ERROR: 'Error loading maturity stages:', Error: Database initialization failed
Error: Database initialization failed
    at http://localhost:9876/_karma_webpack_/webpack:/src/app/services/sqljs.service.ts:116:13
    at Generator.throw (<anonymous>)
    at asyncGeneratorStep (http://localhost:9876/_karma_webpack_/webpack:/node_modules/@babel/runtime/helpers/esm/asyncToGenerator.js:3:1)
    at apply (http://localhost:9876/_karma_webpack_/webpack:/node_modules/@babel/runtime/helpers/esm/asyncToGenerator.js:20:1)
    at _ZoneDelegate.invoke (http://localhost:9876/_karma_webpack_/webpack:/node_modules/zone.js/fesm2015/zone.js:398:28)
    at ProxyZoneSpec.onInvoke (http://localhost:9876/_karma_webpack_/webpack:/node_modules/zone.js/fesm2015/zone-testing.js:2132:39)
    at _ZoneDelegate.invoke (http://localhost:9876/_karma_webpack_/webpack:/node_modules/zone.js/fesm2015/zone.js:397:34)
    at Object.onInvoke (http://localhost:9876/_karma_webpack_/webpack:/node_modules/@angular/core/fesm2022/core.mjs:6568:33)
    at _ZoneDelegate.invoke (http://localhost:9876/_karma_webpack_/webpack:/node_modules/zone.js/fesm2015/zone.js:397:34)
    at ZoneImpl.run (http://localhost:9876/_karma_webpack_/webpack:/node_modules/zone.js/fesm2015/zone.js:113:43)
[1A[2KERROR: [36m'Error loading pillars:', Error: Database initialization failed
Error: Database initialization failed
    at http://localhost:9876/_karma_webpack_/webpack:/src/app/services/sqljs.service.ts:116:13
    at Generator.throw (<anonymous>)
    at asyncGeneratorStep (http://localhost:9876/_karma_webpack_/webpack:/node_modules/@babel/runtime/helpers/esm/asyncToGenerator.js:3:1)
    at apply (http://localhost:9876/_karma_webpack_/webpack:/node_modules/@babel/runtime/helpers/esm/asyncToGenerator.js:20:1)
    at _ZoneDelegate.invoke (http://localhost:9876/_karma_webpack_/webpack:/node_modules/zone.js/fesm2015/zone.js:398:28)
    at ProxyZoneSpec.onInvoke (http://localhost:9876/_karma_webpack_/webpack:/node_modules/zone.js/fesm2015/zone-testing.js:2132:39)
    at _ZoneDelegate.invoke (http://localhost:9876/_karma_webpack_/webpack:/node_modules/zone.js/fesm2015/zone.js:397:34)
    at Object.onInvoke (http://localhost:9876/_karma_webpack_/webpack:/node_modules/@angular/core/fesm2022/core.mjs:6568:33)
    at _ZoneDelegate.invoke (http://localhost:9876/_karma_webpack_/webpack:/node_modules/zone.js/fesm2015/zone.js:397:34)
    at ZoneImpl.run (http://localhost:9876/_karma_webpack_/webpack:/node_modules/zone.js/fesm2015/zone.js:113:43)[39m
Chrome Headless 137.0.0.0 (Mac OS 10.15.7): Executed 114 of 158[32m SUCCESS[39m (0 secs / 3.322 secs)
ERROR: 'Error loading pillars:', Error: Database initialization failed
Error: Database initialization failed
    at http://localhost:9876/_karma_webpack_/webpack:/src/app/services/sqljs.service.ts:116:13
    at Generator.throw (<anonymous>)
    at asyncGeneratorStep (http://localhost:9876/_karma_webpack_/webpack:/node_modules/@babel/runtime/helpers/esm/asyncToGenerator.js:3:1)
    at apply (http://localhost:9876/_karma_webpack_/webpack:/node_modules/@babel/runtime/helpers/esm/asyncToGenerator.js:20:1)
    at _ZoneDelegate.invoke (http://localhost:9876/_karma_webpack_/webpack:/node_modules/zone.js/fesm2015/zone.js:398:28)
    at ProxyZoneSpec.onInvoke (http://localhost:9876/_karma_webpack_/webpack:/node_modules/zone.js/fesm2015/zone-testing.js:2132:39)
    at _ZoneDelegate.invoke (http://localhost:9876/_karma_webpack_/webpack:/node_modules/zone.js/fesm2015/zone.js:397:34)
    at Object.onInvoke (http://localhost:9876/_karma_webpack_/webpack:/node_modules/@angular/core/fesm2022/core.mjs:6568:33)
    at _ZoneDelegate.invoke (http://localhost:9876/_karma_webpack_/webpack:/node_modules/zone.js/fesm2015/zone.js:397:34)
    at ZoneImpl.run (http://localhost:9876/_karma_webpack_/webpack:/node_modules/zone.js/fesm2015/zone.js:113:43)
[1A[2KERROR: [36m'Failed to initialize SQL.js service:', Error: both async and sync fetching of the wasm failed
Error: both async and sync fetching of the wasm failed
    at Object.Module.onAbort (http://localhost:9876/_karma_webpack_/webpack:/node_modules/sql.js/dist/sql-wasm.js:40:20)
    at Ta (http://localhost:9876/_karma_webpack_/webpack:/node_modules/sql.js/dist/sql-wasm.js:97:376)
    at http://localhost:9876/_karma_webpack_/webpack:/node_modules/sql.js/dist/sql-wasm.js:98:351
    at Generator.throw (<anonymous>)
    at asyncGeneratorStep (http://localhost:9876/_karma_webpack_/webpack:/node_modules/@babel/runtime/helpers/asyncToGenerator.js:3:1)
    at apply (http://localhost:9876/_karma_webpack_/webpack:/node_modules/@babel/runtime/helpers/asyncToGenerator.js:20:1)
    at _ZoneDelegate.invoke (http://localhost:9876/_karma_webpack_/webpack:/node_modules/zone.js/fesm2015/zone.js:398:28)
    at ProxyZoneSpec.onInvoke (http://localhost:9876/_karma_webpack_/webpack:/node_modules/zone.js/fesm2015/zone-testing.js:2132:39)
    at _ZoneDelegate.invoke (http://localhost:9876/_karma_webpack_/webpack:/node_modules/zone.js/fesm2015/zone.js:397:34)
    at Object.onInvoke (http://localhost:9876/_karma_webpack_/webpack:/node_modules/@angular/core/fesm2022/core.mjs:6568:33)[39m
Chrome Headless 137.0.0.0 (Mac OS 10.15.7): Executed 114 of 158[32m SUCCESS[39m (0 secs / 3.322 secs)
ERROR: 'Failed to initialize SQL.js service:', Error: both async and sync fetching of the wasm failed
Error: both async and sync fetching of the wasm failed
    at Object.Module.onAbort (http://localhost:9876/_karma_webpack_/webpack:/node_modules/sql.js/dist/sql-wasm.js:40:20)
    at Ta (http://localhost:9876/_karma_webpack_/webpack:/node_modules/sql.js/dist/sql-wasm.js:97:376)
    at http://localhost:9876/_karma_webpack_/webpack:/node_modules/sql.js/dist/sql-wasm.js:98:351
    at Generator.throw (<anonymous>)
    at asyncGeneratorStep (http://localhost:9876/_karma_webpack_/webpack:/node_modules/@babel/runtime/helpers/asyncToGenerator.js:3:1)
    at apply (http://localhost:9876/_karma_webpack_/webpack:/node_modules/@babel/runtime/helpers/asyncToGenerator.js:20:1)
    at _ZoneDelegate.invoke (http://localhost:9876/_karma_webpack_/webpack:/node_modules/zone.js/fesm2015/zone.js:398:28)
    at ProxyZoneSpec.onInvoke (http://localhost:9876/_karma_webpack_/webpack:/node_modules/zone.js/fesm2015/zone-testing.js:2132:39)
    at _ZoneDelegate.invoke (http://localhost:9876/_karma_webpack_/webpack:/node_modules/zone.js/fesm2015/zone.js:397:34)
    at Object.onInvoke (http://localhost:9876/_karma_webpack_/webpack:/node_modules/@angular/core/fesm2022/core.mjs:6568:33)
[1A[2KERROR: [36m'Failed to initialize SQL.js service:', Error: both async and sync fetching of the wasm failed
Error: both async and sync fetching of the wasm failed
    at Object.Module.onAbort (http://localhost:9876/_karma_webpack_/webpack:/node_modules/sql.js/dist/sql-wasm.js:40:20)
    at Ta (http://localhost:9876/_karma_webpack_/webpack:/node_modules/sql.js/dist/sql-wasm.js:97:376)
    at http://localhost:9876/_karma_webpack_/webpack:/node_modules/sql.js/dist/sql-wasm.js:98:351
    at Generator.throw (<anonymous>)
    at asyncGeneratorStep (http://localhost:9876/_karma_webpack_/webpack:/node_modules/@babel/runtime/helpers/asyncToGenerator.js:3:1)
    at apply (http://localhost:9876/_karma_webpack_/webpack:/node_modules/@babel/runtime/helpers/asyncToGenerator.js:20:1)
    at _ZoneDelegate.invoke (http://localhost:9876/_karma_webpack_/webpack:/node_modules/zone.js/fesm2015/zone.js:398:28)
    at ProxyZoneSpec.onInvoke (http://localhost:9876/_karma_webpack_/webpack:/node_modules/zone.js/fesm2015/zone-testing.js:2132:39)
    at _ZoneDelegate.invoke (http://localhost:9876/_karma_webpack_/webpack:/node_modules/zone.js/fesm2015/zone.js:397:34)
    at Object.onInvoke (http://localhost:9876/_karma_webpack_/webpack:/node_modules/@angular/core/fesm2022/core.mjs:6568:33)[39m
Chrome Headless 137.0.0.0 (Mac OS 10.15.7): Executed 114 of 158[32m SUCCESS[39m (0 secs / 3.322 secs)
ERROR: 'Failed to initialize SQL.js service:', Error: both async and sync fetching of the wasm failed
Error: both async and sync fetching of the wasm failed
    at Object.Module.onAbort (http://localhost:9876/_karma_webpack_/webpack:/node_modules/sql.js/dist/sql-wasm.js:40:20)
    at Ta (http://localhost:9876/_karma_webpack_/webpack:/node_modules/sql.js/dist/sql-wasm.js:97:376)
    at http://localhost:9876/_karma_webpack_/webpack:/node_modules/sql.js/dist/sql-wasm.js:98:351
    at Generator.throw (<anonymous>)
    at asyncGeneratorStep (http://localhost:9876/_karma_webpack_/webpack:/node_modules/@babel/runtime/helpers/asyncToGenerator.js:3:1)
    at apply (http://localhost:9876/_karma_webpack_/webpack:/node_modules/@babel/runtime/helpers/asyncToGenerator.js:20:1)
    at _ZoneDelegate.invoke (http://localhost:9876/_karma_webpack_/webpack:/node_modules/zone.js/fesm2015/zone.js:398:28)
    at ProxyZoneSpec.onInvoke (http://localhost:9876/_karma_webpack_/webpack:/node_modules/zone.js/fesm2015/zone-testing.js:2132:39)
    at _ZoneDelegate.invoke (http://localhost:9876/_karma_webpack_/webpack:/node_modules/zone.js/fesm2015/zone.js:397:34)
    at Object.onInvoke (http://localhost:9876/_karma_webpack_/webpack:/node_modules/@angular/core/fesm2022/core.mjs:6568:33)
[1A[2KERROR: [36m'Error getting data statistics:', Error: Database initialization failed
Error: Database initialization failed
    at http://localhost:9876/_karma_webpack_/webpack:/src/app/services/sqljs.service.ts:116:13
    at Generator.throw (<anonymous>)
    at asyncGeneratorStep (http://localhost:9876/_karma_webpack_/webpack:/node_modules/@babel/runtime/helpers/esm/asyncToGenerator.js:3:1)
    at apply (http://localhost:9876/_karma_webpack_/webpack:/node_modules/@babel/runtime/helpers/esm/asyncToGenerator.js:20:1)
    at _ZoneDelegate.invoke (http://localhost:9876/_karma_webpack_/webpack:/node_modules/zone.js/fesm2015/zone.js:398:28)
    at ProxyZoneSpec.onInvoke (http://localhost:9876/_karma_webpack_/webpack:/node_modules/zone.js/fesm2015/zone-testing.js:2132:39)
    at _ZoneDelegate.invoke (http://localhost:9876/_karma_webpack_/webpack:/node_modules/zone.js/fesm2015/zone.js:397:34)
    at Object.onInvoke (http://localhost:9876/_karma_webpack_/webpack:/node_modules/@angular/core/fesm2022/core.mjs:6568:33)
    at _ZoneDelegate.invoke (http://localhost:9876/_karma_webpack_/webpack:/node_modules/zone.js/fesm2015/zone.js:397:34)
    at ZoneImpl.run (http://localhost:9876/_karma_webpack_/webpack:/node_modules/zone.js/fesm2015/zone.js:113:43)[39m
Chrome Headless 137.0.0.0 (Mac OS 10.15.7): Executed 114 of 158[32m SUCCESS[39m (0 secs / 3.322 secs)
ERROR: 'Error getting data statistics:', Error: Database initialization failed
Error: Database initialization failed
    at http://localhost:9876/_karma_webpack_/webpack:/src/app/services/sqljs.service.ts:116:13
    at Generator.throw (<anonymous>)
    at asyncGeneratorStep (http://localhost:9876/_karma_webpack_/webpack:/node_modules/@babel/runtime/helpers/esm/asyncToGenerator.js:3:1)
    at apply (http://localhost:9876/_karma_webpack_/webpack:/node_modules/@babel/runtime/helpers/esm/asyncToGenerator.js:20:1)
    at _ZoneDelegate.invoke (http://localhost:9876/_karma_webpack_/webpack:/node_modules/zone.js/fesm2015/zone.js:398:28)
    at ProxyZoneSpec.onInvoke (http://localhost:9876/_karma_webpack_/webpack:/node_modules/zone.js/fesm2015/zone-testing.js:2132:39)
    at _ZoneDelegate.invoke (http://localhost:9876/_karma_webpack_/webpack:/node_modules/zone.js/fesm2015/zone.js:397:34)
    at Object.onInvoke (http://localhost:9876/_karma_webpack_/webpack:/node_modules/@angular/core/fesm2022/core.mjs:6568:33)
    at _ZoneDelegate.invoke (http://localhost:9876/_karma_webpack_/webpack:/node_modules/zone.js/fesm2015/zone.js:397:34)
    at ZoneImpl.run (http://localhost:9876/_karma_webpack_/webpack:/node_modules/zone.js/fesm2015/zone.js:113:43)
[1A[2KERROR: [36m'Failed to initialize SQL.js service:', Error: both async and sync fetching of the wasm failed
Error: both async and sync fetching of the wasm failed
    at Object.Module.onAbort (http://localhost:9876/_karma_webpack_/webpack:/node_modules/sql.js/dist/sql-wasm.js:40:20)
    at Ta (http://localhost:9876/_karma_webpack_/webpack:/node_modules/sql.js/dist/sql-wasm.js:97:376)
    at http://localhost:9876/_karma_webpack_/webpack:/node_modules/sql.js/dist/sql-wasm.js:98:351
    at Generator.throw (<anonymous>)
    at asyncGeneratorStep (http://localhost:9876/_karma_webpack_/webpack:/node_modules/@babel/runtime/helpers/asyncToGenerator.js:3:1)
    at apply (http://localhost:9876/_karma_webpack_/webpack:/node_modules/@babel/runtime/helpers/asyncToGenerator.js:20:1)
    at _ZoneDelegate.invoke (http://localhost:9876/_karma_webpack_/webpack:/node_modules/zone.js/fesm2015/zone.js:398:28)
    at ProxyZoneSpec.onInvoke (http://localhost:9876/_karma_webpack_/webpack:/node_modules/zone.js/fesm2015/zone-testing.js:2132:39)
    at _ZoneDelegate.invoke (http://localhost:9876/_karma_webpack_/webpack:/node_modules/zone.js/fesm2015/zone.js:397:34)
    at Object.onInvoke (http://localhost:9876/_karma_webpack_/webpack:/node_modules/@angular/core/fesm2022/core.mjs:6568:33)[39m
Chrome Headless 137.0.0.0 (Mac OS 10.15.7): Executed 114 of 158[32m SUCCESS[39m (0 secs / 3.322 secs)
ERROR: 'Failed to initialize SQL.js service:', Error: both async and sync fetching of the wasm failed
Error: both async and sync fetching of the wasm failed
    at Object.Module.onAbort (http://localhost:9876/_karma_webpack_/webpack:/node_modules/sql.js/dist/sql-wasm.js:40:20)
    at Ta (http://localhost:9876/_karma_webpack_/webpack:/node_modules/sql.js/dist/sql-wasm.js:97:376)
    at http://localhost:9876/_karma_webpack_/webpack:/node_modules/sql.js/dist/sql-wasm.js:98:351
    at Generator.throw (<anonymous>)
    at asyncGeneratorStep (http://localhost:9876/_karma_webpack_/webpack:/node_modules/@babel/runtime/helpers/asyncToGenerator.js:3:1)
    at apply (http://localhost:9876/_karma_webpack_/webpack:/node_modules/@babel/runtime/helpers/asyncToGenerator.js:20:1)
    at _ZoneDelegate.invoke (http://localhost:9876/_karma_webpack_/webpack:/node_modules/zone.js/fesm2015/zone.js:398:28)
    at ProxyZoneSpec.onInvoke (http://localhost:9876/_karma_webpack_/webpack:/node_modules/zone.js/fesm2015/zone-testing.js:2132:39)
    at _ZoneDelegate.invoke (http://localhost:9876/_karma_webpack_/webpack:/node_modules/zone.js/fesm2015/zone.js:397:34)
    at Object.onInvoke (http://localhost:9876/_karma_webpack_/webpack:/node_modules/@angular/core/fesm2022/core.mjs:6568:33)
[1A[2KERROR: [36m'Error loading function capabilities:', Error: Database initialization failed
Error: Database initialization failed
    at http://localhost:9876/_karma_webpack_/webpack:/src/app/services/sqljs.service.ts:116:13
    at Generator.throw (<anonymous>)
    at asyncGeneratorStep (http://localhost:9876/_karma_webpack_/webpack:/node_modules/@babel/runtime/helpers/esm/asyncToGenerator.js:3:1)
    at apply (http://localhost:9876/_karma_webpack_/webpack:/node_modules/@babel/runtime/helpers/esm/asyncToGenerator.js:20:1)
    at _ZoneDelegate.invoke (http://localhost:9876/_karma_webpack_/webpack:/node_modules/zone.js/fesm2015/zone.js:398:28)
    at ProxyZoneSpec.onInvoke (http://localhost:9876/_karma_webpack_/webpack:/node_modules/zone.js/fesm2015/zone-testing.js:2132:39)
    at _ZoneDelegate.invoke (http://localhost:9876/_karma_webpack_/webpack:/node_modules/zone.js/fesm2015/zone.js:397:34)
    at Object.onInvoke (http://localhost:9876/_karma_webpack_/webpack:/node_modules/@angular/core/fesm2022/core.mjs:6568:33)
    at _ZoneDelegate.invoke (http://localhost:9876/_karma_webpack_/webpack:/node_modules/zone.js/fesm2015/zone.js:397:34)
    at ZoneImpl.run (http://localhost:9876/_karma_webpack_/webpack:/node_modules/zone.js/fesm2015/zone.js:113:43)[39m
Chrome Headless 137.0.0.0 (Mac OS 10.15.7): Executed 114 of 158[32m SUCCESS[39m (0 secs / 3.322 secs)
ERROR: 'Error loading function capabilities:', Error: Database initialization failed
Error: Database initialization failed
    at http://localhost:9876/_karma_webpack_/webpack:/src/app/services/sqljs.service.ts:116:13
    at Generator.throw (<anonymous>)
    at asyncGeneratorStep (http://localhost:9876/_karma_webpack_/webpack:/node_modules/@babel/runtime/helpers/esm/asyncToGenerator.js:3:1)
    at apply (http://localhost:9876/_karma_webpack_/webpack:/node_modules/@babel/runtime/helpers/esm/asyncToGenerator.js:20:1)
    at _ZoneDelegate.invoke (http://localhost:9876/_karma_webpack_/webpack:/node_modules/zone.js/fesm2015/zone.js:398:28)
    at ProxyZoneSpec.onInvoke (http://localhost:9876/_karma_webpack_/webpack:/node_modules/zone.js/fesm2015/zone-testing.js:2132:39)
    at _ZoneDelegate.invoke (http://localhost:9876/_karma_webpack_/webpack:/node_modules/zone.js/fesm2015/zone.js:397:34)
    at Object.onInvoke (http://localhost:9876/_karma_webpack_/webpack:/node_modules/@angular/core/fesm2022/core.mjs:6568:33)
    at _ZoneDelegate.invoke (http://localhost:9876/_karma_webpack_/webpack:/node_modules/zone.js/fesm2015/zone.js:397:34)
    at ZoneImpl.run (http://localhost:9876/_karma_webpack_/webpack:/node_modules/zone.js/fesm2015/zone.js:113:43)
[1A[2KERROR: [36m'Error loading pillars:', Error: Database initialization failed
Error: Database initialization failed
    at http://localhost:9876/_karma_webpack_/webpack:/src/app/services/sqljs.service.ts:116:13
    at Generator.throw (<anonymous>)
    at asyncGeneratorStep (http://localhost:9876/_karma_webpack_/webpack:/node_modules/@babel/runtime/helpers/esm/asyncToGenerator.js:3:1)
    at apply (http://localhost:9876/_karma_webpack_/webpack:/node_modules/@babel/runtime/helpers/esm/asyncToGenerator.js:20:1)
    at _ZoneDelegate.invoke (http://localhost:9876/_karma_webpack_/webpack:/node_modules/zone.js/fesm2015/zone.js:398:28)
    at ProxyZoneSpec.onInvoke (http://localhost:9876/_karma_webpack_/webpack:/node_modules/zone.js/fesm2015/zone-testing.js:2132:39)
    at _ZoneDelegate.invoke (http://localhost:9876/_karma_webpack_/webpack:/node_modules/zone.js/fesm2015/zone.js:397:34)
    at Object.onInvoke (http://localhost:9876/_karma_webpack_/webpack:/node_modules/@angular/core/fesm2022/core.mjs:6568:33)
    at _ZoneDelegate.invoke (http://localhost:9876/_karma_webpack_/webpack:/node_modules/zone.js/fesm2015/zone.js:397:34)
    at ZoneImpl.run (http://localhost:9876/_karma_webpack_/webpack:/node_modules/zone.js/fesm2015/zone.js:113:43)[39m
Chrome Headless 137.0.0.0 (Mac OS 10.15.7): Executed 114 of 158[32m SUCCESS[39m (0 secs / 3.322 secs)
ERROR: 'Error loading pillars:', Error: Database initialization failed
Error: Database initialization failed
    at http://localhost:9876/_karma_webpack_/webpack:/src/app/services/sqljs.service.ts:116:13
    at Generator.throw (<anonymous>)
    at asyncGeneratorStep (http://localhost:9876/_karma_webpack_/webpack:/node_modules/@babel/runtime/helpers/esm/asyncToGenerator.js:3:1)
    at apply (http://localhost:9876/_karma_webpack_/webpack:/node_modules/@babel/runtime/helpers/esm/asyncToGenerator.js:20:1)
    at _ZoneDelegate.invoke (http://localhost:9876/_karma_webpack_/webpack:/node_modules/zone.js/fesm2015/zone.js:398:28)
    at ProxyZoneSpec.onInvoke (http://localhost:9876/_karma_webpack_/webpack:/node_modules/zone.js/fesm2015/zone-testing.js:2132:39)
    at _ZoneDelegate.invoke (http://localhost:9876/_karma_webpack_/webpack:/node_modules/zone.js/fesm2015/zone.js:397:34)
    at Object.onInvoke (http://localhost:9876/_karma_webpack_/webpack:/node_modules/@angular/core/fesm2022/core.mjs:6568:33)
    at _ZoneDelegate.invoke (http://localhost:9876/_karma_webpack_/webpack:/node_modules/zone.js/fesm2015/zone.js:397:34)
    at ZoneImpl.run (http://localhost:9876/_karma_webpack_/webpack:/node_modules/zone.js/fesm2015/zone.js:113:43)
[1A[2KERROR: [36m'Error loading function capabilities:', Error: Database initialization failed
Error: Database initialization failed
    at http://localhost:9876/_karma_webpack_/webpack:/src/app/services/sqljs.service.ts:116:13
    at Generator.throw (<anonymous>)
    at asyncGeneratorStep (http://localhost:9876/_karma_webpack_/webpack:/node_modules/@babel/runtime/helpers/esm/asyncToGenerator.js:3:1)
    at apply (http://localhost:9876/_karma_webpack_/webpack:/node_modules/@babel/runtime/helpers/esm/asyncToGenerator.js:20:1)
    at _ZoneDelegate.invoke (http://localhost:9876/_karma_webpack_/webpack:/node_modules/zone.js/fesm2015/zone.js:398:28)
    at ProxyZoneSpec.onInvoke (http://localhost:9876/_karma_webpack_/webpack:/node_modules/zone.js/fesm2015/zone-testing.js:2132:39)
    at _ZoneDelegate.invoke (http://localhost:9876/_karma_webpack_/webpack:/node_modules/zone.js/fesm2015/zone.js:397:34)
    at Object.onInvoke (http://localhost:9876/_karma_webpack_/webpack:/node_modules/@angular/core/fesm2022/core.mjs:6568:33)
    at _ZoneDelegate.invoke (http://localhost:9876/_karma_webpack_/webpack:/node_modules/zone.js/fesm2015/zone.js:397:34)
    at ZoneImpl.run (http://localhost:9876/_karma_webpack_/webpack:/node_modules/zone.js/fesm2015/zone.js:113:43)[39m
Chrome Headless 137.0.0.0 (Mac OS 10.15.7): Executed 114 of 158[32m SUCCESS[39m (0 secs / 3.322 secs)
ERROR: 'Error loading function capabilities:', Error: Database initialization failed
Error: Database initialization failed
    at http://localhost:9876/_karma_webpack_/webpack:/src/app/services/sqljs.service.ts:116:13
    at Generator.throw (<anonymous>)
    at asyncGeneratorStep (http://localhost:9876/_karma_webpack_/webpack:/node_modules/@babel/runtime/helpers/esm/asyncToGenerator.js:3:1)
    at apply (http://localhost:9876/_karma_webpack_/webpack:/node_modules/@babel/runtime/helpers/esm/asyncToGenerator.js:20:1)
    at _ZoneDelegate.invoke (http://localhost:9876/_karma_webpack_/webpack:/node_modules/zone.js/fesm2015/zone.js:398:28)
    at ProxyZoneSpec.onInvoke (http://localhost:9876/_karma_webpack_/webpack:/node_modules/zone.js/fesm2015/zone-testing.js:2132:39)
    at _ZoneDelegate.invoke (http://localhost:9876/_karma_webpack_/webpack:/node_modules/zone.js/fesm2015/zone.js:397:34)
    at Object.onInvoke (http://localhost:9876/_karma_webpack_/webpack:/node_modules/@angular/core/fesm2022/core.mjs:6568:33)
    at _ZoneDelegate.invoke (http://localhost:9876/_karma_webpack_/webpack:/node_modules/zone.js/fesm2015/zone.js:397:34)
    at ZoneImpl.run (http://localhost:9876/_karma_webpack_/webpack:/node_modules/zone.js/fesm2015/zone.js:113:43)
[1A[2KERROR: [36m'Failed to initialize SQL.js service:', Error: both async and sync fetching of the wasm failed
Error: both async and sync fetching of the wasm failed
    at Object.Module.onAbort (http://localhost:9876/_karma_webpack_/webpack:/node_modules/sql.js/dist/sql-wasm.js:40:20)
    at Ta (http://localhost:9876/_karma_webpack_/webpack:/node_modules/sql.js/dist/sql-wasm.js:97:376)
    at http://localhost:9876/_karma_webpack_/webpack:/node_modules/sql.js/dist/sql-wasm.js:98:351
    at Generator.throw (<anonymous>)
    at asyncGeneratorStep (http://localhost:9876/_karma_webpack_/webpack:/node_modules/@babel/runtime/helpers/asyncToGenerator.js:3:1)
    at apply (http://localhost:9876/_karma_webpack_/webpack:/node_modules/@babel/runtime/helpers/asyncToGenerator.js:20:1)
    at _ZoneDelegate.invoke (http://localhost:9876/_karma_webpack_/webpack:/node_modules/zone.js/fesm2015/zone.js:398:28)
    at ProxyZoneSpec.onInvoke (http://localhost:9876/_karma_webpack_/webpack:/node_modules/zone.js/fesm2015/zone-testing.js:2132:39)
    at _ZoneDelegate.invoke (http://localhost:9876/_karma_webpack_/webpack:/node_modules/zone.js/fesm2015/zone.js:397:34)
    at Object.onInvoke (http://localhost:9876/_karma_webpack_/webpack:/node_modules/@angular/core/fesm2022/core.mjs:6568:33)[39m
Chrome Headless 137.0.0.0 (Mac OS 10.15.7): Executed 114 of 158[32m SUCCESS[39m (0 secs / 3.322 secs)
ERROR: 'Failed to initialize SQL.js service:', Error: both async and sync fetching of the wasm failed
Error: both async and sync fetching of the wasm failed
    at Object.Module.onAbort (http://localhost:9876/_karma_webpack_/webpack:/node_modules/sql.js/dist/sql-wasm.js:40:20)
    at Ta (http://localhost:9876/_karma_webpack_/webpack:/node_modules/sql.js/dist/sql-wasm.js:97:376)
    at http://localhost:9876/_karma_webpack_/webpack:/node_modules/sql.js/dist/sql-wasm.js:98:351
    at Generator.throw (<anonymous>)
    at asyncGeneratorStep (http://localhost:9876/_karma_webpack_/webpack:/node_modules/@babel/runtime/helpers/asyncToGenerator.js:3:1)
    at apply (http://localhost:9876/_karma_webpack_/webpack:/node_modules/@babel/runtime/helpers/asyncToGenerator.js:20:1)
    at _ZoneDelegate.invoke (http://localhost:9876/_karma_webpack_/webpack:/node_modules/zone.js/fesm2015/zone.js:398:28)
    at ProxyZoneSpec.onInvoke (http://localhost:9876/_karma_webpack_/webpack:/node_modules/zone.js/fesm2015/zone-testing.js:2132:39)
    at _ZoneDelegate.invoke (http://localhost:9876/_karma_webpack_/webpack:/node_modules/zone.js/fesm2015/zone.js:397:34)
    at Object.onInvoke (http://localhost:9876/_karma_webpack_/webpack:/node_modules/@angular/core/fesm2022/core.mjs:6568:33)
[1A[2KERROR: [36m'Failed to initialize SQL.js service:', Error: both async and sync fetching of the wasm failed
Error: both async and sync fetching of the wasm failed
    at Object.Module.onAbort (http://localhost:9876/_karma_webpack_/webpack:/node_modules/sql.js/dist/sql-wasm.js:40:20)
    at Ta (http://localhost:9876/_karma_webpack_/webpack:/node_modules/sql.js/dist/sql-wasm.js:97:376)
    at http://localhost:9876/_karma_webpack_/webpack:/node_modules/sql.js/dist/sql-wasm.js:98:351
    at Generator.throw (<anonymous>)
    at asyncGeneratorStep (http://localhost:9876/_karma_webpack_/webpack:/node_modules/@babel/runtime/helpers/asyncToGenerator.js:3:1)
    at apply (http://localhost:9876/_karma_webpack_/webpack:/node_modules/@babel/runtime/helpers/asyncToGenerator.js:20:1)
    at _ZoneDelegate.invoke (http://localhost:9876/_karma_webpack_/webpack:/node_modules/zone.js/fesm2015/zone.js:398:28)
    at ProxyZoneSpec.onInvoke (http://localhost:9876/_karma_webpack_/webpack:/node_modules/zone.js/fesm2015/zone-testing.js:2132:39)
    at _ZoneDelegate.invoke (http://localhost:9876/_karma_webpack_/webpack:/node_modules/zone.js/fesm2015/zone.js:397:34)
    at Object.onInvoke (http://localhost:9876/_karma_webpack_/webpack:/node_modules/@angular/core/fesm2022/core.mjs:6568:33)[39m
Chrome Headless 137.0.0.0 (Mac OS 10.15.7): Executed 114 of 158[32m SUCCESS[39m (0 secs / 3.322 secs)
ERROR: 'Failed to initialize SQL.js service:', Error: both async and sync fetching of the wasm failed
Error: both async and sync fetching of the wasm failed
    at Object.Module.onAbort (http://localhost:9876/_karma_webpack_/webpack:/node_modules/sql.js/dist/sql-wasm.js:40:20)
    at Ta (http://localhost:9876/_karma_webpack_/webpack:/node_modules/sql.js/dist/sql-wasm.js:97:376)
    at http://localhost:9876/_karma_webpack_/webpack:/node_modules/sql.js/dist/sql-wasm.js:98:351
    at Generator.throw (<anonymous>)
    at asyncGeneratorStep (http://localhost:9876/_karma_webpack_/webpack:/node_modules/@babel/runtime/helpers/asyncToGenerator.js:3:1)
    at apply (http://localhost:9876/_karma_webpack_/webpack:/node_modules/@babel/runtime/helpers/asyncToGenerator.js:20:1)
    at _ZoneDelegate.invoke (http://localhost:9876/_karma_webpack_/webpack:/node_modules/zone.js/fesm2015/zone.js:398:28)
    at ProxyZoneSpec.onInvoke (http://localhost:9876/_karma_webpack_/webpack:/node_modules/zone.js/fesm2015/zone-testing.js:2132:39)
    at _ZoneDelegate.invoke (http://localhost:9876/_karma_webpack_/webpack:/node_modules/zone.js/fesm2015/zone.js:397:34)
    at Object.onInvoke (http://localhost:9876/_karma_webpack_/webpack:/node_modules/@angular/core/fesm2022/core.mjs:6568:33)
[1A[2KERROR: [36m'Failed to initialize SQL.js service:', Error: both async and sync fetching of the wasm failed
Error: both async and sync fetching of the wasm failed
    at Object.Module.onAbort (http://localhost:9876/_karma_webpack_/webpack:/node_modules/sql.js/dist/sql-wasm.js:40:20)
    at Ta (http://localhost:9876/_karma_webpack_/webpack:/node_modules/sql.js/dist/sql-wasm.js:97:376)
    at http://localhost:9876/_karma_webpack_/webpack:/node_modules/sql.js/dist/sql-wasm.js:98:351
    at Generator.throw (<anonymous>)
    at asyncGeneratorStep (http://localhost:9876/_karma_webpack_/webpack:/node_modules/@babel/runtime/helpers/asyncToGenerator.js:3:1)
    at apply (http://localhost:9876/_karma_webpack_/webpack:/node_modules/@babel/runtime/helpers/asyncToGenerator.js:20:1)
    at _ZoneDelegate.invoke (http://localhost:9876/_karma_webpack_/webpack:/node_modules/zone.js/fesm2015/zone.js:398:28)
    at ProxyZoneSpec.onInvoke (http://localhost:9876/_karma_webpack_/webpack:/node_modules/zone.js/fesm2015/zone-testing.js:2132:39)
    at _ZoneDelegate.invoke (http://localhost:9876/_karma_webpack_/webpack:/node_modules/zone.js/fesm2015/zone.js:397:34)
    at Object.onInvoke (http://localhost:9876/_karma_webpack_/webpack:/node_modules/@angular/core/fesm2022/core.mjs:6568:33)[39m
Chrome Headless 137.0.0.0 (Mac OS 10.15.7): Executed 114 of 158[32m SUCCESS[39m (0 secs / 3.322 secs)
ERROR: 'Failed to initialize SQL.js service:', Error: both async and sync fetching of the wasm failed
Error: both async and sync fetching of the wasm failed
    at Object.Module.onAbort (http://localhost:9876/_karma_webpack_/webpack:/node_modules/sql.js/dist/sql-wasm.js:40:20)
    at Ta (http://localhost:9876/_karma_webpack_/webpack:/node_modules/sql.js/dist/sql-wasm.js:97:376)
    at http://localhost:9876/_karma_webpack_/webpack:/node_modules/sql.js/dist/sql-wasm.js:98:351
    at Generator.throw (<anonymous>)
    at asyncGeneratorStep (http://localhost:9876/_karma_webpack_/webpack:/node_modules/@babel/runtime/helpers/asyncToGenerator.js:3:1)
    at apply (http://localhost:9876/_karma_webpack_/webpack:/node_modules/@babel/runtime/helpers/asyncToGenerator.js:20:1)
    at _ZoneDelegate.invoke (http://localhost:9876/_karma_webpack_/webpack:/node_modules/zone.js/fesm2015/zone.js:398:28)
    at ProxyZoneSpec.onInvoke (http://localhost:9876/_karma_webpack_/webpack:/node_modules/zone.js/fesm2015/zone-testing.js:2132:39)
    at _ZoneDelegate.invoke (http://localhost:9876/_karma_webpack_/webpack:/node_modules/zone.js/fesm2015/zone.js:397:34)
    at Object.onInvoke (http://localhost:9876/_karma_webpack_/webpack:/node_modules/@angular/core/fesm2022/core.mjs:6568:33)
[1A[2KERROR: [36m'Error loading maturity stages:', Error: Database initialization failed
Error: Database initialization failed
    at http://localhost:9876/_karma_webpack_/webpack:/src/app/services/sqljs.service.ts:116:13
    at Generator.throw (<anonymous>)
    at asyncGeneratorStep (http://localhost:9876/_karma_webpack_/webpack:/node_modules/@babel/runtime/helpers/esm/asyncToGenerator.js:3:1)
    at apply (http://localhost:9876/_karma_webpack_/webpack:/node_modules/@babel/runtime/helpers/esm/asyncToGenerator.js:20:1)
    at _ZoneDelegate.invoke (http://localhost:9876/_karma_webpack_/webpack:/node_modules/zone.js/fesm2015/zone.js:398:28)
    at ProxyZoneSpec.onInvoke (http://localhost:9876/_karma_webpack_/webpack:/node_modules/zone.js/fesm2015/zone-testing.js:2132:39)
    at _ZoneDelegate.invoke (http://localhost:9876/_karma_webpack_/webpack:/node_modules/zone.js/fesm2015/zone.js:397:34)
    at Object.onInvoke (http://localhost:9876/_karma_webpack_/webpack:/node_modules/@angular/core/fesm2022/core.mjs:6568:33)
    at _ZoneDelegate.invoke (http://localhost:9876/_karma_webpack_/webpack:/node_modules/zone.js/fesm2015/zone.js:397:34)
    at ZoneImpl.run (http://localhost:9876/_karma_webpack_/webpack:/node_modules/zone.js/fesm2015/zone.js:113:43)[39m
Chrome Headless 137.0.0.0 (Mac OS 10.15.7): Executed 114 of 158[32m SUCCESS[39m (0 secs / 3.322 secs)
ERROR: 'Error loading maturity stages:', Error: Database initialization failed
Error: Database initialization failed
    at http://localhost:9876/_karma_webpack_/webpack:/src/app/services/sqljs.service.ts:116:13
    at Generator.throw (<anonymous>)
    at asyncGeneratorStep (http://localhost:9876/_karma_webpack_/webpack:/node_modules/@babel/runtime/helpers/esm/asyncToGenerator.js:3:1)
    at apply (http://localhost:9876/_karma_webpack_/webpack:/node_modules/@babel/runtime/helpers/esm/asyncToGenerator.js:20:1)
    at _ZoneDelegate.invoke (http://localhost:9876/_karma_webpack_/webpack:/node_modules/zone.js/fesm2015/zone.js:398:28)
    at ProxyZoneSpec.onInvoke (http://localhost:9876/_karma_webpack_/webpack:/node_modules/zone.js/fesm2015/zone-testing.js:2132:39)
    at _ZoneDelegate.invoke (http://localhost:9876/_karma_webpack_/webpack:/node_modules/zone.js/fesm2015/zone.js:397:34)
    at Object.onInvoke (http://localhost:9876/_karma_webpack_/webpack:/node_modules/@angular/core/fesm2022/core.mjs:6568:33)
    at _ZoneDelegate.invoke (http://localhost:9876/_karma_webpack_/webpack:/node_modules/zone.js/fesm2015/zone.js:397:34)
    at ZoneImpl.run (http://localhost:9876/_karma_webpack_/webpack:/node_modules/zone.js/fesm2015/zone.js:113:43)
[1A[2KERROR: [36m'Error loading function capabilities:', Error: Database initialization failed
Error: Database initialization failed
    at http://localhost:9876/_karma_webpack_/webpack:/src/app/services/sqljs.service.ts:116:13
    at Generator.throw (<anonymous>)
    at asyncGeneratorStep (http://localhost:9876/_karma_webpack_/webpack:/node_modules/@babel/runtime/helpers/esm/asyncToGenerator.js:3:1)
    at apply (http://localhost:9876/_karma_webpack_/webpack:/node_modules/@babel/runtime/helpers/esm/asyncToGenerator.js:20:1)
    at _ZoneDelegate.invoke (http://localhost:9876/_karma_webpack_/webpack:/node_modules/zone.js/fesm2015/zone.js:398:28)
    at ProxyZoneSpec.onInvoke (http://localhost:9876/_karma_webpack_/webpack:/node_modules/zone.js/fesm2015/zone-testing.js:2132:39)
    at _ZoneDelegate.invoke (http://localhost:9876/_karma_webpack_/webpack:/node_modules/zone.js/fesm2015/zone.js:397:34)
    at Object.onInvoke (http://localhost:9876/_karma_webpack_/webpack:/node_modules/@angular/core/fesm2022/core.mjs:6568:33)
    at _ZoneDelegate.invoke (http://localhost:9876/_karma_webpack_/webpack:/node_modules/zone.js/fesm2015/zone.js:397:34)
    at ZoneImpl.run (http://localhost:9876/_karma_webpack_/webpack:/node_modules/zone.js/fesm2015/zone.js:113:43)[39m
Chrome Headless 137.0.0.0 (Mac OS 10.15.7): Executed 114 of 158[32m SUCCESS[39m (0 secs / 3.322 secs)
ERROR: 'Error loading function capabilities:', Error: Database initialization failed
Error: Database initialization failed
    at http://localhost:9876/_karma_webpack_/webpack:/src/app/services/sqljs.service.ts:116:13
    at Generator.throw (<anonymous>)
    at asyncGeneratorStep (http://localhost:9876/_karma_webpack_/webpack:/node_modules/@babel/runtime/helpers/esm/asyncToGenerator.js:3:1)
    at apply (http://localhost:9876/_karma_webpack_/webpack:/node_modules/@babel/runtime/helpers/esm/asyncToGenerator.js:20:1)
    at _ZoneDelegate.invoke (http://localhost:9876/_karma_webpack_/webpack:/node_modules/zone.js/fesm2015/zone.js:398:28)
    at ProxyZoneSpec.onInvoke (http://localhost:9876/_karma_webpack_/webpack:/node_modules/zone.js/fesm2015/zone-testing.js:2132:39)
    at _ZoneDelegate.invoke (http://localhost:9876/_karma_webpack_/webpack:/node_modules/zone.js/fesm2015/zone.js:397:34)
    at Object.onInvoke (http://localhost:9876/_karma_webpack_/webpack:/node_modules/@angular/core/fesm2022/core.mjs:6568:33)
    at _ZoneDelegate.invoke (http://localhost:9876/_karma_webpack_/webpack:/node_modules/zone.js/fesm2015/zone.js:397:34)
    at ZoneImpl.run (http://localhost:9876/_karma_webpack_/webpack:/node_modules/zone.js/fesm2015/zone.js:113:43)
[1A[2KERROR: [36m'Error loading maturity stages:', Error: Database initialization failed
Error: Database initialization failed
    at http://localhost:9876/_karma_webpack_/webpack:/src/app/services/sqljs.service.ts:116:13
    at Generator.throw (<anonymous>)
    at asyncGeneratorStep (http://localhost:9876/_karma_webpack_/webpack:/node_modules/@babel/runtime/helpers/esm/asyncToGenerator.js:3:1)
    at apply (http://localhost:9876/_karma_webpack_/webpack:/node_modules/@babel/runtime/helpers/esm/asyncToGenerator.js:20:1)
    at _ZoneDelegate.invoke (http://localhost:9876/_karma_webpack_/webpack:/node_modules/zone.js/fesm2015/zone.js:398:28)
    at ProxyZoneSpec.onInvoke (http://localhost:9876/_karma_webpack_/webpack:/node_modules/zone.js/fesm2015/zone-testing.js:2132:39)
    at _ZoneDelegate.invoke (http://localhost:9876/_karma_webpack_/webpack:/node_modules/zone.js/fesm2015/zone.js:397:34)
    at Object.onInvoke (http://localhost:9876/_karma_webpack_/webpack:/node_modules/@angular/core/fesm2022/core.mjs:6568:33)
    at _ZoneDelegate.invoke (http://localhost:9876/_karma_webpack_/webpack:/node_modules/zone.js/fesm2015/zone.js:397:34)
    at ZoneImpl.run (http://localhost:9876/_karma_webpack_/webpack:/node_modules/zone.js/fesm2015/zone.js:113:43)[39m
Chrome Headless 137.0.0.0 (Mac OS 10.15.7): Executed 114 of 158[32m SUCCESS[39m (0 secs / 3.322 secs)
ERROR: 'Error loading maturity stages:', Error: Database initialization failed
Error: Database initialization failed
    at http://localhost:9876/_karma_webpack_/webpack:/src/app/services/sqljs.service.ts:116:13
    at Generator.throw (<anonymous>)
    at asyncGeneratorStep (http://localhost:9876/_karma_webpack_/webpack:/node_modules/@babel/runtime/helpers/esm/asyncToGenerator.js:3:1)
    at apply (http://localhost:9876/_karma_webpack_/webpack:/node_modules/@babel/runtime/helpers/esm/asyncToGenerator.js:20:1)
    at _ZoneDelegate.invoke (http://localhost:9876/_karma_webpack_/webpack:/node_modules/zone.js/fesm2015/zone.js:398:28)
    at ProxyZoneSpec.onInvoke (http://localhost:9876/_karma_webpack_/webpack:/node_modules/zone.js/fesm2015/zone-testing.js:2132:39)
    at _ZoneDelegate.invoke (http://localhost:9876/_karma_webpack_/webpack:/node_modules/zone.js/fesm2015/zone.js:397:34)
    at Object.onInvoke (http://localhost:9876/_karma_webpack_/webpack:/node_modules/@angular/core/fesm2022/core.mjs:6568:33)
    at _ZoneDelegate.invoke (http://localhost:9876/_karma_webpack_/webpack:/node_modules/zone.js/fesm2015/zone.js:397:34)
    at ZoneImpl.run (http://localhost:9876/_karma_webpack_/webpack:/node_modules/zone.js/fesm2015/zone.js:113:43)
[1A[2KERROR: [36m'Failed to initialize SQL.js service:', Error: both async and sync fetching of the wasm failed
Error: both async and sync fetching of the wasm failed
    at Object.Module.onAbort (http://localhost:9876/_karma_webpack_/webpack:/node_modules/sql.js/dist/sql-wasm.js:40:20)
    at Ta (http://localhost:9876/_karma_webpack_/webpack:/node_modules/sql.js/dist/sql-wasm.js:97:376)
    at http://localhost:9876/_karma_webpack_/webpack:/node_modules/sql.js/dist/sql-wasm.js:98:351
    at Generator.throw (<anonymous>)
    at asyncGeneratorStep (http://localhost:9876/_karma_webpack_/webpack:/node_modules/@babel/runtime/helpers/asyncToGenerator.js:3:1)
    at apply (http://localhost:9876/_karma_webpack_/webpack:/node_modules/@babel/runtime/helpers/asyncToGenerator.js:20:1)
    at _ZoneDelegate.invoke (http://localhost:9876/_karma_webpack_/webpack:/node_modules/zone.js/fesm2015/zone.js:398:28)
    at ProxyZoneSpec.onInvoke (http://localhost:9876/_karma_webpack_/webpack:/node_modules/zone.js/fesm2015/zone-testing.js:2132:39)
    at _ZoneDelegate.invoke (http://localhost:9876/_karma_webpack_/webpack:/node_modules/zone.js/fesm2015/zone.js:397:34)
    at Object.onInvoke (http://localhost:9876/_karma_webpack_/webpack:/node_modules/@angular/core/fesm2022/core.mjs:6568:33)[39m
Chrome Headless 137.0.0.0 (Mac OS 10.15.7): Executed 114 of 158[32m SUCCESS[39m (0 secs / 3.322 secs)
ERROR: 'Failed to initialize SQL.js service:', Error: both async and sync fetching of the wasm failed
Error: both async and sync fetching of the wasm failed
    at Object.Module.onAbort (http://localhost:9876/_karma_webpack_/webpack:/node_modules/sql.js/dist/sql-wasm.js:40:20)
    at Ta (http://localhost:9876/_karma_webpack_/webpack:/node_modules/sql.js/dist/sql-wasm.js:97:376)
    at http://localhost:9876/_karma_webpack_/webpack:/node_modules/sql.js/dist/sql-wasm.js:98:351
    at Generator.throw (<anonymous>)
    at asyncGeneratorStep (http://localhost:9876/_karma_webpack_/webpack:/node_modules/@babel/runtime/helpers/asyncToGenerator.js:3:1)
    at apply (http://localhost:9876/_karma_webpack_/webpack:/node_modules/@babel/runtime/helpers/asyncToGenerator.js:20:1)
    at _ZoneDelegate.invoke (http://localhost:9876/_karma_webpack_/webpack:/node_modules/zone.js/fesm2015/zone.js:398:28)
    at ProxyZoneSpec.onInvoke (http://localhost:9876/_karma_webpack_/webpack:/node_modules/zone.js/fesm2015/zone-testing.js:2132:39)
    at _ZoneDelegate.invoke (http://localhost:9876/_karma_webpack_/webpack:/node_modules/zone.js/fesm2015/zone.js:397:34)
    at Object.onInvoke (http://localhost:9876/_karma_webpack_/webpack:/node_modules/@angular/core/fesm2022/core.mjs:6568:33)
[1A[2KERROR: [36m'Failed to initialize SQL.js service:', Error: both async and sync fetching of the wasm failed
Error: both async and sync fetching of the wasm failed
    at Object.Module.onAbort (http://localhost:9876/_karma_webpack_/webpack:/node_modules/sql.js/dist/sql-wasm.js:40:20)
    at Ta (http://localhost:9876/_karma_webpack_/webpack:/node_modules/sql.js/dist/sql-wasm.js:97:376)
    at http://localhost:9876/_karma_webpack_/webpack:/node_modules/sql.js/dist/sql-wasm.js:98:351
    at Generator.throw (<anonymous>)
    at asyncGeneratorStep (http://localhost:9876/_karma_webpack_/webpack:/node_modules/@babel/runtime/helpers/asyncToGenerator.js:3:1)
    at apply (http://localhost:9876/_karma_webpack_/webpack:/node_modules/@babel/runtime/helpers/asyncToGenerator.js:20:1)
    at _ZoneDelegate.invoke (http://localhost:9876/_karma_webpack_/webpack:/node_modules/zone.js/fesm2015/zone.js:398:28)
    at ProxyZoneSpec.onInvoke (http://localhost:9876/_karma_webpack_/webpack:/node_modules/zone.js/fesm2015/zone-testing.js:2132:39)
    at _ZoneDelegate.invoke (http://localhost:9876/_karma_webpack_/webpack:/node_modules/zone.js/fesm2015/zone.js:397:34)
    at Object.onInvoke (http://localhost:9876/_karma_webpack_/webpack:/node_modules/@angular/core/fesm2022/core.mjs:6568:33)[39m
Chrome Headless 137.0.0.0 (Mac OS 10.15.7): Executed 114 of 158[32m SUCCESS[39m (0 secs / 3.322 secs)
ERROR: 'Failed to initialize SQL.js service:', Error: both async and sync fetching of the wasm failed
Error: both async and sync fetching of the wasm failed
    at Object.Module.onAbort (http://localhost:9876/_karma_webpack_/webpack:/node_modules/sql.js/dist/sql-wasm.js:40:20)
    at Ta (http://localhost:9876/_karma_webpack_/webpack:/node_modules/sql.js/dist/sql-wasm.js:97:376)
    at http://localhost:9876/_karma_webpack_/webpack:/node_modules/sql.js/dist/sql-wasm.js:98:351
    at Generator.throw (<anonymous>)
    at asyncGeneratorStep (http://localhost:9876/_karma_webpack_/webpack:/node_modules/@babel/runtime/helpers/asyncToGenerator.js:3:1)
    at apply (http://localhost:9876/_karma_webpack_/webpack:/node_modules/@babel/runtime/helpers/asyncToGenerator.js:20:1)
    at _ZoneDelegate.invoke (http://localhost:9876/_karma_webpack_/webpack:/node_modules/zone.js/fesm2015/zone.js:398:28)
    at ProxyZoneSpec.onInvoke (http://localhost:9876/_karma_webpack_/webpack:/node_modules/zone.js/fesm2015/zone-testing.js:2132:39)
    at _ZoneDelegate.invoke (http://localhost:9876/_karma_webpack_/webpack:/node_modules/zone.js/fesm2015/zone.js:397:34)
    at Object.onInvoke (http://localhost:9876/_karma_webpack_/webpack:/node_modules/@angular/core/fesm2022/core.mjs:6568:33)
[1A[2KERROR: [36m'Error loading assessment responses:', Error: Database initialization failed
Error: Database initialization failed
    at http://localhost:9876/_karma_webpack_/webpack:/src/app/services/sqljs.service.ts:116:13
    at Generator.throw (<anonymous>)
    at asyncGeneratorStep (http://localhost:9876/_karma_webpack_/webpack:/node_modules/@babel/runtime/helpers/esm/asyncToGenerator.js:3:1)
    at apply (http://localhost:9876/_karma_webpack_/webpack:/node_modules/@babel/runtime/helpers/esm/asyncToGenerator.js:20:1)
    at _ZoneDelegate.invoke (http://localhost:9876/_karma_webpack_/webpack:/node_modules/zone.js/fesm2015/zone.js:398:28)
    at ProxyZoneSpec.onInvoke (http://localhost:9876/_karma_webpack_/webpack:/node_modules/zone.js/fesm2015/zone-testing.js:2132:39)
    at _ZoneDelegate.invoke (http://localhost:9876/_karma_webpack_/webpack:/node_modules/zone.js/fesm2015/zone.js:397:34)
    at Object.onInvoke (http://localhost:9876/_karma_webpack_/webpack:/node_modules/@angular/core/fesm2022/core.mjs:6568:33)
    at _ZoneDelegate.invoke (http://localhost:9876/_karma_webpack_/webpack:/node_modules/zone.js/fesm2015/zone.js:397:34)
    at ZoneImpl.run (http://localhost:9876/_karma_webpack_/webpack:/node_modules/zone.js/fesm2015/zone.js:113:43)[39m
Chrome Headless 137.0.0.0 (Mac OS 10.15.7): Executed 114 of 158[32m SUCCESS[39m (0 secs / 3.322 secs)
ERROR: 'Error loading assessment responses:', Error: Database initialization failed
Error: Database initialization failed
    at http://localhost:9876/_karma_webpack_/webpack:/src/app/services/sqljs.service.ts:116:13
    at Generator.throw (<anonymous>)
    at asyncGeneratorStep (http://localhost:9876/_karma_webpack_/webpack:/node_modules/@babel/runtime/helpers/esm/asyncToGenerator.js:3:1)
    at apply (http://localhost:9876/_karma_webpack_/webpack:/node_modules/@babel/runtime/helpers/esm/asyncToGenerator.js:20:1)
    at _ZoneDelegate.invoke (http://localhost:9876/_karma_webpack_/webpack:/node_modules/zone.js/fesm2015/zone.js:398:28)
    at ProxyZoneSpec.onInvoke (http://localhost:9876/_karma_webpack_/webpack:/node_modules/zone.js/fesm2015/zone-testing.js:2132:39)
    at _ZoneDelegate.invoke (http://localhost:9876/_karma_webpack_/webpack:/node_modules/zone.js/fesm2015/zone.js:397:34)
    at Object.onInvoke (http://localhost:9876/_karma_webpack_/webpack:/node_modules/@angular/core/fesm2022/core.mjs:6568:33)
    at _ZoneDelegate.invoke (http://localhost:9876/_karma_webpack_/webpack:/node_modules/zone.js/fesm2015/zone.js:397:34)
    at ZoneImpl.run (http://localhost:9876/_karma_webpack_/webpack:/node_modules/zone.js/fesm2015/zone.js:113:43)
[1A[2KERROR: [36m'Error loading assessment responses:', Error: Database initialization failed
Error: Database initialization failed
    at http://localhost:9876/_karma_webpack_/webpack:/src/app/services/sqljs.service.ts:116:13
    at Generator.throw (<anonymous>)
    at asyncGeneratorStep (http://localhost:9876/_karma_webpack_/webpack:/node_modules/@babel/runtime/helpers/esm/asyncToGenerator.js:3:1)
    at apply (http://localhost:9876/_karma_webpack_/webpack:/node_modules/@babel/runtime/helpers/esm/asyncToGenerator.js:20:1)
    at _ZoneDelegate.invoke (http://localhost:9876/_karma_webpack_/webpack:/node_modules/zone.js/fesm2015/zone.js:398:28)
    at ProxyZoneSpec.onInvoke (http://localhost:9876/_karma_webpack_/webpack:/node_modules/zone.js/fesm2015/zone-testing.js:2132:39)
    at _ZoneDelegate.invoke (http://localhost:9876/_karma_webpack_/webpack:/node_modules/zone.js/fesm2015/zone.js:397:34)
    at Object.onInvoke (http://localhost:9876/_karma_webpack_/webpack:/node_modules/@angular/core/fesm2022/core.mjs:6568:33)
    at _ZoneDelegate.invoke (http://localhost:9876/_karma_webpack_/webpack:/node_modules/zone.js/fesm2015/zone.js:397:34)
    at ZoneImpl.run (http://localhost:9876/_karma_webpack_/webpack:/node_modules/zone.js/fesm2015/zone.js:113:43)[39m
Chrome Headless 137.0.0.0 (Mac OS 10.15.7): Executed 114 of 158[32m SUCCESS[39m (0 secs / 3.322 secs)
ERROR: 'Error loading assessment responses:', Error: Database initialization failed
Error: Database initialization failed
    at http://localhost:9876/_karma_webpack_/webpack:/src/app/services/sqljs.service.ts:116:13
    at Generator.throw (<anonymous>)
    at asyncGeneratorStep (http://localhost:9876/_karma_webpack_/webpack:/node_modules/@babel/runtime/helpers/esm/asyncToGenerator.js:3:1)
    at apply (http://localhost:9876/_karma_webpack_/webpack:/node_modules/@babel/runtime/helpers/esm/asyncToGenerator.js:20:1)
    at _ZoneDelegate.invoke (http://localhost:9876/_karma_webpack_/webpack:/node_modules/zone.js/fesm2015/zone.js:398:28)
    at ProxyZoneSpec.onInvoke (http://localhost:9876/_karma_webpack_/webpack:/node_modules/zone.js/fesm2015/zone-testing.js:2132:39)
    at _ZoneDelegate.invoke (http://localhost:9876/_karma_webpack_/webpack:/node_modules/zone.js/fesm2015/zone.js:397:34)
    at Object.onInvoke (http://localhost:9876/_karma_webpack_/webpack:/node_modules/@angular/core/fesm2022/core.mjs:6568:33)
    at _ZoneDelegate.invoke (http://localhost:9876/_karma_webpack_/webpack:/node_modules/zone.js/fesm2015/zone.js:397:34)
    at ZoneImpl.run (http://localhost:9876/_karma_webpack_/webpack:/node_modules/zone.js/fesm2015/zone.js:113:43)
[1A[2KChrome Headless 137.0.0.0 (Mac OS 10.15.7): Executed 115 of 158[32m SUCCESS[39m (0 secs / 3.323 secs)
[1A[2KChrome Headless 137.0.0.0 (Mac OS 10.15.7): Executed 116 of 158[32m SUCCESS[39m (0 secs / 3.324 secs)
[1A[2KERROR: [36m'Failed to initialize SQL.js service:', Error: both async and sync fetching of the wasm failed
Error: both async and sync fetching of the wasm failed
    at Object.Module.onAbort (http://localhost:9876/_karma_webpack_/webpack:/node_modules/sql.js/dist/sql-wasm.js:40:20)
    at Ta (http://localhost:9876/_karma_webpack_/webpack:/node_modules/sql.js/dist/sql-wasm.js:97:376)
    at http://localhost:9876/_karma_webpack_/webpack:/node_modules/sql.js/dist/sql-wasm.js:98:351
    at Generator.throw (<anonymous>)
    at asyncGeneratorStep (http://localhost:9876/_karma_webpack_/webpack:/node_modules/@babel/runtime/helpers/asyncToGenerator.js:3:1)
    at apply (http://localhost:9876/_karma_webpack_/webpack:/node_modules/@babel/runtime/helpers/asyncToGenerator.js:20:1)
    at _ZoneDelegate.invoke (http://localhost:9876/_karma_webpack_/webpack:/node_modules/zone.js/fesm2015/zone.js:398:28)
    at ProxyZoneSpec.onInvoke (http://localhost:9876/_karma_webpack_/webpack:/node_modules/zone.js/fesm2015/zone-testing.js:2132:39)
    at _ZoneDelegate.invoke (http://localhost:9876/_karma_webpack_/webpack:/node_modules/zone.js/fesm2015/zone.js:397:34)
    at Object.onInvoke (http://localhost:9876/_karma_webpack_/webpack:/node_modules/@angular/core/fesm2022/core.mjs:6568:33)[39m
Chrome Headless 137.0.0.0 (Mac OS 10.15.7): Executed 116 of 158[32m SUCCESS[39m (0 secs / 3.324 secs)
ERROR: 'Failed to initialize SQL.js service:', Error: both async and sync fetching of the wasm failed
Error: both async and sync fetching of the wasm failed
    at Object.Module.onAbort (http://localhost:9876/_karma_webpack_/webpack:/node_modules/sql.js/dist/sql-wasm.js:40:20)
    at Ta (http://localhost:9876/_karma_webpack_/webpack:/node_modules/sql.js/dist/sql-wasm.js:97:376)
    at http://localhost:9876/_karma_webpack_/webpack:/node_modules/sql.js/dist/sql-wasm.js:98:351
    at Generator.throw (<anonymous>)
    at asyncGeneratorStep (http://localhost:9876/_karma_webpack_/webpack:/node_modules/@babel/runtime/helpers/asyncToGenerator.js:3:1)
    at apply (http://localhost:9876/_karma_webpack_/webpack:/node_modules/@babel/runtime/helpers/asyncToGenerator.js:20:1)
    at _ZoneDelegate.invoke (http://localhost:9876/_karma_webpack_/webpack:/node_modules/zone.js/fesm2015/zone.js:398:28)
    at ProxyZoneSpec.onInvoke (http://localhost:9876/_karma_webpack_/webpack:/node_modules/zone.js/fesm2015/zone-testing.js:2132:39)
    at _ZoneDelegate.invoke (http://localhost:9876/_karma_webpack_/webpack:/node_modules/zone.js/fesm2015/zone.js:397:34)
    at Object.onInvoke (http://localhost:9876/_karma_webpack_/webpack:/node_modules/@angular/core/fesm2022/core.mjs:6568:33)
[1A[2KERROR: [36m'Error loading pillars:', Error: Database initialization failed
Error: Database initialization failed
    at http://localhost:9876/_karma_webpack_/webpack:/src/app/services/sqljs.service.ts:116:13
    at Generator.throw (<anonymous>)
    at asyncGeneratorStep (http://localhost:9876/_karma_webpack_/webpack:/node_modules/@babel/runtime/helpers/esm/asyncToGenerator.js:3:1)
    at apply (http://localhost:9876/_karma_webpack_/webpack:/node_modules/@babel/runtime/helpers/esm/asyncToGenerator.js:20:1)
    at _ZoneDelegate.invoke (http://localhost:9876/_karma_webpack_/webpack:/node_modules/zone.js/fesm2015/zone.js:398:28)
    at ProxyZoneSpec.onInvoke (http://localhost:9876/_karma_webpack_/webpack:/node_modules/zone.js/fesm2015/zone-testing.js:2132:39)
    at _ZoneDelegate.invoke (http://localhost:9876/_karma_webpack_/webpack:/node_modules/zone.js/fesm2015/zone.js:397:34)
    at Object.onInvoke (http://localhost:9876/_karma_webpack_/webpack:/node_modules/@angular/core/fesm2022/core.mjs:6568:33)
    at _ZoneDelegate.invoke (http://localhost:9876/_karma_webpack_/webpack:/node_modules/zone.js/fesm2015/zone.js:397:34)
    at ZoneImpl.run (http://localhost:9876/_karma_webpack_/webpack:/node_modules/zone.js/fesm2015/zone.js:113:43)[39m
Chrome Headless 137.0.0.0 (Mac OS 10.15.7): Executed 116 of 158[32m SUCCESS[39m (0 secs / 3.324 secs)
ERROR: 'Error loading pillars:', Error: Database initialization failed
Error: Database initialization failed
    at http://localhost:9876/_karma_webpack_/webpack:/src/app/services/sqljs.service.ts:116:13
    at Generator.throw (<anonymous>)
    at asyncGeneratorStep (http://localhost:9876/_karma_webpack_/webpack:/node_modules/@babel/runtime/helpers/esm/asyncToGenerator.js:3:1)
    at apply (http://localhost:9876/_karma_webpack_/webpack:/node_modules/@babel/runtime/helpers/esm/asyncToGenerator.js:20:1)
    at _ZoneDelegate.invoke (http://localhost:9876/_karma_webpack_/webpack:/node_modules/zone.js/fesm2015/zone.js:398:28)
    at ProxyZoneSpec.onInvoke (http://localhost:9876/_karma_webpack_/webpack:/node_modules/zone.js/fesm2015/zone-testing.js:2132:39)
    at _ZoneDelegate.invoke (http://localhost:9876/_karma_webpack_/webpack:/node_modules/zone.js/fesm2015/zone.js:397:34)
    at Object.onInvoke (http://localhost:9876/_karma_webpack_/webpack:/node_modules/@angular/core/fesm2022/core.mjs:6568:33)
    at _ZoneDelegate.invoke (http://localhost:9876/_karma_webpack_/webpack:/node_modules/zone.js/fesm2015/zone.js:397:34)
    at ZoneImpl.run (http://localhost:9876/_karma_webpack_/webpack:/node_modules/zone.js/fesm2015/zone.js:113:43)
[1A[2KERROR: [36m'Failed to initialize SQL.js service:', Error: both async and sync fetching of the wasm failed
Error: both async and sync fetching of the wasm failed
    at Object.Module.onAbort (http://localhost:9876/_karma_webpack_/webpack:/node_modules/sql.js/dist/sql-wasm.js:40:20)
    at Ta (http://localhost:9876/_karma_webpack_/webpack:/node_modules/sql.js/dist/sql-wasm.js:97:376)
    at http://localhost:9876/_karma_webpack_/webpack:/node_modules/sql.js/dist/sql-wasm.js:98:351
    at Generator.throw (<anonymous>)
    at asyncGeneratorStep (http://localhost:9876/_karma_webpack_/webpack:/node_modules/@babel/runtime/helpers/asyncToGenerator.js:3:1)
    at apply (http://localhost:9876/_karma_webpack_/webpack:/node_modules/@babel/runtime/helpers/asyncToGenerator.js:20:1)
    at _ZoneDelegate.invoke (http://localhost:9876/_karma_webpack_/webpack:/node_modules/zone.js/fesm2015/zone.js:398:28)
    at ProxyZoneSpec.onInvoke (http://localhost:9876/_karma_webpack_/webpack:/node_modules/zone.js/fesm2015/zone-testing.js:2132:39)
    at _ZoneDelegate.invoke (http://localhost:9876/_karma_webpack_/webpack:/node_modules/zone.js/fesm2015/zone.js:397:34)
    at Object.onInvoke (http://localhost:9876/_karma_webpack_/webpack:/node_modules/@angular/core/fesm2022/core.mjs:6568:33)[39m
Chrome Headless 137.0.0.0 (Mac OS 10.15.7): Executed 116 of 158[32m SUCCESS[39m (0 secs / 3.324 secs)
ERROR: 'Failed to initialize SQL.js service:', Error: both async and sync fetching of the wasm failed
Error: both async and sync fetching of the wasm failed
    at Object.Module.onAbort (http://localhost:9876/_karma_webpack_/webpack:/node_modules/sql.js/dist/sql-wasm.js:40:20)
    at Ta (http://localhost:9876/_karma_webpack_/webpack:/node_modules/sql.js/dist/sql-wasm.js:97:376)
    at http://localhost:9876/_karma_webpack_/webpack:/node_modules/sql.js/dist/sql-wasm.js:98:351
    at Generator.throw (<anonymous>)
    at asyncGeneratorStep (http://localhost:9876/_karma_webpack_/webpack:/node_modules/@babel/runtime/helpers/asyncToGenerator.js:3:1)
    at apply (http://localhost:9876/_karma_webpack_/webpack:/node_modules/@babel/runtime/helpers/asyncToGenerator.js:20:1)
    at _ZoneDelegate.invoke (http://localhost:9876/_karma_webpack_/webpack:/node_modules/zone.js/fesm2015/zone.js:398:28)
    at ProxyZoneSpec.onInvoke (http://localhost:9876/_karma_webpack_/webpack:/node_modules/zone.js/fesm2015/zone-testing.js:2132:39)
    at _ZoneDelegate.invoke (http://localhost:9876/_karma_webpack_/webpack:/node_modules/zone.js/fesm2015/zone.js:397:34)
    at Object.onInvoke (http://localhost:9876/_karma_webpack_/webpack:/node_modules/@angular/core/fesm2022/core.mjs:6568:33)
[1A[2KERROR: [36m'Error loading function capabilities:', Error: Database initialization failed
Error: Database initialization failed
    at http://localhost:9876/_karma_webpack_/webpack:/src/app/services/sqljs.service.ts:116:13
    at Generator.throw (<anonymous>)
    at asyncGeneratorStep (http://localhost:9876/_karma_webpack_/webpack:/node_modules/@babel/runtime/helpers/esm/asyncToGenerator.js:3:1)
    at apply (http://localhost:9876/_karma_webpack_/webpack:/node_modules/@babel/runtime/helpers/esm/asyncToGenerator.js:20:1)
    at _ZoneDelegate.invoke (http://localhost:9876/_karma_webpack_/webpack:/node_modules/zone.js/fesm2015/zone.js:398:28)
    at ProxyZoneSpec.onInvoke (http://localhost:9876/_karma_webpack_/webpack:/node_modules/zone.js/fesm2015/zone-testing.js:2132:39)
    at _ZoneDelegate.invoke (http://localhost:9876/_karma_webpack_/webpack:/node_modules/zone.js/fesm2015/zone.js:397:34)
    at Object.onInvoke (http://localhost:9876/_karma_webpack_/webpack:/node_modules/@angular/core/fesm2022/core.mjs:6568:33)
    at _ZoneDelegate.invoke (http://localhost:9876/_karma_webpack_/webpack:/node_modules/zone.js/fesm2015/zone.js:397:34)
    at ZoneImpl.run (http://localhost:9876/_karma_webpack_/webpack:/node_modules/zone.js/fesm2015/zone.js:113:43)[39m
Chrome Headless 137.0.0.0 (Mac OS 10.15.7): Executed 116 of 158[32m SUCCESS[39m (0 secs / 3.324 secs)
ERROR: 'Error loading function capabilities:', Error: Database initialization failed
Error: Database initialization failed
    at http://localhost:9876/_karma_webpack_/webpack:/src/app/services/sqljs.service.ts:116:13
    at Generator.throw (<anonymous>)
    at asyncGeneratorStep (http://localhost:9876/_karma_webpack_/webpack:/node_modules/@babel/runtime/helpers/esm/asyncToGenerator.js:3:1)
    at apply (http://localhost:9876/_karma_webpack_/webpack:/node_modules/@babel/runtime/helpers/esm/asyncToGenerator.js:20:1)
    at _ZoneDelegate.invoke (http://localhost:9876/_karma_webpack_/webpack:/node_modules/zone.js/fesm2015/zone.js:398:28)
    at ProxyZoneSpec.onInvoke (http://localhost:9876/_karma_webpack_/webpack:/node_modules/zone.js/fesm2015/zone-testing.js:2132:39)
    at _ZoneDelegate.invoke (http://localhost:9876/_karma_webpack_/webpack:/node_modules/zone.js/fesm2015/zone.js:397:34)
    at Object.onInvoke (http://localhost:9876/_karma_webpack_/webpack:/node_modules/@angular/core/fesm2022/core.mjs:6568:33)
    at _ZoneDelegate.invoke (http://localhost:9876/_karma_webpack_/webpack:/node_modules/zone.js/fesm2015/zone.js:397:34)
    at ZoneImpl.run (http://localhost:9876/_karma_webpack_/webpack:/node_modules/zone.js/fesm2015/zone.js:113:43)
[1A[2KERROR: [36m'Failed to initialize SQL.js service:', Error: both async and sync fetching of the wasm failed
Error: both async and sync fetching of the wasm failed
    at Object.Module.onAbort (http://localhost:9876/_karma_webpack_/webpack:/node_modules/sql.js/dist/sql-wasm.js:40:20)
    at Ta (http://localhost:9876/_karma_webpack_/webpack:/node_modules/sql.js/dist/sql-wasm.js:97:376)
    at http://localhost:9876/_karma_webpack_/webpack:/node_modules/sql.js/dist/sql-wasm.js:98:351
    at Generator.throw (<anonymous>)
    at asyncGeneratorStep (http://localhost:9876/_karma_webpack_/webpack:/node_modules/@babel/runtime/helpers/asyncToGenerator.js:3:1)
    at apply (http://localhost:9876/_karma_webpack_/webpack:/node_modules/@babel/runtime/helpers/asyncToGenerator.js:20:1)
    at _ZoneDelegate.invoke (http://localhost:9876/_karma_webpack_/webpack:/node_modules/zone.js/fesm2015/zone.js:398:28)
    at ProxyZoneSpec.onInvoke (http://localhost:9876/_karma_webpack_/webpack:/node_modules/zone.js/fesm2015/zone-testing.js:2132:39)
    at _ZoneDelegate.invoke (http://localhost:9876/_karma_webpack_/webpack:/node_modules/zone.js/fesm2015/zone.js:397:34)
    at Object.onInvoke (http://localhost:9876/_karma_webpack_/webpack:/node_modules/@angular/core/fesm2022/core.mjs:6568:33)[39m
Chrome Headless 137.0.0.0 (Mac OS 10.15.7): Executed 116 of 158[32m SUCCESS[39m (0 secs / 3.324 secs)
ERROR: 'Failed to initialize SQL.js service:', Error: both async and sync fetching of the wasm failed
Error: both async and sync fetching of the wasm failed
    at Object.Module.onAbort (http://localhost:9876/_karma_webpack_/webpack:/node_modules/sql.js/dist/sql-wasm.js:40:20)
    at Ta (http://localhost:9876/_karma_webpack_/webpack:/node_modules/sql.js/dist/sql-wasm.js:97:376)
    at http://localhost:9876/_karma_webpack_/webpack:/node_modules/sql.js/dist/sql-wasm.js:98:351
    at Generator.throw (<anonymous>)
    at asyncGeneratorStep (http://localhost:9876/_karma_webpack_/webpack:/node_modules/@babel/runtime/helpers/asyncToGenerator.js:3:1)
    at apply (http://localhost:9876/_karma_webpack_/webpack:/node_modules/@babel/runtime/helpers/asyncToGenerator.js:20:1)
    at _ZoneDelegate.invoke (http://localhost:9876/_karma_webpack_/webpack:/node_modules/zone.js/fesm2015/zone.js:398:28)
    at ProxyZoneSpec.onInvoke (http://localhost:9876/_karma_webpack_/webpack:/node_modules/zone.js/fesm2015/zone-testing.js:2132:39)
    at _ZoneDelegate.invoke (http://localhost:9876/_karma_webpack_/webpack:/node_modules/zone.js/fesm2015/zone.js:397:34)
    at Object.onInvoke (http://localhost:9876/_karma_webpack_/webpack:/node_modules/@angular/core/fesm2022/core.mjs:6568:33)
[1A[2KERROR: [36m'Error loading maturity stages:', Error: Database initialization failed
Error: Database initialization failed
    at http://localhost:9876/_karma_webpack_/webpack:/src/app/services/sqljs.service.ts:116:13
    at Generator.throw (<anonymous>)
    at asyncGeneratorStep (http://localhost:9876/_karma_webpack_/webpack:/node_modules/@babel/runtime/helpers/esm/asyncToGenerator.js:3:1)
    at apply (http://localhost:9876/_karma_webpack_/webpack:/node_modules/@babel/runtime/helpers/esm/asyncToGenerator.js:20:1)
    at _ZoneDelegate.invoke (http://localhost:9876/_karma_webpack_/webpack:/node_modules/zone.js/fesm2015/zone.js:398:28)
    at ProxyZoneSpec.onInvoke (http://localhost:9876/_karma_webpack_/webpack:/node_modules/zone.js/fesm2015/zone-testing.js:2132:39)
    at _ZoneDelegate.invoke (http://localhost:9876/_karma_webpack_/webpack:/node_modules/zone.js/fesm2015/zone.js:397:34)
    at Object.onInvoke (http://localhost:9876/_karma_webpack_/webpack:/node_modules/@angular/core/fesm2022/core.mjs:6568:33)
    at _ZoneDelegate.invoke (http://localhost:9876/_karma_webpack_/webpack:/node_modules/zone.js/fesm2015/zone.js:397:34)
    at ZoneImpl.run (http://localhost:9876/_karma_webpack_/webpack:/node_modules/zone.js/fesm2015/zone.js:113:43)[39m
Chrome Headless 137.0.0.0 (Mac OS 10.15.7): Executed 116 of 158[32m SUCCESS[39m (0 secs / 3.324 secs)
ERROR: 'Error loading maturity stages:', Error: Database initialization failed
Error: Database initialization failed
    at http://localhost:9876/_karma_webpack_/webpack:/src/app/services/sqljs.service.ts:116:13
    at Generator.throw (<anonymous>)
    at asyncGeneratorStep (http://localhost:9876/_karma_webpack_/webpack:/node_modules/@babel/runtime/helpers/esm/asyncToGenerator.js:3:1)
    at apply (http://localhost:9876/_karma_webpack_/webpack:/node_modules/@babel/runtime/helpers/esm/asyncToGenerator.js:20:1)
    at _ZoneDelegate.invoke (http://localhost:9876/_karma_webpack_/webpack:/node_modules/zone.js/fesm2015/zone.js:398:28)
    at ProxyZoneSpec.onInvoke (http://localhost:9876/_karma_webpack_/webpack:/node_modules/zone.js/fesm2015/zone-testing.js:2132:39)
    at _ZoneDelegate.invoke (http://localhost:9876/_karma_webpack_/webpack:/node_modules/zone.js/fesm2015/zone.js:397:34)
    at Object.onInvoke (http://localhost:9876/_karma_webpack_/webpack:/node_modules/@angular/core/fesm2022/core.mjs:6568:33)
    at _ZoneDelegate.invoke (http://localhost:9876/_karma_webpack_/webpack:/node_modules/zone.js/fesm2015/zone.js:397:34)
    at ZoneImpl.run (http://localhost:9876/_karma_webpack_/webpack:/node_modules/zone.js/fesm2015/zone.js:113:43)
[1A[2KERROR: [36m'Failed to initialize SQL.js service:', Error: both async and sync fetching of the wasm failed
Error: both async and sync fetching of the wasm failed
    at Object.Module.onAbort (http://localhost:9876/_karma_webpack_/webpack:/node_modules/sql.js/dist/sql-wasm.js:40:20)
    at Ta (http://localhost:9876/_karma_webpack_/webpack:/node_modules/sql.js/dist/sql-wasm.js:97:376)
    at http://localhost:9876/_karma_webpack_/webpack:/node_modules/sql.js/dist/sql-wasm.js:98:351
    at Generator.throw (<anonymous>)
    at asyncGeneratorStep (http://localhost:9876/_karma_webpack_/webpack:/node_modules/@babel/runtime/helpers/asyncToGenerator.js:3:1)
    at apply (http://localhost:9876/_karma_webpack_/webpack:/node_modules/@babel/runtime/helpers/asyncToGenerator.js:20:1)
    at _ZoneDelegate.invoke (http://localhost:9876/_karma_webpack_/webpack:/node_modules/zone.js/fesm2015/zone.js:398:28)
    at ProxyZoneSpec.onInvoke (http://localhost:9876/_karma_webpack_/webpack:/node_modules/zone.js/fesm2015/zone-testing.js:2132:39)
    at _ZoneDelegate.invoke (http://localhost:9876/_karma_webpack_/webpack:/node_modules/zone.js/fesm2015/zone.js:397:34)
    at Object.onInvoke (http://localhost:9876/_karma_webpack_/webpack:/node_modules/@angular/core/fesm2022/core.mjs:6568:33)[39m
Chrome Headless 137.0.0.0 (Mac OS 10.15.7): Executed 116 of 158[32m SUCCESS[39m (0 secs / 3.324 secs)
ERROR: 'Failed to initialize SQL.js service:', Error: both async and sync fetching of the wasm failed
Error: both async and sync fetching of the wasm failed
    at Object.Module.onAbort (http://localhost:9876/_karma_webpack_/webpack:/node_modules/sql.js/dist/sql-wasm.js:40:20)
    at Ta (http://localhost:9876/_karma_webpack_/webpack:/node_modules/sql.js/dist/sql-wasm.js:97:376)
    at http://localhost:9876/_karma_webpack_/webpack:/node_modules/sql.js/dist/sql-wasm.js:98:351
    at Generator.throw (<anonymous>)
    at asyncGeneratorStep (http://localhost:9876/_karma_webpack_/webpack:/node_modules/@babel/runtime/helpers/asyncToGenerator.js:3:1)
    at apply (http://localhost:9876/_karma_webpack_/webpack:/node_modules/@babel/runtime/helpers/asyncToGenerator.js:20:1)
    at _ZoneDelegate.invoke (http://localhost:9876/_karma_webpack_/webpack:/node_modules/zone.js/fesm2015/zone.js:398:28)
    at ProxyZoneSpec.onInvoke (http://localhost:9876/_karma_webpack_/webpack:/node_modules/zone.js/fesm2015/zone-testing.js:2132:39)
    at _ZoneDelegate.invoke (http://localhost:9876/_karma_webpack_/webpack:/node_modules/zone.js/fesm2015/zone.js:397:34)
    at Object.onInvoke (http://localhost:9876/_karma_webpack_/webpack:/node_modules/@angular/core/fesm2022/core.mjs:6568:33)
[1A[2KERROR: [36m'Error loading assessment responses:', Error: Database initialization failed
Error: Database initialization failed
    at http://localhost:9876/_karma_webpack_/webpack:/src/app/services/sqljs.service.ts:116:13
    at Generator.throw (<anonymous>)
    at asyncGeneratorStep (http://localhost:9876/_karma_webpack_/webpack:/node_modules/@babel/runtime/helpers/esm/asyncToGenerator.js:3:1)
    at apply (http://localhost:9876/_karma_webpack_/webpack:/node_modules/@babel/runtime/helpers/esm/asyncToGenerator.js:20:1)
    at _ZoneDelegate.invoke (http://localhost:9876/_karma_webpack_/webpack:/node_modules/zone.js/fesm2015/zone.js:398:28)
    at ProxyZoneSpec.onInvoke (http://localhost:9876/_karma_webpack_/webpack:/node_modules/zone.js/fesm2015/zone-testing.js:2132:39)
    at _ZoneDelegate.invoke (http://localhost:9876/_karma_webpack_/webpack:/node_modules/zone.js/fesm2015/zone.js:397:34)
    at Object.onInvoke (http://localhost:9876/_karma_webpack_/webpack:/node_modules/@angular/core/fesm2022/core.mjs:6568:33)
    at _ZoneDelegate.invoke (http://localhost:9876/_karma_webpack_/webpack:/node_modules/zone.js/fesm2015/zone.js:397:34)
    at ZoneImpl.run (http://localhost:9876/_karma_webpack_/webpack:/node_modules/zone.js/fesm2015/zone.js:113:43)[39m
Chrome Headless 137.0.0.0 (Mac OS 10.15.7): Executed 116 of 158[32m SUCCESS[39m (0 secs / 3.324 secs)
ERROR: 'Error loading assessment responses:', Error: Database initialization failed
Error: Database initialization failed
    at http://localhost:9876/_karma_webpack_/webpack:/src/app/services/sqljs.service.ts:116:13
    at Generator.throw (<anonymous>)
    at asyncGeneratorStep (http://localhost:9876/_karma_webpack_/webpack:/node_modules/@babel/runtime/helpers/esm/asyncToGenerator.js:3:1)
    at apply (http://localhost:9876/_karma_webpack_/webpack:/node_modules/@babel/runtime/helpers/esm/asyncToGenerator.js:20:1)
    at _ZoneDelegate.invoke (http://localhost:9876/_karma_webpack_/webpack:/node_modules/zone.js/fesm2015/zone.js:398:28)
    at ProxyZoneSpec.onInvoke (http://localhost:9876/_karma_webpack_/webpack:/node_modules/zone.js/fesm2015/zone-testing.js:2132:39)
    at _ZoneDelegate.invoke (http://localhost:9876/_karma_webpack_/webpack:/node_modules/zone.js/fesm2015/zone.js:397:34)
    at Object.onInvoke (http://localhost:9876/_karma_webpack_/webpack:/node_modules/@angular/core/fesm2022/core.mjs:6568:33)
    at _ZoneDelegate.invoke (http://localhost:9876/_karma_webpack_/webpack:/node_modules/zone.js/fesm2015/zone.js:397:34)
    at ZoneImpl.run (http://localhost:9876/_karma_webpack_/webpack:/node_modules/zone.js/fesm2015/zone.js:113:43)
[1A[2KChrome Headless 137.0.0.0 (Mac OS 10.15.7): Executed 117 of 158[32m SUCCESS[39m (0 secs / 3.325 secs)
[1A[2KERROR: [36m'Failed to initialize SQL.js service:', Error: both async and sync fetching of the wasm failed
Error: both async and sync fetching of the wasm failed
    at Object.Module.onAbort (http://localhost:9876/_karma_webpack_/webpack:/node_modules/sql.js/dist/sql-wasm.js:40:20)
    at Ta (http://localhost:9876/_karma_webpack_/webpack:/node_modules/sql.js/dist/sql-wasm.js:97:376)
    at http://localhost:9876/_karma_webpack_/webpack:/node_modules/sql.js/dist/sql-wasm.js:98:351
    at Generator.throw (<anonymous>)
    at asyncGeneratorStep (http://localhost:9876/_karma_webpack_/webpack:/node_modules/@babel/runtime/helpers/asyncToGenerator.js:3:1)
    at apply (http://localhost:9876/_karma_webpack_/webpack:/node_modules/@babel/runtime/helpers/asyncToGenerator.js:20:1)
    at _ZoneDelegate.invoke (http://localhost:9876/_karma_webpack_/webpack:/node_modules/zone.js/fesm2015/zone.js:398:28)
    at ProxyZoneSpec.onInvoke (http://localhost:9876/_karma_webpack_/webpack:/node_modules/zone.js/fesm2015/zone-testing.js:2132:39)
    at _ZoneDelegate.invoke (http://localhost:9876/_karma_webpack_/webpack:/node_modules/zone.js/fesm2015/zone.js:397:34)
    at Object.onInvoke (http://localhost:9876/_karma_webpack_/webpack:/node_modules/@angular/core/fesm2022/core.mjs:6568:33)[39m
Chrome Headless 137.0.0.0 (Mac OS 10.15.7): Executed 117 of 158[32m SUCCESS[39m (0 secs / 3.325 secs)
ERROR: 'Failed to initialize SQL.js service:', Error: both async and sync fetching of the wasm failed
Error: both async and sync fetching of the wasm failed
    at Object.Module.onAbort (http://localhost:9876/_karma_webpack_/webpack:/node_modules/sql.js/dist/sql-wasm.js:40:20)
    at Ta (http://localhost:9876/_karma_webpack_/webpack:/node_modules/sql.js/dist/sql-wasm.js:97:376)
    at http://localhost:9876/_karma_webpack_/webpack:/node_modules/sql.js/dist/sql-wasm.js:98:351
    at Generator.throw (<anonymous>)
    at asyncGeneratorStep (http://localhost:9876/_karma_webpack_/webpack:/node_modules/@babel/runtime/helpers/asyncToGenerator.js:3:1)
    at apply (http://localhost:9876/_karma_webpack_/webpack:/node_modules/@babel/runtime/helpers/asyncToGenerator.js:20:1)
    at _ZoneDelegate.invoke (http://localhost:9876/_karma_webpack_/webpack:/node_modules/zone.js/fesm2015/zone.js:398:28)
    at ProxyZoneSpec.onInvoke (http://localhost:9876/_karma_webpack_/webpack:/node_modules/zone.js/fesm2015/zone-testing.js:2132:39)
    at _ZoneDelegate.invoke (http://localhost:9876/_karma_webpack_/webpack:/node_modules/zone.js/fesm2015/zone.js:397:34)
    at Object.onInvoke (http://localhost:9876/_karma_webpack_/webpack:/node_modules/@angular/core/fesm2022/core.mjs:6568:33)
[1A[2KERROR: [36m'Failed to initialize SQL.js service:', Error: both async and sync fetching of the wasm failed
Error: both async and sync fetching of the wasm failed
    at Object.Module.onAbort (http://localhost:9876/_karma_webpack_/webpack:/node_modules/sql.js/dist/sql-wasm.js:40:20)
    at Ta (http://localhost:9876/_karma_webpack_/webpack:/node_modules/sql.js/dist/sql-wasm.js:97:376)
    at http://localhost:9876/_karma_webpack_/webpack:/node_modules/sql.js/dist/sql-wasm.js:98:351
    at Generator.throw (<anonymous>)
    at asyncGeneratorStep (http://localhost:9876/_karma_webpack_/webpack:/node_modules/@babel/runtime/helpers/asyncToGenerator.js:3:1)
    at apply (http://localhost:9876/_karma_webpack_/webpack:/node_modules/@babel/runtime/helpers/asyncToGenerator.js:20:1)
    at _ZoneDelegate.invoke (http://localhost:9876/_karma_webpack_/webpack:/node_modules/zone.js/fesm2015/zone.js:398:28)
    at ProxyZoneSpec.onInvoke (http://localhost:9876/_karma_webpack_/webpack:/node_modules/zone.js/fesm2015/zone-testing.js:2132:39)
    at _ZoneDelegate.invoke (http://localhost:9876/_karma_webpack_/webpack:/node_modules/zone.js/fesm2015/zone.js:397:34)
    at Object.onInvoke (http://localhost:9876/_karma_webpack_/webpack:/node_modules/@angular/core/fesm2022/core.mjs:6568:33)[39m
Chrome Headless 137.0.0.0 (Mac OS 10.15.7): Executed 117 of 158[32m SUCCESS[39m (0 secs / 3.325 secs)
ERROR: 'Failed to initialize SQL.js service:', Error: both async and sync fetching of the wasm failed
Error: both async and sync fetching of the wasm failed
    at Object.Module.onAbort (http://localhost:9876/_karma_webpack_/webpack:/node_modules/sql.js/dist/sql-wasm.js:40:20)
    at Ta (http://localhost:9876/_karma_webpack_/webpack:/node_modules/sql.js/dist/sql-wasm.js:97:376)
    at http://localhost:9876/_karma_webpack_/webpack:/node_modules/sql.js/dist/sql-wasm.js:98:351
    at Generator.throw (<anonymous>)
    at asyncGeneratorStep (http://localhost:9876/_karma_webpack_/webpack:/node_modules/@babel/runtime/helpers/asyncToGenerator.js:3:1)
    at apply (http://localhost:9876/_karma_webpack_/webpack:/node_modules/@babel/runtime/helpers/asyncToGenerator.js:20:1)
    at _ZoneDelegate.invoke (http://localhost:9876/_karma_webpack_/webpack:/node_modules/zone.js/fesm2015/zone.js:398:28)
    at ProxyZoneSpec.onInvoke (http://localhost:9876/_karma_webpack_/webpack:/node_modules/zone.js/fesm2015/zone-testing.js:2132:39)
    at _ZoneDelegate.invoke (http://localhost:9876/_karma_webpack_/webpack:/node_modules/zone.js/fesm2015/zone.js:397:34)
    at Object.onInvoke (http://localhost:9876/_karma_webpack_/webpack:/node_modules/@angular/core/fesm2022/core.mjs:6568:33)
[1A[2KERROR: [36m'Failed to initialize SQL.js service:', Error: both async and sync fetching of the wasm failed
Error: both async and sync fetching of the wasm failed
    at Object.Module.onAbort (http://localhost:9876/_karma_webpack_/webpack:/node_modules/sql.js/dist/sql-wasm.js:40:20)
    at Ta (http://localhost:9876/_karma_webpack_/webpack:/node_modules/sql.js/dist/sql-wasm.js:97:376)
    at http://localhost:9876/_karma_webpack_/webpack:/node_modules/sql.js/dist/sql-wasm.js:98:351
    at Generator.throw (<anonymous>)
    at asyncGeneratorStep (http://localhost:9876/_karma_webpack_/webpack:/node_modules/@babel/runtime/helpers/asyncToGenerator.js:3:1)
    at apply (http://localhost:9876/_karma_webpack_/webpack:/node_modules/@babel/runtime/helpers/asyncToGenerator.js:20:1)
    at _ZoneDelegate.invoke (http://localhost:9876/_karma_webpack_/webpack:/node_modules/zone.js/fesm2015/zone.js:398:28)
    at ProxyZoneSpec.onInvoke (http://localhost:9876/_karma_webpack_/webpack:/node_modules/zone.js/fesm2015/zone-testing.js:2132:39)
    at _ZoneDelegate.invoke (http://localhost:9876/_karma_webpack_/webpack:/node_modules/zone.js/fesm2015/zone.js:397:34)
    at Object.onInvoke (http://localhost:9876/_karma_webpack_/webpack:/node_modules/@angular/core/fesm2022/core.mjs:6568:33)[39m
Chrome Headless 137.0.0.0 (Mac OS 10.15.7): Executed 117 of 158[32m SUCCESS[39m (0 secs / 3.325 secs)
ERROR: 'Failed to initialize SQL.js service:', Error: both async and sync fetching of the wasm failed
Error: both async and sync fetching of the wasm failed
    at Object.Module.onAbort (http://localhost:9876/_karma_webpack_/webpack:/node_modules/sql.js/dist/sql-wasm.js:40:20)
    at Ta (http://localhost:9876/_karma_webpack_/webpack:/node_modules/sql.js/dist/sql-wasm.js:97:376)
    at http://localhost:9876/_karma_webpack_/webpack:/node_modules/sql.js/dist/sql-wasm.js:98:351
    at Generator.throw (<anonymous>)
    at asyncGeneratorStep (http://localhost:9876/_karma_webpack_/webpack:/node_modules/@babel/runtime/helpers/asyncToGenerator.js:3:1)
    at apply (http://localhost:9876/_karma_webpack_/webpack:/node_modules/@babel/runtime/helpers/asyncToGenerator.js:20:1)
    at _ZoneDelegate.invoke (http://localhost:9876/_karma_webpack_/webpack:/node_modules/zone.js/fesm2015/zone.js:398:28)
    at ProxyZoneSpec.onInvoke (http://localhost:9876/_karma_webpack_/webpack:/node_modules/zone.js/fesm2015/zone-testing.js:2132:39)
    at _ZoneDelegate.invoke (http://localhost:9876/_karma_webpack_/webpack:/node_modules/zone.js/fesm2015/zone.js:397:34)
    at Object.onInvoke (http://localhost:9876/_karma_webpack_/webpack:/node_modules/@angular/core/fesm2022/core.mjs:6568:33)
[1A[2KERROR: [36m'Failed to initialize SQL.js service:', Error: both async and sync fetching of the wasm failed
Error: both async and sync fetching of the wasm failed
    at Object.Module.onAbort (http://localhost:9876/_karma_webpack_/webpack:/node_modules/sql.js/dist/sql-wasm.js:40:20)
    at Ta (http://localhost:9876/_karma_webpack_/webpack:/node_modules/sql.js/dist/sql-wasm.js:97:376)
    at http://localhost:9876/_karma_webpack_/webpack:/node_modules/sql.js/dist/sql-wasm.js:98:351
    at Generator.throw (<anonymous>)
    at asyncGeneratorStep (http://localhost:9876/_karma_webpack_/webpack:/node_modules/@babel/runtime/helpers/asyncToGenerator.js:3:1)
    at apply (http://localhost:9876/_karma_webpack_/webpack:/node_modules/@babel/runtime/helpers/asyncToGenerator.js:20:1)
    at _ZoneDelegate.invoke (http://localhost:9876/_karma_webpack_/webpack:/node_modules/zone.js/fesm2015/zone.js:398:28)
    at ProxyZoneSpec.onInvoke (http://localhost:9876/_karma_webpack_/webpack:/node_modules/zone.js/fesm2015/zone-testing.js:2132:39)
    at _ZoneDelegate.invoke (http://localhost:9876/_karma_webpack_/webpack:/node_modules/zone.js/fesm2015/zone.js:397:34)
    at Object.onInvoke (http://localhost:9876/_karma_webpack_/webpack:/node_modules/@angular/core/fesm2022/core.mjs:6568:33)[39m
Chrome Headless 137.0.0.0 (Mac OS 10.15.7): Executed 117 of 158[32m SUCCESS[39m (0 secs / 3.325 secs)
ERROR: 'Failed to initialize SQL.js service:', Error: both async and sync fetching of the wasm failed
Error: both async and sync fetching of the wasm failed
    at Object.Module.onAbort (http://localhost:9876/_karma_webpack_/webpack:/node_modules/sql.js/dist/sql-wasm.js:40:20)
    at Ta (http://localhost:9876/_karma_webpack_/webpack:/node_modules/sql.js/dist/sql-wasm.js:97:376)
    at http://localhost:9876/_karma_webpack_/webpack:/node_modules/sql.js/dist/sql-wasm.js:98:351
    at Generator.throw (<anonymous>)
    at asyncGeneratorStep (http://localhost:9876/_karma_webpack_/webpack:/node_modules/@babel/runtime/helpers/asyncToGenerator.js:3:1)
    at apply (http://localhost:9876/_karma_webpack_/webpack:/node_modules/@babel/runtime/helpers/asyncToGenerator.js:20:1)
    at _ZoneDelegate.invoke (http://localhost:9876/_karma_webpack_/webpack:/node_modules/zone.js/fesm2015/zone.js:398:28)
    at ProxyZoneSpec.onInvoke (http://localhost:9876/_karma_webpack_/webpack:/node_modules/zone.js/fesm2015/zone-testing.js:2132:39)
    at _ZoneDelegate.invoke (http://localhost:9876/_karma_webpack_/webpack:/node_modules/zone.js/fesm2015/zone.js:397:34)
    at Object.onInvoke (http://localhost:9876/_karma_webpack_/webpack:/node_modules/@angular/core/fesm2022/core.mjs:6568:33)
[1A[2KERROR: [36m'Failed to initialize SQL.js service:', Error: both async and sync fetching of the wasm failed
Error: both async and sync fetching of the wasm failed
    at Object.Module.onAbort (http://localhost:9876/_karma_webpack_/webpack:/node_modules/sql.js/dist/sql-wasm.js:40:20)
    at Ta (http://localhost:9876/_karma_webpack_/webpack:/node_modules/sql.js/dist/sql-wasm.js:97:376)
    at http://localhost:9876/_karma_webpack_/webpack:/node_modules/sql.js/dist/sql-wasm.js:98:351
    at Generator.throw (<anonymous>)
    at asyncGeneratorStep (http://localhost:9876/_karma_webpack_/webpack:/node_modules/@babel/runtime/helpers/asyncToGenerator.js:3:1)
    at apply (http://localhost:9876/_karma_webpack_/webpack:/node_modules/@babel/runtime/helpers/asyncToGenerator.js:20:1)
    at _ZoneDelegate.invoke (http://localhost:9876/_karma_webpack_/webpack:/node_modules/zone.js/fesm2015/zone.js:398:28)
    at ProxyZoneSpec.onInvoke (http://localhost:9876/_karma_webpack_/webpack:/node_modules/zone.js/fesm2015/zone-testing.js:2132:39)
    at _ZoneDelegate.invoke (http://localhost:9876/_karma_webpack_/webpack:/node_modules/zone.js/fesm2015/zone.js:397:34)
    at Object.onInvoke (http://localhost:9876/_karma_webpack_/webpack:/node_modules/@angular/core/fesm2022/core.mjs:6568:33)[39m
Chrome Headless 137.0.0.0 (Mac OS 10.15.7): Executed 117 of 158[32m SUCCESS[39m (0 secs / 3.325 secs)
ERROR: 'Failed to initialize SQL.js service:', Error: both async and sync fetching of the wasm failed
Error: both async and sync fetching of the wasm failed
    at Object.Module.onAbort (http://localhost:9876/_karma_webpack_/webpack:/node_modules/sql.js/dist/sql-wasm.js:40:20)
    at Ta (http://localhost:9876/_karma_webpack_/webpack:/node_modules/sql.js/dist/sql-wasm.js:97:376)
    at http://localhost:9876/_karma_webpack_/webpack:/node_modules/sql.js/dist/sql-wasm.js:98:351
    at Generator.throw (<anonymous>)
    at asyncGeneratorStep (http://localhost:9876/_karma_webpack_/webpack:/node_modules/@babel/runtime/helpers/asyncToGenerator.js:3:1)
    at apply (http://localhost:9876/_karma_webpack_/webpack:/node_modules/@babel/runtime/helpers/asyncToGenerator.js:20:1)
    at _ZoneDelegate.invoke (http://localhost:9876/_karma_webpack_/webpack:/node_modules/zone.js/fesm2015/zone.js:398:28)
    at ProxyZoneSpec.onInvoke (http://localhost:9876/_karma_webpack_/webpack:/node_modules/zone.js/fesm2015/zone-testing.js:2132:39)
    at _ZoneDelegate.invoke (http://localhost:9876/_karma_webpack_/webpack:/node_modules/zone.js/fesm2015/zone.js:397:34)
    at Object.onInvoke (http://localhost:9876/_karma_webpack_/webpack:/node_modules/@angular/core/fesm2022/core.mjs:6568:33)
[1A[2KERROR: [36m'Failed to initialize SQL.js service:', Error: both async and sync fetching of the wasm failed
Error: both async and sync fetching of the wasm failed
    at Object.Module.onAbort (http://localhost:9876/_karma_webpack_/webpack:/node_modules/sql.js/dist/sql-wasm.js:40:20)
    at Ta (http://localhost:9876/_karma_webpack_/webpack:/node_modules/sql.js/dist/sql-wasm.js:97:376)
    at http://localhost:9876/_karma_webpack_/webpack:/node_modules/sql.js/dist/sql-wasm.js:98:351
    at Generator.throw (<anonymous>)
    at asyncGeneratorStep (http://localhost:9876/_karma_webpack_/webpack:/node_modules/@babel/runtime/helpers/asyncToGenerator.js:3:1)
    at apply (http://localhost:9876/_karma_webpack_/webpack:/node_modules/@babel/runtime/helpers/asyncToGenerator.js:20:1)
    at _ZoneDelegate.invoke (http://localhost:9876/_karma_webpack_/webpack:/node_modules/zone.js/fesm2015/zone.js:398:28)
    at ProxyZoneSpec.onInvoke (http://localhost:9876/_karma_webpack_/webpack:/node_modules/zone.js/fesm2015/zone-testing.js:2132:39)
    at _ZoneDelegate.invoke (http://localhost:9876/_karma_webpack_/webpack:/node_modules/zone.js/fesm2015/zone.js:397:34)
    at Object.onInvoke (http://localhost:9876/_karma_webpack_/webpack:/node_modules/@angular/core/fesm2022/core.mjs:6568:33)[39m
Chrome Headless 137.0.0.0 (Mac OS 10.15.7): Executed 117 of 158[32m SUCCESS[39m (0 secs / 3.325 secs)
ERROR: 'Failed to initialize SQL.js service:', Error: both async and sync fetching of the wasm failed
Error: both async and sync fetching of the wasm failed
    at Object.Module.onAbort (http://localhost:9876/_karma_webpack_/webpack:/node_modules/sql.js/dist/sql-wasm.js:40:20)
    at Ta (http://localhost:9876/_karma_webpack_/webpack:/node_modules/sql.js/dist/sql-wasm.js:97:376)
    at http://localhost:9876/_karma_webpack_/webpack:/node_modules/sql.js/dist/sql-wasm.js:98:351
    at Generator.throw (<anonymous>)
    at asyncGeneratorStep (http://localhost:9876/_karma_webpack_/webpack:/node_modules/@babel/runtime/helpers/asyncToGenerator.js:3:1)
    at apply (http://localhost:9876/_karma_webpack_/webpack:/node_modules/@babel/runtime/helpers/asyncToGenerator.js:20:1)
    at _ZoneDelegate.invoke (http://localhost:9876/_karma_webpack_/webpack:/node_modules/zone.js/fesm2015/zone.js:398:28)
    at ProxyZoneSpec.onInvoke (http://localhost:9876/_karma_webpack_/webpack:/node_modules/zone.js/fesm2015/zone-testing.js:2132:39)
    at _ZoneDelegate.invoke (http://localhost:9876/_karma_webpack_/webpack:/node_modules/zone.js/fesm2015/zone.js:397:34)
    at Object.onInvoke (http://localhost:9876/_karma_webpack_/webpack:/node_modules/@angular/core/fesm2022/core.mjs:6568:33)
[1A[2KERROR: [36m'Error loading maturity stages:', Error: Database initialization failed
Error: Database initialization failed
    at http://localhost:9876/_karma_webpack_/webpack:/src/app/services/sqljs.service.ts:116:13
    at Generator.throw (<anonymous>)
    at asyncGeneratorStep (http://localhost:9876/_karma_webpack_/webpack:/node_modules/@babel/runtime/helpers/esm/asyncToGenerator.js:3:1)
    at apply (http://localhost:9876/_karma_webpack_/webpack:/node_modules/@babel/runtime/helpers/esm/asyncToGenerator.js:20:1)
    at _ZoneDelegate.invoke (http://localhost:9876/_karma_webpack_/webpack:/node_modules/zone.js/fesm2015/zone.js:398:28)
    at ProxyZoneSpec.onInvoke (http://localhost:9876/_karma_webpack_/webpack:/node_modules/zone.js/fesm2015/zone-testing.js:2132:39)
    at _ZoneDelegate.invoke (http://localhost:9876/_karma_webpack_/webpack:/node_modules/zone.js/fesm2015/zone.js:397:34)
    at Object.onInvoke (http://localhost:9876/_karma_webpack_/webpack:/node_modules/@angular/core/fesm2022/core.mjs:6568:33)
    at _ZoneDelegate.invoke (http://localhost:9876/_karma_webpack_/webpack:/node_modules/zone.js/fesm2015/zone.js:397:34)
    at ZoneImpl.run (http://localhost:9876/_karma_webpack_/webpack:/node_modules/zone.js/fesm2015/zone.js:113:43)[39m
Chrome Headless 137.0.0.0 (Mac OS 10.15.7): Executed 117 of 158[32m SUCCESS[39m (0 secs / 3.325 secs)
ERROR: 'Error loading maturity stages:', Error: Database initialization failed
Error: Database initialization failed
    at http://localhost:9876/_karma_webpack_/webpack:/src/app/services/sqljs.service.ts:116:13
    at Generator.throw (<anonymous>)
    at asyncGeneratorStep (http://localhost:9876/_karma_webpack_/webpack:/node_modules/@babel/runtime/helpers/esm/asyncToGenerator.js:3:1)
    at apply (http://localhost:9876/_karma_webpack_/webpack:/node_modules/@babel/runtime/helpers/esm/asyncToGenerator.js:20:1)
    at _ZoneDelegate.invoke (http://localhost:9876/_karma_webpack_/webpack:/node_modules/zone.js/fesm2015/zone.js:398:28)
    at ProxyZoneSpec.onInvoke (http://localhost:9876/_karma_webpack_/webpack:/node_modules/zone.js/fesm2015/zone-testing.js:2132:39)
    at _ZoneDelegate.invoke (http://localhost:9876/_karma_webpack_/webpack:/node_modules/zone.js/fesm2015/zone.js:397:34)
    at Object.onInvoke (http://localhost:9876/_karma_webpack_/webpack:/node_modules/@angular/core/fesm2022/core.mjs:6568:33)
    at _ZoneDelegate.invoke (http://localhost:9876/_karma_webpack_/webpack:/node_modules/zone.js/fesm2015/zone.js:397:34)
    at ZoneImpl.run (http://localhost:9876/_karma_webpack_/webpack:/node_modules/zone.js/fesm2015/zone.js:113:43)
[1A[2KERROR: [36m'Failed to initialize SQL.js service:', Error: both async and sync fetching of the wasm failed
Error: both async and sync fetching of the wasm failed
    at Object.Module.onAbort (http://localhost:9876/_karma_webpack_/webpack:/node_modules/sql.js/dist/sql-wasm.js:40:20)
    at Ta (http://localhost:9876/_karma_webpack_/webpack:/node_modules/sql.js/dist/sql-wasm.js:97:376)
    at http://localhost:9876/_karma_webpack_/webpack:/node_modules/sql.js/dist/sql-wasm.js:98:351
    at Generator.throw (<anonymous>)
    at asyncGeneratorStep (http://localhost:9876/_karma_webpack_/webpack:/node_modules/@babel/runtime/helpers/asyncToGenerator.js:3:1)
    at apply (http://localhost:9876/_karma_webpack_/webpack:/node_modules/@babel/runtime/helpers/asyncToGenerator.js:20:1)
    at _ZoneDelegate.invoke (http://localhost:9876/_karma_webpack_/webpack:/node_modules/zone.js/fesm2015/zone.js:398:28)
    at ProxyZoneSpec.onInvoke (http://localhost:9876/_karma_webpack_/webpack:/node_modules/zone.js/fesm2015/zone-testing.js:2132:39)
    at _ZoneDelegate.invoke (http://localhost:9876/_karma_webpack_/webpack:/node_modules/zone.js/fesm2015/zone.js:397:34)
    at Object.onInvoke (http://localhost:9876/_karma_webpack_/webpack:/node_modules/@angular/core/fesm2022/core.mjs:6568:33)[39m
Chrome Headless 137.0.0.0 (Mac OS 10.15.7): Executed 117 of 158[32m SUCCESS[39m (0 secs / 3.325 secs)
ERROR: 'Failed to initialize SQL.js service:', Error: both async and sync fetching of the wasm failed
Error: both async and sync fetching of the wasm failed
    at Object.Module.onAbort (http://localhost:9876/_karma_webpack_/webpack:/node_modules/sql.js/dist/sql-wasm.js:40:20)
    at Ta (http://localhost:9876/_karma_webpack_/webpack:/node_modules/sql.js/dist/sql-wasm.js:97:376)
    at http://localhost:9876/_karma_webpack_/webpack:/node_modules/sql.js/dist/sql-wasm.js:98:351
    at Generator.throw (<anonymous>)
    at asyncGeneratorStep (http://localhost:9876/_karma_webpack_/webpack:/node_modules/@babel/runtime/helpers/asyncToGenerator.js:3:1)
    at apply (http://localhost:9876/_karma_webpack_/webpack:/node_modules/@babel/runtime/helpers/asyncToGenerator.js:20:1)
    at _ZoneDelegate.invoke (http://localhost:9876/_karma_webpack_/webpack:/node_modules/zone.js/fesm2015/zone.js:398:28)
    at ProxyZoneSpec.onInvoke (http://localhost:9876/_karma_webpack_/webpack:/node_modules/zone.js/fesm2015/zone-testing.js:2132:39)
    at _ZoneDelegate.invoke (http://localhost:9876/_karma_webpack_/webpack:/node_modules/zone.js/fesm2015/zone.js:397:34)
    at Object.onInvoke (http://localhost:9876/_karma_webpack_/webpack:/node_modules/@angular/core/fesm2022/core.mjs:6568:33)
[1A[2KERROR: [36m'Error getting data statistics:', Error: Database initialization failed
Error: Database initialization failed
    at http://localhost:9876/_karma_webpack_/webpack:/src/app/services/sqljs.service.ts:116:13
    at Generator.throw (<anonymous>)
    at asyncGeneratorStep (http://localhost:9876/_karma_webpack_/webpack:/node_modules/@babel/runtime/helpers/esm/asyncToGenerator.js:3:1)
    at apply (http://localhost:9876/_karma_webpack_/webpack:/node_modules/@babel/runtime/helpers/esm/asyncToGenerator.js:20:1)
    at _ZoneDelegate.invoke (http://localhost:9876/_karma_webpack_/webpack:/node_modules/zone.js/fesm2015/zone.js:398:28)
    at ProxyZoneSpec.onInvoke (http://localhost:9876/_karma_webpack_/webpack:/node_modules/zone.js/fesm2015/zone-testing.js:2132:39)
    at _ZoneDelegate.invoke (http://localhost:9876/_karma_webpack_/webpack:/node_modules/zone.js/fesm2015/zone.js:397:34)
    at Object.onInvoke (http://localhost:9876/_karma_webpack_/webpack:/node_modules/@angular/core/fesm2022/core.mjs:6568:33)
    at _ZoneDelegate.invoke (http://localhost:9876/_karma_webpack_/webpack:/node_modules/zone.js/fesm2015/zone.js:397:34)
    at ZoneImpl.run (http://localhost:9876/_karma_webpack_/webpack:/node_modules/zone.js/fesm2015/zone.js:113:43)[39m
Chrome Headless 137.0.0.0 (Mac OS 10.15.7): Executed 117 of 158[32m SUCCESS[39m (0 secs / 3.325 secs)
ERROR: 'Error getting data statistics:', Error: Database initialization failed
Error: Database initialization failed
    at http://localhost:9876/_karma_webpack_/webpack:/src/app/services/sqljs.service.ts:116:13
    at Generator.throw (<anonymous>)
    at asyncGeneratorStep (http://localhost:9876/_karma_webpack_/webpack:/node_modules/@babel/runtime/helpers/esm/asyncToGenerator.js:3:1)
    at apply (http://localhost:9876/_karma_webpack_/webpack:/node_modules/@babel/runtime/helpers/esm/asyncToGenerator.js:20:1)
    at _ZoneDelegate.invoke (http://localhost:9876/_karma_webpack_/webpack:/node_modules/zone.js/fesm2015/zone.js:398:28)
    at ProxyZoneSpec.onInvoke (http://localhost:9876/_karma_webpack_/webpack:/node_modules/zone.js/fesm2015/zone-testing.js:2132:39)
    at _ZoneDelegate.invoke (http://localhost:9876/_karma_webpack_/webpack:/node_modules/zone.js/fesm2015/zone.js:397:34)
    at Object.onInvoke (http://localhost:9876/_karma_webpack_/webpack:/node_modules/@angular/core/fesm2022/core.mjs:6568:33)
    at _ZoneDelegate.invoke (http://localhost:9876/_karma_webpack_/webpack:/node_modules/zone.js/fesm2015/zone.js:397:34)
    at ZoneImpl.run (http://localhost:9876/_karma_webpack_/webpack:/node_modules/zone.js/fesm2015/zone.js:113:43)
[1A[2KERROR: [36m'Error loading pillars:', Error: Database initialization failed
Error: Database initialization failed
    at http://localhost:9876/_karma_webpack_/webpack:/src/app/services/sqljs.service.ts:116:13
    at Generator.throw (<anonymous>)
    at asyncGeneratorStep (http://localhost:9876/_karma_webpack_/webpack:/node_modules/@babel/runtime/helpers/esm/asyncToGenerator.js:3:1)
    at apply (http://localhost:9876/_karma_webpack_/webpack:/node_modules/@babel/runtime/helpers/esm/asyncToGenerator.js:20:1)
    at _ZoneDelegate.invoke (http://localhost:9876/_karma_webpack_/webpack:/node_modules/zone.js/fesm2015/zone.js:398:28)
    at ProxyZoneSpec.onInvoke (http://localhost:9876/_karma_webpack_/webpack:/node_modules/zone.js/fesm2015/zone-testing.js:2132:39)
    at _ZoneDelegate.invoke (http://localhost:9876/_karma_webpack_/webpack:/node_modules/zone.js/fesm2015/zone.js:397:34)
    at Object.onInvoke (http://localhost:9876/_karma_webpack_/webpack:/node_modules/@angular/core/fesm2022/core.mjs:6568:33)
    at _ZoneDelegate.invoke (http://localhost:9876/_karma_webpack_/webpack:/node_modules/zone.js/fesm2015/zone.js:397:34)
    at ZoneImpl.run (http://localhost:9876/_karma_webpack_/webpack:/node_modules/zone.js/fesm2015/zone.js:113:43)[39m
Chrome Headless 137.0.0.0 (Mac OS 10.15.7): Executed 117 of 158[32m SUCCESS[39m (0 secs / 3.325 secs)
ERROR: 'Error loading pillars:', Error: Database initialization failed
Error: Database initialization failed
    at http://localhost:9876/_karma_webpack_/webpack:/src/app/services/sqljs.service.ts:116:13
    at Generator.throw (<anonymous>)
    at asyncGeneratorStep (http://localhost:9876/_karma_webpack_/webpack:/node_modules/@babel/runtime/helpers/esm/asyncToGenerator.js:3:1)
    at apply (http://localhost:9876/_karma_webpack_/webpack:/node_modules/@babel/runtime/helpers/esm/asyncToGenerator.js:20:1)
    at _ZoneDelegate.invoke (http://localhost:9876/_karma_webpack_/webpack:/node_modules/zone.js/fesm2015/zone.js:398:28)
    at ProxyZoneSpec.onInvoke (http://localhost:9876/_karma_webpack_/webpack:/node_modules/zone.js/fesm2015/zone-testing.js:2132:39)
    at _ZoneDelegate.invoke (http://localhost:9876/_karma_webpack_/webpack:/node_modules/zone.js/fesm2015/zone.js:397:34)
    at Object.onInvoke (http://localhost:9876/_karma_webpack_/webpack:/node_modules/@angular/core/fesm2022/core.mjs:6568:33)
    at _ZoneDelegate.invoke (http://localhost:9876/_karma_webpack_/webpack:/node_modules/zone.js/fesm2015/zone.js:397:34)
    at ZoneImpl.run (http://localhost:9876/_karma_webpack_/webpack:/node_modules/zone.js/fesm2015/zone.js:113:43)
[1A[2KERROR: [36m'Failed to initialize SQL.js service:', Error: both async and sync fetching of the wasm failed
Error: both async and sync fetching of the wasm failed
    at Object.Module.onAbort (http://localhost:9876/_karma_webpack_/webpack:/node_modules/sql.js/dist/sql-wasm.js:40:20)
    at Ta (http://localhost:9876/_karma_webpack_/webpack:/node_modules/sql.js/dist/sql-wasm.js:97:376)
    at http://localhost:9876/_karma_webpack_/webpack:/node_modules/sql.js/dist/sql-wasm.js:98:351
    at Generator.throw (<anonymous>)
    at asyncGeneratorStep (http://localhost:9876/_karma_webpack_/webpack:/node_modules/@babel/runtime/helpers/asyncToGenerator.js:3:1)
    at apply (http://localhost:9876/_karma_webpack_/webpack:/node_modules/@babel/runtime/helpers/asyncToGenerator.js:20:1)
    at _ZoneDelegate.invoke (http://localhost:9876/_karma_webpack_/webpack:/node_modules/zone.js/fesm2015/zone.js:398:28)
    at ProxyZoneSpec.onInvoke (http://localhost:9876/_karma_webpack_/webpack:/node_modules/zone.js/fesm2015/zone-testing.js:2132:39)
    at _ZoneDelegate.invoke (http://localhost:9876/_karma_webpack_/webpack:/node_modules/zone.js/fesm2015/zone.js:397:34)
    at Object.onInvoke (http://localhost:9876/_karma_webpack_/webpack:/node_modules/@angular/core/fesm2022/core.mjs:6568:33)[39m
Chrome Headless 137.0.0.0 (Mac OS 10.15.7): Executed 117 of 158[32m SUCCESS[39m (0 secs / 3.325 secs)
ERROR: 'Failed to initialize SQL.js service:', Error: both async and sync fetching of the wasm failed
Error: both async and sync fetching of the wasm failed
    at Object.Module.onAbort (http://localhost:9876/_karma_webpack_/webpack:/node_modules/sql.js/dist/sql-wasm.js:40:20)
    at Ta (http://localhost:9876/_karma_webpack_/webpack:/node_modules/sql.js/dist/sql-wasm.js:97:376)
    at http://localhost:9876/_karma_webpack_/webpack:/node_modules/sql.js/dist/sql-wasm.js:98:351
    at Generator.throw (<anonymous>)
    at asyncGeneratorStep (http://localhost:9876/_karma_webpack_/webpack:/node_modules/@babel/runtime/helpers/asyncToGenerator.js:3:1)
    at apply (http://localhost:9876/_karma_webpack_/webpack:/node_modules/@babel/runtime/helpers/asyncToGenerator.js:20:1)
    at _ZoneDelegate.invoke (http://localhost:9876/_karma_webpack_/webpack:/node_modules/zone.js/fesm2015/zone.js:398:28)
    at ProxyZoneSpec.onInvoke (http://localhost:9876/_karma_webpack_/webpack:/node_modules/zone.js/fesm2015/zone-testing.js:2132:39)
    at _ZoneDelegate.invoke (http://localhost:9876/_karma_webpack_/webpack:/node_modules/zone.js/fesm2015/zone.js:397:34)
    at Object.onInvoke (http://localhost:9876/_karma_webpack_/webpack:/node_modules/@angular/core/fesm2022/core.mjs:6568:33)
[1A[2KERROR: [36m'Error loading function capabilities:', Error: Database initialization failed
Error: Database initialization failed
    at http://localhost:9876/_karma_webpack_/webpack:/src/app/services/sqljs.service.ts:116:13
    at Generator.throw (<anonymous>)
    at asyncGeneratorStep (http://localhost:9876/_karma_webpack_/webpack:/node_modules/@babel/runtime/helpers/esm/asyncToGenerator.js:3:1)
    at apply (http://localhost:9876/_karma_webpack_/webpack:/node_modules/@babel/runtime/helpers/esm/asyncToGenerator.js:20:1)
    at _ZoneDelegate.invoke (http://localhost:9876/_karma_webpack_/webpack:/node_modules/zone.js/fesm2015/zone.js:398:28)
    at ProxyZoneSpec.onInvoke (http://localhost:9876/_karma_webpack_/webpack:/node_modules/zone.js/fesm2015/zone-testing.js:2132:39)
    at _ZoneDelegate.invoke (http://localhost:9876/_karma_webpack_/webpack:/node_modules/zone.js/fesm2015/zone.js:397:34)
    at Object.onInvoke (http://localhost:9876/_karma_webpack_/webpack:/node_modules/@angular/core/fesm2022/core.mjs:6568:33)
    at _ZoneDelegate.invoke (http://localhost:9876/_karma_webpack_/webpack:/node_modules/zone.js/fesm2015/zone.js:397:34)
    at ZoneImpl.run (http://localhost:9876/_karma_webpack_/webpack:/node_modules/zone.js/fesm2015/zone.js:113:43)[39m
Chrome Headless 137.0.0.0 (Mac OS 10.15.7): Executed 117 of 158[32m SUCCESS[39m (0 secs / 3.325 secs)
ERROR: 'Error loading function capabilities:', Error: Database initialization failed
Error: Database initialization failed
    at http://localhost:9876/_karma_webpack_/webpack:/src/app/services/sqljs.service.ts:116:13
    at Generator.throw (<anonymous>)
    at asyncGeneratorStep (http://localhost:9876/_karma_webpack_/webpack:/node_modules/@babel/runtime/helpers/esm/asyncToGenerator.js:3:1)
    at apply (http://localhost:9876/_karma_webpack_/webpack:/node_modules/@babel/runtime/helpers/esm/asyncToGenerator.js:20:1)
    at _ZoneDelegate.invoke (http://localhost:9876/_karma_webpack_/webpack:/node_modules/zone.js/fesm2015/zone.js:398:28)
    at ProxyZoneSpec.onInvoke (http://localhost:9876/_karma_webpack_/webpack:/node_modules/zone.js/fesm2015/zone-testing.js:2132:39)
    at _ZoneDelegate.invoke (http://localhost:9876/_karma_webpack_/webpack:/node_modules/zone.js/fesm2015/zone.js:397:34)
    at Object.onInvoke (http://localhost:9876/_karma_webpack_/webpack:/node_modules/@angular/core/fesm2022/core.mjs:6568:33)
    at _ZoneDelegate.invoke (http://localhost:9876/_karma_webpack_/webpack:/node_modules/zone.js/fesm2015/zone.js:397:34)
    at ZoneImpl.run (http://localhost:9876/_karma_webpack_/webpack:/node_modules/zone.js/fesm2015/zone.js:113:43)
[1A[2KChrome Headless 137.0.0.0 (Mac OS 10.15.7): Executed 118 of 158[32m SUCCESS[39m (0 secs / 3.328 secs)
[1A[2KChrome Headless 137.0.0.0 (Mac OS 10.15.7): Executed 119 of 158[32m SUCCESS[39m (0 secs / 3.329 secs)
[1A[2KChrome Headless 137.0.0.0 (Mac OS 10.15.7): Executed 120 of 158[32m SUCCESS[39m (0 secs / 3.33 secs)
[1A[2KChrome Headless 137.0.0.0 (Mac OS 10.15.7): Executed 121 of 158[32m SUCCESS[39m (0 secs / 3.331 secs)
[1A[2KChrome Headless 137.0.0.0 (Mac OS 10.15.7): Executed 122 of 158[32m SUCCESS[39m (0 secs / 3.331 secs)
[1A[2KChrome Headless 137.0.0.0 (Mac OS 10.15.7): Executed 123 of 158[32m SUCCESS[39m (0 secs / 3.332 secs)
[1A[2KERROR: [36m'Failed to initialize SQL.js service:', Error: both async and sync fetching of the wasm failed
Error: both async and sync fetching of the wasm failed
    at Object.Module.onAbort (http://localhost:9876/_karma_webpack_/webpack:/node_modules/sql.js/dist/sql-wasm.js:40:20)
    at Ta (http://localhost:9876/_karma_webpack_/webpack:/node_modules/sql.js/dist/sql-wasm.js:97:376)
    at http://localhost:9876/_karma_webpack_/webpack:/node_modules/sql.js/dist/sql-wasm.js:98:351
    at Generator.throw (<anonymous>)
    at asyncGeneratorStep (http://localhost:9876/_karma_webpack_/webpack:/node_modules/@babel/runtime/helpers/asyncToGenerator.js:3:1)
    at apply (http://localhost:9876/_karma_webpack_/webpack:/node_modules/@babel/runtime/helpers/asyncToGenerator.js:20:1)
    at _ZoneDelegate.invoke (http://localhost:9876/_karma_webpack_/webpack:/node_modules/zone.js/fesm2015/zone.js:398:28)
    at ProxyZoneSpec.onInvoke (http://localhost:9876/_karma_webpack_/webpack:/node_modules/zone.js/fesm2015/zone-testing.js:2132:39)
    at _ZoneDelegate.invoke (http://localhost:9876/_karma_webpack_/webpack:/node_modules/zone.js/fesm2015/zone.js:397:34)
    at Object.onInvoke (http://localhost:9876/_karma_webpack_/webpack:/node_modules/@angular/core/fesm2022/core.mjs:6568:33)[39m
Chrome Headless 137.0.0.0 (Mac OS 10.15.7): Executed 123 of 158[32m SUCCESS[39m (0 secs / 3.332 secs)
ERROR: 'Failed to initialize SQL.js service:', Error: both async and sync fetching of the wasm failed
Error: both async and sync fetching of the wasm failed
    at Object.Module.onAbort (http://localhost:9876/_karma_webpack_/webpack:/node_modules/sql.js/dist/sql-wasm.js:40:20)
    at Ta (http://localhost:9876/_karma_webpack_/webpack:/node_modules/sql.js/dist/sql-wasm.js:97:376)
    at http://localhost:9876/_karma_webpack_/webpack:/node_modules/sql.js/dist/sql-wasm.js:98:351
    at Generator.throw (<anonymous>)
    at asyncGeneratorStep (http://localhost:9876/_karma_webpack_/webpack:/node_modules/@babel/runtime/helpers/asyncToGenerator.js:3:1)
    at apply (http://localhost:9876/_karma_webpack_/webpack:/node_modules/@babel/runtime/helpers/asyncToGenerator.js:20:1)
    at _ZoneDelegate.invoke (http://localhost:9876/_karma_webpack_/webpack:/node_modules/zone.js/fesm2015/zone.js:398:28)
    at ProxyZoneSpec.onInvoke (http://localhost:9876/_karma_webpack_/webpack:/node_modules/zone.js/fesm2015/zone-testing.js:2132:39)
    at _ZoneDelegate.invoke (http://localhost:9876/_karma_webpack_/webpack:/node_modules/zone.js/fesm2015/zone.js:397:34)
    at Object.onInvoke (http://localhost:9876/_karma_webpack_/webpack:/node_modules/@angular/core/fesm2022/core.mjs:6568:33)
[1A[2KChrome Headless 137.0.0.0 (Mac OS 10.15.7): Executed 124 of 158[32m SUCCESS[39m (0 secs / 3.332 secs)
[1A[2KChrome Headless 137.0.0.0 (Mac OS 10.15.7): Executed 125 of 158[32m SUCCESS[39m (0 secs / 3.333 secs)
[1A[2KChrome Headless 137.0.0.0 (Mac OS 10.15.7): Executed 126 of 158[32m SUCCESS[39m (0 secs / 3.333 secs)
[1A[2KERROR: [36m'Failed to initialize SQL.js service:', Error: both async and sync fetching of the wasm failed
Error: both async and sync fetching of the wasm failed
    at Object.Module.onAbort (http://localhost:9876/_karma_webpack_/webpack:/node_modules/sql.js/dist/sql-wasm.js:40:20)
    at Ta (http://localhost:9876/_karma_webpack_/webpack:/node_modules/sql.js/dist/sql-wasm.js:97:376)
    at http://localhost:9876/_karma_webpack_/webpack:/node_modules/sql.js/dist/sql-wasm.js:98:351
    at Generator.throw (<anonymous>)
    at asyncGeneratorStep (http://localhost:9876/_karma_webpack_/webpack:/node_modules/@babel/runtime/helpers/asyncToGenerator.js:3:1)
    at apply (http://localhost:9876/_karma_webpack_/webpack:/node_modules/@babel/runtime/helpers/asyncToGenerator.js:20:1)
    at _ZoneDelegate.invoke (http://localhost:9876/_karma_webpack_/webpack:/node_modules/zone.js/fesm2015/zone.js:398:28)
    at ProxyZoneSpec.onInvoke (http://localhost:9876/_karma_webpack_/webpack:/node_modules/zone.js/fesm2015/zone-testing.js:2132:39)
    at _ZoneDelegate.invoke (http://localhost:9876/_karma_webpack_/webpack:/node_modules/zone.js/fesm2015/zone.js:397:34)
    at Object.onInvoke (http://localhost:9876/_karma_webpack_/webpack:/node_modules/@angular/core/fesm2022/core.mjs:6568:33)[39m
Chrome Headless 137.0.0.0 (Mac OS 10.15.7): Executed 126 of 158[32m SUCCESS[39m (0 secs / 3.333 secs)
ERROR: 'Failed to initialize SQL.js service:', Error: both async and sync fetching of the wasm failed
Error: both async and sync fetching of the wasm failed
    at Object.Module.onAbort (http://localhost:9876/_karma_webpack_/webpack:/node_modules/sql.js/dist/sql-wasm.js:40:20)
    at Ta (http://localhost:9876/_karma_webpack_/webpack:/node_modules/sql.js/dist/sql-wasm.js:97:376)
    at http://localhost:9876/_karma_webpack_/webpack:/node_modules/sql.js/dist/sql-wasm.js:98:351
    at Generator.throw (<anonymous>)
    at asyncGeneratorStep (http://localhost:9876/_karma_webpack_/webpack:/node_modules/@babel/runtime/helpers/asyncToGenerator.js:3:1)
    at apply (http://localhost:9876/_karma_webpack_/webpack:/node_modules/@babel/runtime/helpers/asyncToGenerator.js:20:1)
    at _ZoneDelegate.invoke (http://localhost:9876/_karma_webpack_/webpack:/node_modules/zone.js/fesm2015/zone.js:398:28)
    at ProxyZoneSpec.onInvoke (http://localhost:9876/_karma_webpack_/webpack:/node_modules/zone.js/fesm2015/zone-testing.js:2132:39)
    at _ZoneDelegate.invoke (http://localhost:9876/_karma_webpack_/webpack:/node_modules/zone.js/fesm2015/zone.js:397:34)
    at Object.onInvoke (http://localhost:9876/_karma_webpack_/webpack:/node_modules/@angular/core/fesm2022/core.mjs:6568:33)
[1A[2KERROR: [36m'Failed to initialize SQL.js service:', Error: both async and sync fetching of the wasm failed
Error: both async and sync fetching of the wasm failed
    at Object.Module.onAbort (http://localhost:9876/_karma_webpack_/webpack:/node_modules/sql.js/dist/sql-wasm.js:40:20)
    at Ta (http://localhost:9876/_karma_webpack_/webpack:/node_modules/sql.js/dist/sql-wasm.js:97:376)
    at http://localhost:9876/_karma_webpack_/webpack:/node_modules/sql.js/dist/sql-wasm.js:98:351
    at Generator.throw (<anonymous>)
    at asyncGeneratorStep (http://localhost:9876/_karma_webpack_/webpack:/node_modules/@babel/runtime/helpers/asyncToGenerator.js:3:1)
    at apply (http://localhost:9876/_karma_webpack_/webpack:/node_modules/@babel/runtime/helpers/asyncToGenerator.js:20:1)
    at _ZoneDelegate.invoke (http://localhost:9876/_karma_webpack_/webpack:/node_modules/zone.js/fesm2015/zone.js:398:28)
    at ProxyZoneSpec.onInvoke (http://localhost:9876/_karma_webpack_/webpack:/node_modules/zone.js/fesm2015/zone-testing.js:2132:39)
    at _ZoneDelegate.invoke (http://localhost:9876/_karma_webpack_/webpack:/node_modules/zone.js/fesm2015/zone.js:397:34)
    at Object.onInvoke (http://localhost:9876/_karma_webpack_/webpack:/node_modules/@angular/core/fesm2022/core.mjs:6568:33)[39m
Chrome Headless 137.0.0.0 (Mac OS 10.15.7): Executed 126 of 158[32m SUCCESS[39m (0 secs / 3.333 secs)
ERROR: 'Failed to initialize SQL.js service:', Error: both async and sync fetching of the wasm failed
Error: both async and sync fetching of the wasm failed
    at Object.Module.onAbort (http://localhost:9876/_karma_webpack_/webpack:/node_modules/sql.js/dist/sql-wasm.js:40:20)
    at Ta (http://localhost:9876/_karma_webpack_/webpack:/node_modules/sql.js/dist/sql-wasm.js:97:376)
    at http://localhost:9876/_karma_webpack_/webpack:/node_modules/sql.js/dist/sql-wasm.js:98:351
    at Generator.throw (<anonymous>)
    at asyncGeneratorStep (http://localhost:9876/_karma_webpack_/webpack:/node_modules/@babel/runtime/helpers/asyncToGenerator.js:3:1)
    at apply (http://localhost:9876/_karma_webpack_/webpack:/node_modules/@babel/runtime/helpers/asyncToGenerator.js:20:1)
    at _ZoneDelegate.invoke (http://localhost:9876/_karma_webpack_/webpack:/node_modules/zone.js/fesm2015/zone.js:398:28)
    at ProxyZoneSpec.onInvoke (http://localhost:9876/_karma_webpack_/webpack:/node_modules/zone.js/fesm2015/zone-testing.js:2132:39)
    at _ZoneDelegate.invoke (http://localhost:9876/_karma_webpack_/webpack:/node_modules/zone.js/fesm2015/zone.js:397:34)
    at Object.onInvoke (http://localhost:9876/_karma_webpack_/webpack:/node_modules/@angular/core/fesm2022/core.mjs:6568:33)
[1A[2KERROR: [36m'Failed to initialize SQL.js service:', Error: both async and sync fetching of the wasm failed
Error: both async and sync fetching of the wasm failed
    at Object.Module.onAbort (http://localhost:9876/_karma_webpack_/webpack:/node_modules/sql.js/dist/sql-wasm.js:40:20)
    at Ta (http://localhost:9876/_karma_webpack_/webpack:/node_modules/sql.js/dist/sql-wasm.js:97:376)
    at http://localhost:9876/_karma_webpack_/webpack:/node_modules/sql.js/dist/sql-wasm.js:98:351
    at Generator.throw (<anonymous>)
    at asyncGeneratorStep (http://localhost:9876/_karma_webpack_/webpack:/node_modules/@babel/runtime/helpers/asyncToGenerator.js:3:1)
    at apply (http://localhost:9876/_karma_webpack_/webpack:/node_modules/@babel/runtime/helpers/asyncToGenerator.js:20:1)
    at _ZoneDelegate.invoke (http://localhost:9876/_karma_webpack_/webpack:/node_modules/zone.js/fesm2015/zone.js:398:28)
    at ProxyZoneSpec.onInvoke (http://localhost:9876/_karma_webpack_/webpack:/node_modules/zone.js/fesm2015/zone-testing.js:2132:39)
    at _ZoneDelegate.invoke (http://localhost:9876/_karma_webpack_/webpack:/node_modules/zone.js/fesm2015/zone.js:397:34)
    at Object.onInvoke (http://localhost:9876/_karma_webpack_/webpack:/node_modules/@angular/core/fesm2022/core.mjs:6568:33)[39m
Chrome Headless 137.0.0.0 (Mac OS 10.15.7): Executed 126 of 158[32m SUCCESS[39m (0 secs / 3.333 secs)
ERROR: 'Failed to initialize SQL.js service:', Error: both async and sync fetching of the wasm failed
Error: both async and sync fetching of the wasm failed
    at Object.Module.onAbort (http://localhost:9876/_karma_webpack_/webpack:/node_modules/sql.js/dist/sql-wasm.js:40:20)
    at Ta (http://localhost:9876/_karma_webpack_/webpack:/node_modules/sql.js/dist/sql-wasm.js:97:376)
    at http://localhost:9876/_karma_webpack_/webpack:/node_modules/sql.js/dist/sql-wasm.js:98:351
    at Generator.throw (<anonymous>)
    at asyncGeneratorStep (http://localhost:9876/_karma_webpack_/webpack:/node_modules/@babel/runtime/helpers/asyncToGenerator.js:3:1)
    at apply (http://localhost:9876/_karma_webpack_/webpack:/node_modules/@babel/runtime/helpers/asyncToGenerator.js:20:1)
    at _ZoneDelegate.invoke (http://localhost:9876/_karma_webpack_/webpack:/node_modules/zone.js/fesm2015/zone.js:398:28)
    at ProxyZoneSpec.onInvoke (http://localhost:9876/_karma_webpack_/webpack:/node_modules/zone.js/fesm2015/zone-testing.js:2132:39)
    at _ZoneDelegate.invoke (http://localhost:9876/_karma_webpack_/webpack:/node_modules/zone.js/fesm2015/zone.js:397:34)
    at Object.onInvoke (http://localhost:9876/_karma_webpack_/webpack:/node_modules/@angular/core/fesm2022/core.mjs:6568:33)
[1A[2KERROR: [36m'Failed to initialize SQL.js service:', Error: both async and sync fetching of the wasm failed
Error: both async and sync fetching of the wasm failed
    at Object.Module.onAbort (http://localhost:9876/_karma_webpack_/webpack:/node_modules/sql.js/dist/sql-wasm.js:40:20)
    at Ta (http://localhost:9876/_karma_webpack_/webpack:/node_modules/sql.js/dist/sql-wasm.js:97:376)
    at http://localhost:9876/_karma_webpack_/webpack:/node_modules/sql.js/dist/sql-wasm.js:98:351
    at Generator.throw (<anonymous>)
    at asyncGeneratorStep (http://localhost:9876/_karma_webpack_/webpack:/node_modules/@babel/runtime/helpers/asyncToGenerator.js:3:1)
    at apply (http://localhost:9876/_karma_webpack_/webpack:/node_modules/@babel/runtime/helpers/asyncToGenerator.js:20:1)
    at _ZoneDelegate.invoke (http://localhost:9876/_karma_webpack_/webpack:/node_modules/zone.js/fesm2015/zone.js:398:28)
    at ProxyZoneSpec.onInvoke (http://localhost:9876/_karma_webpack_/webpack:/node_modules/zone.js/fesm2015/zone-testing.js:2132:39)
    at _ZoneDelegate.invoke (http://localhost:9876/_karma_webpack_/webpack:/node_modules/zone.js/fesm2015/zone.js:397:34)
    at Object.onInvoke (http://localhost:9876/_karma_webpack_/webpack:/node_modules/@angular/core/fesm2022/core.mjs:6568:33)[39m
Chrome Headless 137.0.0.0 (Mac OS 10.15.7): Executed 126 of 158[32m SUCCESS[39m (0 secs / 3.333 secs)
ERROR: 'Failed to initialize SQL.js service:', Error: both async and sync fetching of the wasm failed
Error: both async and sync fetching of the wasm failed
    at Object.Module.onAbort (http://localhost:9876/_karma_webpack_/webpack:/node_modules/sql.js/dist/sql-wasm.js:40:20)
    at Ta (http://localhost:9876/_karma_webpack_/webpack:/node_modules/sql.js/dist/sql-wasm.js:97:376)
    at http://localhost:9876/_karma_webpack_/webpack:/node_modules/sql.js/dist/sql-wasm.js:98:351
    at Generator.throw (<anonymous>)
    at asyncGeneratorStep (http://localhost:9876/_karma_webpack_/webpack:/node_modules/@babel/runtime/helpers/asyncToGenerator.js:3:1)
    at apply (http://localhost:9876/_karma_webpack_/webpack:/node_modules/@babel/runtime/helpers/asyncToGenerator.js:20:1)
    at _ZoneDelegate.invoke (http://localhost:9876/_karma_webpack_/webpack:/node_modules/zone.js/fesm2015/zone.js:398:28)
    at ProxyZoneSpec.onInvoke (http://localhost:9876/_karma_webpack_/webpack:/node_modules/zone.js/fesm2015/zone-testing.js:2132:39)
    at _ZoneDelegate.invoke (http://localhost:9876/_karma_webpack_/webpack:/node_modules/zone.js/fesm2015/zone.js:397:34)
    at Object.onInvoke (http://localhost:9876/_karma_webpack_/webpack:/node_modules/@angular/core/fesm2022/core.mjs:6568:33)
[1A[2KERROR: [36m'Failed to initialize SQL.js service:', Error: both async and sync fetching of the wasm failed
Error: both async and sync fetching of the wasm failed
    at Object.Module.onAbort (http://localhost:9876/_karma_webpack_/webpack:/node_modules/sql.js/dist/sql-wasm.js:40:20)
    at Ta (http://localhost:9876/_karma_webpack_/webpack:/node_modules/sql.js/dist/sql-wasm.js:97:376)
    at http://localhost:9876/_karma_webpack_/webpack:/node_modules/sql.js/dist/sql-wasm.js:98:351
    at Generator.throw (<anonymous>)
    at asyncGeneratorStep (http://localhost:9876/_karma_webpack_/webpack:/node_modules/@babel/runtime/helpers/asyncToGenerator.js:3:1)
    at apply (http://localhost:9876/_karma_webpack_/webpack:/node_modules/@babel/runtime/helpers/asyncToGenerator.js:20:1)
    at _ZoneDelegate.invoke (http://localhost:9876/_karma_webpack_/webpack:/node_modules/zone.js/fesm2015/zone.js:398:28)
    at ProxyZoneSpec.onInvoke (http://localhost:9876/_karma_webpack_/webpack:/node_modules/zone.js/fesm2015/zone-testing.js:2132:39)
    at _ZoneDelegate.invoke (http://localhost:9876/_karma_webpack_/webpack:/node_modules/zone.js/fesm2015/zone.js:397:34)
    at Object.onInvoke (http://localhost:9876/_karma_webpack_/webpack:/node_modules/@angular/core/fesm2022/core.mjs:6568:33)[39m
Chrome Headless 137.0.0.0 (Mac OS 10.15.7): Executed 126 of 158[32m SUCCESS[39m (0 secs / 3.333 secs)
ERROR: 'Failed to initialize SQL.js service:', Error: both async and sync fetching of the wasm failed
Error: both async and sync fetching of the wasm failed
    at Object.Module.onAbort (http://localhost:9876/_karma_webpack_/webpack:/node_modules/sql.js/dist/sql-wasm.js:40:20)
    at Ta (http://localhost:9876/_karma_webpack_/webpack:/node_modules/sql.js/dist/sql-wasm.js:97:376)
    at http://localhost:9876/_karma_webpack_/webpack:/node_modules/sql.js/dist/sql-wasm.js:98:351
    at Generator.throw (<anonymous>)
    at asyncGeneratorStep (http://localhost:9876/_karma_webpack_/webpack:/node_modules/@babel/runtime/helpers/asyncToGenerator.js:3:1)
    at apply (http://localhost:9876/_karma_webpack_/webpack:/node_modules/@babel/runtime/helpers/asyncToGenerator.js:20:1)
    at _ZoneDelegate.invoke (http://localhost:9876/_karma_webpack_/webpack:/node_modules/zone.js/fesm2015/zone.js:398:28)
    at ProxyZoneSpec.onInvoke (http://localhost:9876/_karma_webpack_/webpack:/node_modules/zone.js/fesm2015/zone-testing.js:2132:39)
    at _ZoneDelegate.invoke (http://localhost:9876/_karma_webpack_/webpack:/node_modules/zone.js/fesm2015/zone.js:397:34)
    at Object.onInvoke (http://localhost:9876/_karma_webpack_/webpack:/node_modules/@angular/core/fesm2022/core.mjs:6568:33)
[1A[2KERROR: [36m'Failed to initialize SQL.js service:', Error: both async and sync fetching of the wasm failed
Error: both async and sync fetching of the wasm failed
    at Object.Module.onAbort (http://localhost:9876/_karma_webpack_/webpack:/node_modules/sql.js/dist/sql-wasm.js:40:20)
    at Ta (http://localhost:9876/_karma_webpack_/webpack:/node_modules/sql.js/dist/sql-wasm.js:97:376)
    at http://localhost:9876/_karma_webpack_/webpack:/node_modules/sql.js/dist/sql-wasm.js:98:351
    at Generator.throw (<anonymous>)
    at asyncGeneratorStep (http://localhost:9876/_karma_webpack_/webpack:/node_modules/@babel/runtime/helpers/asyncToGenerator.js:3:1)
    at apply (http://localhost:9876/_karma_webpack_/webpack:/node_modules/@babel/runtime/helpers/asyncToGenerator.js:20:1)
    at _ZoneDelegate.invoke (http://localhost:9876/_karma_webpack_/webpack:/node_modules/zone.js/fesm2015/zone.js:398:28)
    at ProxyZoneSpec.onInvoke (http://localhost:9876/_karma_webpack_/webpack:/node_modules/zone.js/fesm2015/zone-testing.js:2132:39)
    at _ZoneDelegate.invoke (http://localhost:9876/_karma_webpack_/webpack:/node_modules/zone.js/fesm2015/zone.js:397:34)
    at Object.onInvoke (http://localhost:9876/_karma_webpack_/webpack:/node_modules/@angular/core/fesm2022/core.mjs:6568:33)[39m
Chrome Headless 137.0.0.0 (Mac OS 10.15.7): Executed 126 of 158[32m SUCCESS[39m (0 secs / 3.333 secs)
ERROR: 'Failed to initialize SQL.js service:', Error: both async and sync fetching of the wasm failed
Error: both async and sync fetching of the wasm failed
    at Object.Module.onAbort (http://localhost:9876/_karma_webpack_/webpack:/node_modules/sql.js/dist/sql-wasm.js:40:20)
    at Ta (http://localhost:9876/_karma_webpack_/webpack:/node_modules/sql.js/dist/sql-wasm.js:97:376)
    at http://localhost:9876/_karma_webpack_/webpack:/node_modules/sql.js/dist/sql-wasm.js:98:351
    at Generator.throw (<anonymous>)
    at asyncGeneratorStep (http://localhost:9876/_karma_webpack_/webpack:/node_modules/@babel/runtime/helpers/asyncToGenerator.js:3:1)
    at apply (http://localhost:9876/_karma_webpack_/webpack:/node_modules/@babel/runtime/helpers/asyncToGenerator.js:20:1)
    at _ZoneDelegate.invoke (http://localhost:9876/_karma_webpack_/webpack:/node_modules/zone.js/fesm2015/zone.js:398:28)
    at ProxyZoneSpec.onInvoke (http://localhost:9876/_karma_webpack_/webpack:/node_modules/zone.js/fesm2015/zone-testing.js:2132:39)
    at _ZoneDelegate.invoke (http://localhost:9876/_karma_webpack_/webpack:/node_modules/zone.js/fesm2015/zone.js:397:34)
    at Object.onInvoke (http://localhost:9876/_karma_webpack_/webpack:/node_modules/@angular/core/fesm2022/core.mjs:6568:33)
[1A[2KERROR: [36m'Failed to initialize SQL.js service:', Error: both async and sync fetching of the wasm failed
Error: both async and sync fetching of the wasm failed
    at Object.Module.onAbort (http://localhost:9876/_karma_webpack_/webpack:/node_modules/sql.js/dist/sql-wasm.js:40:20)
    at Ta (http://localhost:9876/_karma_webpack_/webpack:/node_modules/sql.js/dist/sql-wasm.js:97:376)
    at http://localhost:9876/_karma_webpack_/webpack:/node_modules/sql.js/dist/sql-wasm.js:98:351
    at Generator.throw (<anonymous>)
    at asyncGeneratorStep (http://localhost:9876/_karma_webpack_/webpack:/node_modules/@babel/runtime/helpers/asyncToGenerator.js:3:1)
    at apply (http://localhost:9876/_karma_webpack_/webpack:/node_modules/@babel/runtime/helpers/asyncToGenerator.js:20:1)
    at _ZoneDelegate.invoke (http://localhost:9876/_karma_webpack_/webpack:/node_modules/zone.js/fesm2015/zone.js:398:28)
    at ProxyZoneSpec.onInvoke (http://localhost:9876/_karma_webpack_/webpack:/node_modules/zone.js/fesm2015/zone-testing.js:2132:39)
    at _ZoneDelegate.invoke (http://localhost:9876/_karma_webpack_/webpack:/node_modules/zone.js/fesm2015/zone.js:397:34)
    at Object.onInvoke (http://localhost:9876/_karma_webpack_/webpack:/node_modules/@angular/core/fesm2022/core.mjs:6568:33)[39m
Chrome Headless 137.0.0.0 (Mac OS 10.15.7): Executed 126 of 158[32m SUCCESS[39m (0 secs / 3.333 secs)
ERROR: 'Failed to initialize SQL.js service:', Error: both async and sync fetching of the wasm failed
Error: both async and sync fetching of the wasm failed
    at Object.Module.onAbort (http://localhost:9876/_karma_webpack_/webpack:/node_modules/sql.js/dist/sql-wasm.js:40:20)
    at Ta (http://localhost:9876/_karma_webpack_/webpack:/node_modules/sql.js/dist/sql-wasm.js:97:376)
    at http://localhost:9876/_karma_webpack_/webpack:/node_modules/sql.js/dist/sql-wasm.js:98:351
    at Generator.throw (<anonymous>)
    at asyncGeneratorStep (http://localhost:9876/_karma_webpack_/webpack:/node_modules/@babel/runtime/helpers/asyncToGenerator.js:3:1)
    at apply (http://localhost:9876/_karma_webpack_/webpack:/node_modules/@babel/runtime/helpers/asyncToGenerator.js:20:1)
    at _ZoneDelegate.invoke (http://localhost:9876/_karma_webpack_/webpack:/node_modules/zone.js/fesm2015/zone.js:398:28)
    at ProxyZoneSpec.onInvoke (http://localhost:9876/_karma_webpack_/webpack:/node_modules/zone.js/fesm2015/zone-testing.js:2132:39)
    at _ZoneDelegate.invoke (http://localhost:9876/_karma_webpack_/webpack:/node_modules/zone.js/fesm2015/zone.js:397:34)
    at Object.onInvoke (http://localhost:9876/_karma_webpack_/webpack:/node_modules/@angular/core/fesm2022/core.mjs:6568:33)
[1A[2KChrome Headless 137.0.0.0 (Mac OS 10.15.7): Executed 127 of 158[32m SUCCESS[39m (0 secs / 3.334 secs)
[1A[2KERROR: [36m'Error loading pillars:', Error: Database initialization failed
Error: Database initialization failed
    at http://localhost:9876/_karma_webpack_/webpack:/src/app/services/sqljs.service.ts:116:13
    at Generator.throw (<anonymous>)
    at asyncGeneratorStep (http://localhost:9876/_karma_webpack_/webpack:/node_modules/@babel/runtime/helpers/esm/asyncToGenerator.js:3:1)
    at apply (http://localhost:9876/_karma_webpack_/webpack:/node_modules/@babel/runtime/helpers/esm/asyncToGenerator.js:20:1)
    at _ZoneDelegate.invoke (http://localhost:9876/_karma_webpack_/webpack:/node_modules/zone.js/fesm2015/zone.js:398:28)
    at ProxyZoneSpec.onInvoke (http://localhost:9876/_karma_webpack_/webpack:/node_modules/zone.js/fesm2015/zone-testing.js:2132:39)
    at _ZoneDelegate.invoke (http://localhost:9876/_karma_webpack_/webpack:/node_modules/zone.js/fesm2015/zone.js:397:34)
    at Object.onInvoke (http://localhost:9876/_karma_webpack_/webpack:/node_modules/@angular/core/fesm2022/core.mjs:6568:33)
    at _ZoneDelegate.invoke (http://localhost:9876/_karma_webpack_/webpack:/node_modules/zone.js/fesm2015/zone.js:397:34)
    at ZoneImpl.run (http://localhost:9876/_karma_webpack_/webpack:/node_modules/zone.js/fesm2015/zone.js:113:43)[39m
Chrome Headless 137.0.0.0 (Mac OS 10.15.7): Executed 127 of 158[32m SUCCESS[39m (0 secs / 3.334 secs)
ERROR: 'Error loading pillars:', Error: Database initialization failed
Error: Database initialization failed
    at http://localhost:9876/_karma_webpack_/webpack:/src/app/services/sqljs.service.ts:116:13
    at Generator.throw (<anonymous>)
    at asyncGeneratorStep (http://localhost:9876/_karma_webpack_/webpack:/node_modules/@babel/runtime/helpers/esm/asyncToGenerator.js:3:1)
    at apply (http://localhost:9876/_karma_webpack_/webpack:/node_modules/@babel/runtime/helpers/esm/asyncToGenerator.js:20:1)
    at _ZoneDelegate.invoke (http://localhost:9876/_karma_webpack_/webpack:/node_modules/zone.js/fesm2015/zone.js:398:28)
    at ProxyZoneSpec.onInvoke (http://localhost:9876/_karma_webpack_/webpack:/node_modules/zone.js/fesm2015/zone-testing.js:2132:39)
    at _ZoneDelegate.invoke (http://localhost:9876/_karma_webpack_/webpack:/node_modules/zone.js/fesm2015/zone.js:397:34)
    at Object.onInvoke (http://localhost:9876/_karma_webpack_/webpack:/node_modules/@angular/core/fesm2022/core.mjs:6568:33)
    at _ZoneDelegate.invoke (http://localhost:9876/_karma_webpack_/webpack:/node_modules/zone.js/fesm2015/zone.js:397:34)
    at ZoneImpl.run (http://localhost:9876/_karma_webpack_/webpack:/node_modules/zone.js/fesm2015/zone.js:113:43)
[1A[2KERROR: [36m'Error loading maturity stages:', Error: Database initialization failed
Error: Database initialization failed
    at http://localhost:9876/_karma_webpack_/webpack:/src/app/services/sqljs.service.ts:116:13
    at Generator.throw (<anonymous>)
    at asyncGeneratorStep (http://localhost:9876/_karma_webpack_/webpack:/node_modules/@babel/runtime/helpers/esm/asyncToGenerator.js:3:1)
    at apply (http://localhost:9876/_karma_webpack_/webpack:/node_modules/@babel/runtime/helpers/esm/asyncToGenerator.js:20:1)
    at _ZoneDelegate.invoke (http://localhost:9876/_karma_webpack_/webpack:/node_modules/zone.js/fesm2015/zone.js:398:28)
    at ProxyZoneSpec.onInvoke (http://localhost:9876/_karma_webpack_/webpack:/node_modules/zone.js/fesm2015/zone-testing.js:2132:39)
    at _ZoneDelegate.invoke (http://localhost:9876/_karma_webpack_/webpack:/node_modules/zone.js/fesm2015/zone.js:397:34)
    at Object.onInvoke (http://localhost:9876/_karma_webpack_/webpack:/node_modules/@angular/core/fesm2022/core.mjs:6568:33)
    at _ZoneDelegate.invoke (http://localhost:9876/_karma_webpack_/webpack:/node_modules/zone.js/fesm2015/zone.js:397:34)
    at ZoneImpl.run (http://localhost:9876/_karma_webpack_/webpack:/node_modules/zone.js/fesm2015/zone.js:113:43)[39m
Chrome Headless 137.0.0.0 (Mac OS 10.15.7): Executed 127 of 158[32m SUCCESS[39m (0 secs / 3.334 secs)
ERROR: 'Error loading maturity stages:', Error: Database initialization failed
Error: Database initialization failed
    at http://localhost:9876/_karma_webpack_/webpack:/src/app/services/sqljs.service.ts:116:13
    at Generator.throw (<anonymous>)
    at asyncGeneratorStep (http://localhost:9876/_karma_webpack_/webpack:/node_modules/@babel/runtime/helpers/esm/asyncToGenerator.js:3:1)
    at apply (http://localhost:9876/_karma_webpack_/webpack:/node_modules/@babel/runtime/helpers/esm/asyncToGenerator.js:20:1)
    at _ZoneDelegate.invoke (http://localhost:9876/_karma_webpack_/webpack:/node_modules/zone.js/fesm2015/zone.js:398:28)
    at ProxyZoneSpec.onInvoke (http://localhost:9876/_karma_webpack_/webpack:/node_modules/zone.js/fesm2015/zone-testing.js:2132:39)
    at _ZoneDelegate.invoke (http://localhost:9876/_karma_webpack_/webpack:/node_modules/zone.js/fesm2015/zone.js:397:34)
    at Object.onInvoke (http://localhost:9876/_karma_webpack_/webpack:/node_modules/@angular/core/fesm2022/core.mjs:6568:33)
    at _ZoneDelegate.invoke (http://localhost:9876/_karma_webpack_/webpack:/node_modules/zone.js/fesm2015/zone.js:397:34)
    at ZoneImpl.run (http://localhost:9876/_karma_webpack_/webpack:/node_modules/zone.js/fesm2015/zone.js:113:43)
[1A[2KERROR: [36m'Failed to initialize SQL.js service:', Error: both async and sync fetching of the wasm failed
Error: both async and sync fetching of the wasm failed
    at Object.Module.onAbort (http://localhost:9876/_karma_webpack_/webpack:/node_modules/sql.js/dist/sql-wasm.js:40:20)
    at Ta (http://localhost:9876/_karma_webpack_/webpack:/node_modules/sql.js/dist/sql-wasm.js:97:376)
    at http://localhost:9876/_karma_webpack_/webpack:/node_modules/sql.js/dist/sql-wasm.js:98:351
    at Generator.throw (<anonymous>)
    at asyncGeneratorStep (http://localhost:9876/_karma_webpack_/webpack:/node_modules/@babel/runtime/helpers/asyncToGenerator.js:3:1)
    at apply (http://localhost:9876/_karma_webpack_/webpack:/node_modules/@babel/runtime/helpers/asyncToGenerator.js:20:1)
    at _ZoneDelegate.invoke (http://localhost:9876/_karma_webpack_/webpack:/node_modules/zone.js/fesm2015/zone.js:398:28)
    at ProxyZoneSpec.onInvoke (http://localhost:9876/_karma_webpack_/webpack:/node_modules/zone.js/fesm2015/zone-testing.js:2132:39)
    at _ZoneDelegate.invoke (http://localhost:9876/_karma_webpack_/webpack:/node_modules/zone.js/fesm2015/zone.js:397:34)
    at Object.onInvoke (http://localhost:9876/_karma_webpack_/webpack:/node_modules/@angular/core/fesm2022/core.mjs:6568:33)[39m
Chrome Headless 137.0.0.0 (Mac OS 10.15.7): Executed 127 of 158[32m SUCCESS[39m (0 secs / 3.334 secs)
ERROR: 'Failed to initialize SQL.js service:', Error: both async and sync fetching of the wasm failed
Error: both async and sync fetching of the wasm failed
    at Object.Module.onAbort (http://localhost:9876/_karma_webpack_/webpack:/node_modules/sql.js/dist/sql-wasm.js:40:20)
    at Ta (http://localhost:9876/_karma_webpack_/webpack:/node_modules/sql.js/dist/sql-wasm.js:97:376)
    at http://localhost:9876/_karma_webpack_/webpack:/node_modules/sql.js/dist/sql-wasm.js:98:351
    at Generator.throw (<anonymous>)
    at asyncGeneratorStep (http://localhost:9876/_karma_webpack_/webpack:/node_modules/@babel/runtime/helpers/asyncToGenerator.js:3:1)
    at apply (http://localhost:9876/_karma_webpack_/webpack:/node_modules/@babel/runtime/helpers/asyncToGenerator.js:20:1)
    at _ZoneDelegate.invoke (http://localhost:9876/_karma_webpack_/webpack:/node_modules/zone.js/fesm2015/zone.js:398:28)
    at ProxyZoneSpec.onInvoke (http://localhost:9876/_karma_webpack_/webpack:/node_modules/zone.js/fesm2015/zone-testing.js:2132:39)
    at _ZoneDelegate.invoke (http://localhost:9876/_karma_webpack_/webpack:/node_modules/zone.js/fesm2015/zone.js:397:34)
    at Object.onInvoke (http://localhost:9876/_karma_webpack_/webpack:/node_modules/@angular/core/fesm2022/core.mjs:6568:33)
[1A[2KERROR: [36m'Failed to initialize SQL.js service:', Error: both async and sync fetching of the wasm failed
Error: both async and sync fetching of the wasm failed
    at Object.Module.onAbort (http://localhost:9876/_karma_webpack_/webpack:/node_modules/sql.js/dist/sql-wasm.js:40:20)
    at Ta (http://localhost:9876/_karma_webpack_/webpack:/node_modules/sql.js/dist/sql-wasm.js:97:376)
    at http://localhost:9876/_karma_webpack_/webpack:/node_modules/sql.js/dist/sql-wasm.js:98:351
    at Generator.throw (<anonymous>)
    at asyncGeneratorStep (http://localhost:9876/_karma_webpack_/webpack:/node_modules/@babel/runtime/helpers/asyncToGenerator.js:3:1)
    at apply (http://localhost:9876/_karma_webpack_/webpack:/node_modules/@babel/runtime/helpers/asyncToGenerator.js:20:1)
    at _ZoneDelegate.invoke (http://localhost:9876/_karma_webpack_/webpack:/node_modules/zone.js/fesm2015/zone.js:398:28)
    at ProxyZoneSpec.onInvoke (http://localhost:9876/_karma_webpack_/webpack:/node_modules/zone.js/fesm2015/zone-testing.js:2132:39)
    at _ZoneDelegate.invoke (http://localhost:9876/_karma_webpack_/webpack:/node_modules/zone.js/fesm2015/zone.js:397:34)
    at Object.onInvoke (http://localhost:9876/_karma_webpack_/webpack:/node_modules/@angular/core/fesm2022/core.mjs:6568:33)[39m
Chrome Headless 137.0.0.0 (Mac OS 10.15.7): Executed 127 of 158[32m SUCCESS[39m (0 secs / 3.334 secs)
ERROR: 'Failed to initialize SQL.js service:', Error: both async and sync fetching of the wasm failed
Error: both async and sync fetching of the wasm failed
    at Object.Module.onAbort (http://localhost:9876/_karma_webpack_/webpack:/node_modules/sql.js/dist/sql-wasm.js:40:20)
    at Ta (http://localhost:9876/_karma_webpack_/webpack:/node_modules/sql.js/dist/sql-wasm.js:97:376)
    at http://localhost:9876/_karma_webpack_/webpack:/node_modules/sql.js/dist/sql-wasm.js:98:351
    at Generator.throw (<anonymous>)
    at asyncGeneratorStep (http://localhost:9876/_karma_webpack_/webpack:/node_modules/@babel/runtime/helpers/asyncToGenerator.js:3:1)
    at apply (http://localhost:9876/_karma_webpack_/webpack:/node_modules/@babel/runtime/helpers/asyncToGenerator.js:20:1)
    at _ZoneDelegate.invoke (http://localhost:9876/_karma_webpack_/webpack:/node_modules/zone.js/fesm2015/zone.js:398:28)
    at ProxyZoneSpec.onInvoke (http://localhost:9876/_karma_webpack_/webpack:/node_modules/zone.js/fesm2015/zone-testing.js:2132:39)
    at _ZoneDelegate.invoke (http://localhost:9876/_karma_webpack_/webpack:/node_modules/zone.js/fesm2015/zone.js:397:34)
    at Object.onInvoke (http://localhost:9876/_karma_webpack_/webpack:/node_modules/@angular/core/fesm2022/core.mjs:6568:33)
[1A[2KERROR: [36m'Error getting data statistics:', Error: Database initialization failed
Error: Database initialization failed
    at http://localhost:9876/_karma_webpack_/webpack:/src/app/services/sqljs.service.ts:116:13
    at Generator.throw (<anonymous>)
    at asyncGeneratorStep (http://localhost:9876/_karma_webpack_/webpack:/node_modules/@babel/runtime/helpers/esm/asyncToGenerator.js:3:1)
    at apply (http://localhost:9876/_karma_webpack_/webpack:/node_modules/@babel/runtime/helpers/esm/asyncToGenerator.js:20:1)
    at _ZoneDelegate.invoke (http://localhost:9876/_karma_webpack_/webpack:/node_modules/zone.js/fesm2015/zone.js:398:28)
    at ProxyZoneSpec.onInvoke (http://localhost:9876/_karma_webpack_/webpack:/node_modules/zone.js/fesm2015/zone-testing.js:2132:39)
    at _ZoneDelegate.invoke (http://localhost:9876/_karma_webpack_/webpack:/node_modules/zone.js/fesm2015/zone.js:397:34)
    at Object.onInvoke (http://localhost:9876/_karma_webpack_/webpack:/node_modules/@angular/core/fesm2022/core.mjs:6568:33)
    at _ZoneDelegate.invoke (http://localhost:9876/_karma_webpack_/webpack:/node_modules/zone.js/fesm2015/zone.js:397:34)
    at ZoneImpl.run (http://localhost:9876/_karma_webpack_/webpack:/node_modules/zone.js/fesm2015/zone.js:113:43)[39m
Chrome Headless 137.0.0.0 (Mac OS 10.15.7): Executed 127 of 158[32m SUCCESS[39m (0 secs / 3.334 secs)
ERROR: 'Error getting data statistics:', Error: Database initialization failed
Error: Database initialization failed
    at http://localhost:9876/_karma_webpack_/webpack:/src/app/services/sqljs.service.ts:116:13
    at Generator.throw (<anonymous>)
    at asyncGeneratorStep (http://localhost:9876/_karma_webpack_/webpack:/node_modules/@babel/runtime/helpers/esm/asyncToGenerator.js:3:1)
    at apply (http://localhost:9876/_karma_webpack_/webpack:/node_modules/@babel/runtime/helpers/esm/asyncToGenerator.js:20:1)
    at _ZoneDelegate.invoke (http://localhost:9876/_karma_webpack_/webpack:/node_modules/zone.js/fesm2015/zone.js:398:28)
    at ProxyZoneSpec.onInvoke (http://localhost:9876/_karma_webpack_/webpack:/node_modules/zone.js/fesm2015/zone-testing.js:2132:39)
    at _ZoneDelegate.invoke (http://localhost:9876/_karma_webpack_/webpack:/node_modules/zone.js/fesm2015/zone.js:397:34)
    at Object.onInvoke (http://localhost:9876/_karma_webpack_/webpack:/node_modules/@angular/core/fesm2022/core.mjs:6568:33)
    at _ZoneDelegate.invoke (http://localhost:9876/_karma_webpack_/webpack:/node_modules/zone.js/fesm2015/zone.js:397:34)
    at ZoneImpl.run (http://localhost:9876/_karma_webpack_/webpack:/node_modules/zone.js/fesm2015/zone.js:113:43)
[1A[2KERROR: [36m'Error loading function capabilities:', Error: Database initialization failed
Error: Database initialization failed
    at http://localhost:9876/_karma_webpack_/webpack:/src/app/services/sqljs.service.ts:116:13
    at Generator.throw (<anonymous>)
    at asyncGeneratorStep (http://localhost:9876/_karma_webpack_/webpack:/node_modules/@babel/runtime/helpers/esm/asyncToGenerator.js:3:1)
    at apply (http://localhost:9876/_karma_webpack_/webpack:/node_modules/@babel/runtime/helpers/esm/asyncToGenerator.js:20:1)
    at _ZoneDelegate.invoke (http://localhost:9876/_karma_webpack_/webpack:/node_modules/zone.js/fesm2015/zone.js:398:28)
    at ProxyZoneSpec.onInvoke (http://localhost:9876/_karma_webpack_/webpack:/node_modules/zone.js/fesm2015/zone-testing.js:2132:39)
    at _ZoneDelegate.invoke (http://localhost:9876/_karma_webpack_/webpack:/node_modules/zone.js/fesm2015/zone.js:397:34)
    at Object.onInvoke (http://localhost:9876/_karma_webpack_/webpack:/node_modules/@angular/core/fesm2022/core.mjs:6568:33)
    at _ZoneDelegate.invoke (http://localhost:9876/_karma_webpack_/webpack:/node_modules/zone.js/fesm2015/zone.js:397:34)
    at ZoneImpl.run (http://localhost:9876/_karma_webpack_/webpack:/node_modules/zone.js/fesm2015/zone.js:113:43)[39m
Chrome Headless 137.0.0.0 (Mac OS 10.15.7): Executed 127 of 158[32m SUCCESS[39m (0 secs / 3.334 secs)
ERROR: 'Error loading function capabilities:', Error: Database initialization failed
Error: Database initialization failed
    at http://localhost:9876/_karma_webpack_/webpack:/src/app/services/sqljs.service.ts:116:13
    at Generator.throw (<anonymous>)
    at asyncGeneratorStep (http://localhost:9876/_karma_webpack_/webpack:/node_modules/@babel/runtime/helpers/esm/asyncToGenerator.js:3:1)
    at apply (http://localhost:9876/_karma_webpack_/webpack:/node_modules/@babel/runtime/helpers/esm/asyncToGenerator.js:20:1)
    at _ZoneDelegate.invoke (http://localhost:9876/_karma_webpack_/webpack:/node_modules/zone.js/fesm2015/zone.js:398:28)
    at ProxyZoneSpec.onInvoke (http://localhost:9876/_karma_webpack_/webpack:/node_modules/zone.js/fesm2015/zone-testing.js:2132:39)
    at _ZoneDelegate.invoke (http://localhost:9876/_karma_webpack_/webpack:/node_modules/zone.js/fesm2015/zone.js:397:34)
    at Object.onInvoke (http://localhost:9876/_karma_webpack_/webpack:/node_modules/@angular/core/fesm2022/core.mjs:6568:33)
    at _ZoneDelegate.invoke (http://localhost:9876/_karma_webpack_/webpack:/node_modules/zone.js/fesm2015/zone.js:397:34)
    at ZoneImpl.run (http://localhost:9876/_karma_webpack_/webpack:/node_modules/zone.js/fesm2015/zone.js:113:43)
[1A[2KERROR: [36m'Error loading pillars:', Error: Database initialization failed
Error: Database initialization failed
    at http://localhost:9876/_karma_webpack_/webpack:/src/app/services/sqljs.service.ts:116:13
    at Generator.throw (<anonymous>)
    at asyncGeneratorStep (http://localhost:9876/_karma_webpack_/webpack:/node_modules/@babel/runtime/helpers/esm/asyncToGenerator.js:3:1)
    at apply (http://localhost:9876/_karma_webpack_/webpack:/node_modules/@babel/runtime/helpers/esm/asyncToGenerator.js:20:1)
    at _ZoneDelegate.invoke (http://localhost:9876/_karma_webpack_/webpack:/node_modules/zone.js/fesm2015/zone.js:398:28)
    at ProxyZoneSpec.onInvoke (http://localhost:9876/_karma_webpack_/webpack:/node_modules/zone.js/fesm2015/zone-testing.js:2132:39)
    at _ZoneDelegate.invoke (http://localhost:9876/_karma_webpack_/webpack:/node_modules/zone.js/fesm2015/zone.js:397:34)
    at Object.onInvoke (http://localhost:9876/_karma_webpack_/webpack:/node_modules/@angular/core/fesm2022/core.mjs:6568:33)
    at _ZoneDelegate.invoke (http://localhost:9876/_karma_webpack_/webpack:/node_modules/zone.js/fesm2015/zone.js:397:34)
    at ZoneImpl.run (http://localhost:9876/_karma_webpack_/webpack:/node_modules/zone.js/fesm2015/zone.js:113:43)[39m
Chrome Headless 137.0.0.0 (Mac OS 10.15.7): Executed 127 of 158[32m SUCCESS[39m (0 secs / 3.334 secs)
ERROR: 'Error loading pillars:', Error: Database initialization failed
Error: Database initialization failed
    at http://localhost:9876/_karma_webpack_/webpack:/src/app/services/sqljs.service.ts:116:13
    at Generator.throw (<anonymous>)
    at asyncGeneratorStep (http://localhost:9876/_karma_webpack_/webpack:/node_modules/@babel/runtime/helpers/esm/asyncToGenerator.js:3:1)
    at apply (http://localhost:9876/_karma_webpack_/webpack:/node_modules/@babel/runtime/helpers/esm/asyncToGenerator.js:20:1)
    at _ZoneDelegate.invoke (http://localhost:9876/_karma_webpack_/webpack:/node_modules/zone.js/fesm2015/zone.js:398:28)
    at ProxyZoneSpec.onInvoke (http://localhost:9876/_karma_webpack_/webpack:/node_modules/zone.js/fesm2015/zone-testing.js:2132:39)
    at _ZoneDelegate.invoke (http://localhost:9876/_karma_webpack_/webpack:/node_modules/zone.js/fesm2015/zone.js:397:34)
    at Object.onInvoke (http://localhost:9876/_karma_webpack_/webpack:/node_modules/@angular/core/fesm2022/core.mjs:6568:33)
    at _ZoneDelegate.invoke (http://localhost:9876/_karma_webpack_/webpack:/node_modules/zone.js/fesm2015/zone.js:397:34)
    at ZoneImpl.run (http://localhost:9876/_karma_webpack_/webpack:/node_modules/zone.js/fesm2015/zone.js:113:43)
[1A[2KERROR: [36m'Failed to initialize SQL.js service:', Error: both async and sync fetching of the wasm failed
Error: both async and sync fetching of the wasm failed
    at Object.Module.onAbort (http://localhost:9876/_karma_webpack_/webpack:/node_modules/sql.js/dist/sql-wasm.js:40:20)
    at Ta (http://localhost:9876/_karma_webpack_/webpack:/node_modules/sql.js/dist/sql-wasm.js:97:376)
    at http://localhost:9876/_karma_webpack_/webpack:/node_modules/sql.js/dist/sql-wasm.js:98:351
    at Generator.throw (<anonymous>)
    at asyncGeneratorStep (http://localhost:9876/_karma_webpack_/webpack:/node_modules/@babel/runtime/helpers/asyncToGenerator.js:3:1)
    at apply (http://localhost:9876/_karma_webpack_/webpack:/node_modules/@babel/runtime/helpers/asyncToGenerator.js:20:1)
    at _ZoneDelegate.invoke (http://localhost:9876/_karma_webpack_/webpack:/node_modules/zone.js/fesm2015/zone.js:398:28)
    at ProxyZoneSpec.onInvoke (http://localhost:9876/_karma_webpack_/webpack:/node_modules/zone.js/fesm2015/zone-testing.js:2132:39)
    at _ZoneDelegate.invoke (http://localhost:9876/_karma_webpack_/webpack:/node_modules/zone.js/fesm2015/zone.js:397:34)
    at Object.onInvoke (http://localhost:9876/_karma_webpack_/webpack:/node_modules/@angular/core/fesm2022/core.mjs:6568:33)[39m
Chrome Headless 137.0.0.0 (Mac OS 10.15.7): Executed 127 of 158[32m SUCCESS[39m (0 secs / 3.334 secs)
ERROR: 'Failed to initialize SQL.js service:', Error: both async and sync fetching of the wasm failed
Error: both async and sync fetching of the wasm failed
    at Object.Module.onAbort (http://localhost:9876/_karma_webpack_/webpack:/node_modules/sql.js/dist/sql-wasm.js:40:20)
    at Ta (http://localhost:9876/_karma_webpack_/webpack:/node_modules/sql.js/dist/sql-wasm.js:97:376)
    at http://localhost:9876/_karma_webpack_/webpack:/node_modules/sql.js/dist/sql-wasm.js:98:351
    at Generator.throw (<anonymous>)
    at asyncGeneratorStep (http://localhost:9876/_karma_webpack_/webpack:/node_modules/@babel/runtime/helpers/asyncToGenerator.js:3:1)
    at apply (http://localhost:9876/_karma_webpack_/webpack:/node_modules/@babel/runtime/helpers/asyncToGenerator.js:20:1)
    at _ZoneDelegate.invoke (http://localhost:9876/_karma_webpack_/webpack:/node_modules/zone.js/fesm2015/zone.js:398:28)
    at ProxyZoneSpec.onInvoke (http://localhost:9876/_karma_webpack_/webpack:/node_modules/zone.js/fesm2015/zone-testing.js:2132:39)
    at _ZoneDelegate.invoke (http://localhost:9876/_karma_webpack_/webpack:/node_modules/zone.js/fesm2015/zone.js:397:34)
    at Object.onInvoke (http://localhost:9876/_karma_webpack_/webpack:/node_modules/@angular/core/fesm2022/core.mjs:6568:33)
[1A[2KERROR: [36m'Failed to initialize SQL.js service:', Error: both async and sync fetching of the wasm failed
Error: both async and sync fetching of the wasm failed
    at Object.Module.onAbort (http://localhost:9876/_karma_webpack_/webpack:/node_modules/sql.js/dist/sql-wasm.js:40:20)
    at Ta (http://localhost:9876/_karma_webpack_/webpack:/node_modules/sql.js/dist/sql-wasm.js:97:376)
    at http://localhost:9876/_karma_webpack_/webpack:/node_modules/sql.js/dist/sql-wasm.js:98:351
    at Generator.throw (<anonymous>)
    at asyncGeneratorStep (http://localhost:9876/_karma_webpack_/webpack:/node_modules/@babel/runtime/helpers/asyncToGenerator.js:3:1)
    at apply (http://localhost:9876/_karma_webpack_/webpack:/node_modules/@babel/runtime/helpers/asyncToGenerator.js:20:1)
    at _ZoneDelegate.invoke (http://localhost:9876/_karma_webpack_/webpack:/node_modules/zone.js/fesm2015/zone.js:398:28)
    at ProxyZoneSpec.onInvoke (http://localhost:9876/_karma_webpack_/webpack:/node_modules/zone.js/fesm2015/zone-testing.js:2132:39)
    at _ZoneDelegate.invoke (http://localhost:9876/_karma_webpack_/webpack:/node_modules/zone.js/fesm2015/zone.js:397:34)
    at Object.onInvoke (http://localhost:9876/_karma_webpack_/webpack:/node_modules/@angular/core/fesm2022/core.mjs:6568:33)[39m
Chrome Headless 137.0.0.0 (Mac OS 10.15.7): Executed 127 of 158[32m SUCCESS[39m (0 secs / 3.334 secs)
ERROR: 'Failed to initialize SQL.js service:', Error: both async and sync fetching of the wasm failed
Error: both async and sync fetching of the wasm failed
    at Object.Module.onAbort (http://localhost:9876/_karma_webpack_/webpack:/node_modules/sql.js/dist/sql-wasm.js:40:20)
    at Ta (http://localhost:9876/_karma_webpack_/webpack:/node_modules/sql.js/dist/sql-wasm.js:97:376)
    at http://localhost:9876/_karma_webpack_/webpack:/node_modules/sql.js/dist/sql-wasm.js:98:351
    at Generator.throw (<anonymous>)
    at asyncGeneratorStep (http://localhost:9876/_karma_webpack_/webpack:/node_modules/@babel/runtime/helpers/asyncToGenerator.js:3:1)
    at apply (http://localhost:9876/_karma_webpack_/webpack:/node_modules/@babel/runtime/helpers/asyncToGenerator.js:20:1)
    at _ZoneDelegate.invoke (http://localhost:9876/_karma_webpack_/webpack:/node_modules/zone.js/fesm2015/zone.js:398:28)
    at ProxyZoneSpec.onInvoke (http://localhost:9876/_karma_webpack_/webpack:/node_modules/zone.js/fesm2015/zone-testing.js:2132:39)
    at _ZoneDelegate.invoke (http://localhost:9876/_karma_webpack_/webpack:/node_modules/zone.js/fesm2015/zone.js:397:34)
    at Object.onInvoke (http://localhost:9876/_karma_webpack_/webpack:/node_modules/@angular/core/fesm2022/core.mjs:6568:33)
[1A[2KERROR: [36m'Error loading maturity stages:', Error: Database initialization failed
Error: Database initialization failed
    at http://localhost:9876/_karma_webpack_/webpack:/src/app/services/sqljs.service.ts:116:13
    at Generator.throw (<anonymous>)
    at asyncGeneratorStep (http://localhost:9876/_karma_webpack_/webpack:/node_modules/@babel/runtime/helpers/esm/asyncToGenerator.js:3:1)
    at apply (http://localhost:9876/_karma_webpack_/webpack:/node_modules/@babel/runtime/helpers/esm/asyncToGenerator.js:20:1)
    at _ZoneDelegate.invoke (http://localhost:9876/_karma_webpack_/webpack:/node_modules/zone.js/fesm2015/zone.js:398:28)
    at ProxyZoneSpec.onInvoke (http://localhost:9876/_karma_webpack_/webpack:/node_modules/zone.js/fesm2015/zone-testing.js:2132:39)
    at _ZoneDelegate.invoke (http://localhost:9876/_karma_webpack_/webpack:/node_modules/zone.js/fesm2015/zone.js:397:34)
    at Object.onInvoke (http://localhost:9876/_karma_webpack_/webpack:/node_modules/@angular/core/fesm2022/core.mjs:6568:33)
    at _ZoneDelegate.invoke (http://localhost:9876/_karma_webpack_/webpack:/node_modules/zone.js/fesm2015/zone.js:397:34)
    at ZoneImpl.run (http://localhost:9876/_karma_webpack_/webpack:/node_modules/zone.js/fesm2015/zone.js:113:43)[39m
Chrome Headless 137.0.0.0 (Mac OS 10.15.7): Executed 127 of 158[32m SUCCESS[39m (0 secs / 3.334 secs)
ERROR: 'Error loading maturity stages:', Error: Database initialization failed
Error: Database initialization failed
    at http://localhost:9876/_karma_webpack_/webpack:/src/app/services/sqljs.service.ts:116:13
    at Generator.throw (<anonymous>)
    at asyncGeneratorStep (http://localhost:9876/_karma_webpack_/webpack:/node_modules/@babel/runtime/helpers/esm/asyncToGenerator.js:3:1)
    at apply (http://localhost:9876/_karma_webpack_/webpack:/node_modules/@babel/runtime/helpers/esm/asyncToGenerator.js:20:1)
    at _ZoneDelegate.invoke (http://localhost:9876/_karma_webpack_/webpack:/node_modules/zone.js/fesm2015/zone.js:398:28)
    at ProxyZoneSpec.onInvoke (http://localhost:9876/_karma_webpack_/webpack:/node_modules/zone.js/fesm2015/zone-testing.js:2132:39)
    at _ZoneDelegate.invoke (http://localhost:9876/_karma_webpack_/webpack:/node_modules/zone.js/fesm2015/zone.js:397:34)
    at Object.onInvoke (http://localhost:9876/_karma_webpack_/webpack:/node_modules/@angular/core/fesm2022/core.mjs:6568:33)
    at _ZoneDelegate.invoke (http://localhost:9876/_karma_webpack_/webpack:/node_modules/zone.js/fesm2015/zone.js:397:34)
    at ZoneImpl.run (http://localhost:9876/_karma_webpack_/webpack:/node_modules/zone.js/fesm2015/zone.js:113:43)
[1A[2KERROR: [36m'Error loading function capabilities:', Error: Database initialization failed
Error: Database initialization failed
    at http://localhost:9876/_karma_webpack_/webpack:/src/app/services/sqljs.service.ts:116:13
    at Generator.throw (<anonymous>)
    at asyncGeneratorStep (http://localhost:9876/_karma_webpack_/webpack:/node_modules/@babel/runtime/helpers/esm/asyncToGenerator.js:3:1)
    at apply (http://localhost:9876/_karma_webpack_/webpack:/node_modules/@babel/runtime/helpers/esm/asyncToGenerator.js:20:1)
    at _ZoneDelegate.invoke (http://localhost:9876/_karma_webpack_/webpack:/node_modules/zone.js/fesm2015/zone.js:398:28)
    at ProxyZoneSpec.onInvoke (http://localhost:9876/_karma_webpack_/webpack:/node_modules/zone.js/fesm2015/zone-testing.js:2132:39)
    at _ZoneDelegate.invoke (http://localhost:9876/_karma_webpack_/webpack:/node_modules/zone.js/fesm2015/zone.js:397:34)
    at Object.onInvoke (http://localhost:9876/_karma_webpack_/webpack:/node_modules/@angular/core/fesm2022/core.mjs:6568:33)
    at _ZoneDelegate.invoke (http://localhost:9876/_karma_webpack_/webpack:/node_modules/zone.js/fesm2015/zone.js:397:34)
    at ZoneImpl.run (http://localhost:9876/_karma_webpack_/webpack:/node_modules/zone.js/fesm2015/zone.js:113:43)[39m
Chrome Headless 137.0.0.0 (Mac OS 10.15.7): Executed 127 of 158[32m SUCCESS[39m (0 secs / 3.334 secs)
ERROR: 'Error loading function capabilities:', Error: Database initialization failed
Error: Database initialization failed
    at http://localhost:9876/_karma_webpack_/webpack:/src/app/services/sqljs.service.ts:116:13
    at Generator.throw (<anonymous>)
    at asyncGeneratorStep (http://localhost:9876/_karma_webpack_/webpack:/node_modules/@babel/runtime/helpers/esm/asyncToGenerator.js:3:1)
    at apply (http://localhost:9876/_karma_webpack_/webpack:/node_modules/@babel/runtime/helpers/esm/asyncToGenerator.js:20:1)
    at _ZoneDelegate.invoke (http://localhost:9876/_karma_webpack_/webpack:/node_modules/zone.js/fesm2015/zone.js:398:28)
    at ProxyZoneSpec.onInvoke (http://localhost:9876/_karma_webpack_/webpack:/node_modules/zone.js/fesm2015/zone-testing.js:2132:39)
    at _ZoneDelegate.invoke (http://localhost:9876/_karma_webpack_/webpack:/node_modules/zone.js/fesm2015/zone.js:397:34)
    at Object.onInvoke (http://localhost:9876/_karma_webpack_/webpack:/node_modules/@angular/core/fesm2022/core.mjs:6568:33)
    at _ZoneDelegate.invoke (http://localhost:9876/_karma_webpack_/webpack:/node_modules/zone.js/fesm2015/zone.js:397:34)
    at ZoneImpl.run (http://localhost:9876/_karma_webpack_/webpack:/node_modules/zone.js/fesm2015/zone.js:113:43)
[1A[2KERROR: [36m'Failed to initialize SQL.js service:', Error: both async and sync fetching of the wasm failed
Error: both async and sync fetching of the wasm failed
    at Object.Module.onAbort (http://localhost:9876/_karma_webpack_/webpack:/node_modules/sql.js/dist/sql-wasm.js:40:20)
    at Ta (http://localhost:9876/_karma_webpack_/webpack:/node_modules/sql.js/dist/sql-wasm.js:97:376)
    at http://localhost:9876/_karma_webpack_/webpack:/node_modules/sql.js/dist/sql-wasm.js:98:351
    at Generator.throw (<anonymous>)
    at asyncGeneratorStep (http://localhost:9876/_karma_webpack_/webpack:/node_modules/@babel/runtime/helpers/asyncToGenerator.js:3:1)
    at apply (http://localhost:9876/_karma_webpack_/webpack:/node_modules/@babel/runtime/helpers/asyncToGenerator.js:20:1)
    at _ZoneDelegate.invoke (http://localhost:9876/_karma_webpack_/webpack:/node_modules/zone.js/fesm2015/zone.js:398:28)
    at ProxyZoneSpec.onInvoke (http://localhost:9876/_karma_webpack_/webpack:/node_modules/zone.js/fesm2015/zone-testing.js:2132:39)
    at _ZoneDelegate.invoke (http://localhost:9876/_karma_webpack_/webpack:/node_modules/zone.js/fesm2015/zone.js:397:34)
    at Object.onInvoke (http://localhost:9876/_karma_webpack_/webpack:/node_modules/@angular/core/fesm2022/core.mjs:6568:33)[39m
Chrome Headless 137.0.0.0 (Mac OS 10.15.7): Executed 127 of 158[32m SUCCESS[39m (0 secs / 3.334 secs)
ERROR: 'Failed to initialize SQL.js service:', Error: both async and sync fetching of the wasm failed
Error: both async and sync fetching of the wasm failed
    at Object.Module.onAbort (http://localhost:9876/_karma_webpack_/webpack:/node_modules/sql.js/dist/sql-wasm.js:40:20)
    at Ta (http://localhost:9876/_karma_webpack_/webpack:/node_modules/sql.js/dist/sql-wasm.js:97:376)
    at http://localhost:9876/_karma_webpack_/webpack:/node_modules/sql.js/dist/sql-wasm.js:98:351
    at Generator.throw (<anonymous>)
    at asyncGeneratorStep (http://localhost:9876/_karma_webpack_/webpack:/node_modules/@babel/runtime/helpers/asyncToGenerator.js:3:1)
    at apply (http://localhost:9876/_karma_webpack_/webpack:/node_modules/@babel/runtime/helpers/asyncToGenerator.js:20:1)
    at _ZoneDelegate.invoke (http://localhost:9876/_karma_webpack_/webpack:/node_modules/zone.js/fesm2015/zone.js:398:28)
    at ProxyZoneSpec.onInvoke (http://localhost:9876/_karma_webpack_/webpack:/node_modules/zone.js/fesm2015/zone-testing.js:2132:39)
    at _ZoneDelegate.invoke (http://localhost:9876/_karma_webpack_/webpack:/node_modules/zone.js/fesm2015/zone.js:397:34)
    at Object.onInvoke (http://localhost:9876/_karma_webpack_/webpack:/node_modules/@angular/core/fesm2022/core.mjs:6568:33)
[1A[2KERROR: [36m'Error loading assessment responses:', Error: Database initialization failed
Error: Database initialization failed
    at http://localhost:9876/_karma_webpack_/webpack:/src/app/services/sqljs.service.ts:116:13
    at Generator.throw (<anonymous>)
    at asyncGeneratorStep (http://localhost:9876/_karma_webpack_/webpack:/node_modules/@babel/runtime/helpers/esm/asyncToGenerator.js:3:1)
    at apply (http://localhost:9876/_karma_webpack_/webpack:/node_modules/@babel/runtime/helpers/esm/asyncToGenerator.js:20:1)
    at _ZoneDelegate.invoke (http://localhost:9876/_karma_webpack_/webpack:/node_modules/zone.js/fesm2015/zone.js:398:28)
    at ProxyZoneSpec.onInvoke (http://localhost:9876/_karma_webpack_/webpack:/node_modules/zone.js/fesm2015/zone-testing.js:2132:39)
    at _ZoneDelegate.invoke (http://localhost:9876/_karma_webpack_/webpack:/node_modules/zone.js/fesm2015/zone.js:397:34)
    at Object.onInvoke (http://localhost:9876/_karma_webpack_/webpack:/node_modules/@angular/core/fesm2022/core.mjs:6568:33)
    at _ZoneDelegate.invoke (http://localhost:9876/_karma_webpack_/webpack:/node_modules/zone.js/fesm2015/zone.js:397:34)
    at ZoneImpl.run (http://localhost:9876/_karma_webpack_/webpack:/node_modules/zone.js/fesm2015/zone.js:113:43)[39m
Chrome Headless 137.0.0.0 (Mac OS 10.15.7): Executed 127 of 158[32m SUCCESS[39m (0 secs / 3.334 secs)
ERROR: 'Error loading assessment responses:', Error: Database initialization failed
Error: Database initialization failed
    at http://localhost:9876/_karma_webpack_/webpack:/src/app/services/sqljs.service.ts:116:13
    at Generator.throw (<anonymous>)
    at asyncGeneratorStep (http://localhost:9876/_karma_webpack_/webpack:/node_modules/@babel/runtime/helpers/esm/asyncToGenerator.js:3:1)
    at apply (http://localhost:9876/_karma_webpack_/webpack:/node_modules/@babel/runtime/helpers/esm/asyncToGenerator.js:20:1)
    at _ZoneDelegate.invoke (http://localhost:9876/_karma_webpack_/webpack:/node_modules/zone.js/fesm2015/zone.js:398:28)
    at ProxyZoneSpec.onInvoke (http://localhost:9876/_karma_webpack_/webpack:/node_modules/zone.js/fesm2015/zone-testing.js:2132:39)
    at _ZoneDelegate.invoke (http://localhost:9876/_karma_webpack_/webpack:/node_modules/zone.js/fesm2015/zone.js:397:34)
    at Object.onInvoke (http://localhost:9876/_karma_webpack_/webpack:/node_modules/@angular/core/fesm2022/core.mjs:6568:33)
    at _ZoneDelegate.invoke (http://localhost:9876/_karma_webpack_/webpack:/node_modules/zone.js/fesm2015/zone.js:397:34)
    at ZoneImpl.run (http://localhost:9876/_karma_webpack_/webpack:/node_modules/zone.js/fesm2015/zone.js:113:43)
[1A[2KChrome Headless 137.0.0.0 (Mac OS 10.15.7): Executed 128 of 158[32m SUCCESS[39m (0 secs / 3.335 secs)
[1A[2KERROR: [36m'Failed to initialize SQL.js service:', Error: both async and sync fetching of the wasm failed
Error: both async and sync fetching of the wasm failed
    at Object.Module.onAbort (http://localhost:9876/_karma_webpack_/webpack:/node_modules/sql.js/dist/sql-wasm.js:40:20)
    at Ta (http://localhost:9876/_karma_webpack_/webpack:/node_modules/sql.js/dist/sql-wasm.js:97:376)
    at http://localhost:9876/_karma_webpack_/webpack:/node_modules/sql.js/dist/sql-wasm.js:98:351
    at Generator.throw (<anonymous>)
    at asyncGeneratorStep (http://localhost:9876/_karma_webpack_/webpack:/node_modules/@babel/runtime/helpers/asyncToGenerator.js:3:1)
    at apply (http://localhost:9876/_karma_webpack_/webpack:/node_modules/@babel/runtime/helpers/asyncToGenerator.js:20:1)
    at _ZoneDelegate.invoke (http://localhost:9876/_karma_webpack_/webpack:/node_modules/zone.js/fesm2015/zone.js:398:28)
    at ProxyZoneSpec.onInvoke (http://localhost:9876/_karma_webpack_/webpack:/node_modules/zone.js/fesm2015/zone-testing.js:2132:39)
    at _ZoneDelegate.invoke (http://localhost:9876/_karma_webpack_/webpack:/node_modules/zone.js/fesm2015/zone.js:397:34)
    at Object.onInvoke (http://localhost:9876/_karma_webpack_/webpack:/node_modules/@angular/core/fesm2022/core.mjs:6568:33)[39m
Chrome Headless 137.0.0.0 (Mac OS 10.15.7): Executed 128 of 158[32m SUCCESS[39m (0 secs / 3.335 secs)
ERROR: 'Failed to initialize SQL.js service:', Error: both async and sync fetching of the wasm failed
Error: both async and sync fetching of the wasm failed
    at Object.Module.onAbort (http://localhost:9876/_karma_webpack_/webpack:/node_modules/sql.js/dist/sql-wasm.js:40:20)
    at Ta (http://localhost:9876/_karma_webpack_/webpack:/node_modules/sql.js/dist/sql-wasm.js:97:376)
    at http://localhost:9876/_karma_webpack_/webpack:/node_modules/sql.js/dist/sql-wasm.js:98:351
    at Generator.throw (<anonymous>)
    at asyncGeneratorStep (http://localhost:9876/_karma_webpack_/webpack:/node_modules/@babel/runtime/helpers/asyncToGenerator.js:3:1)
    at apply (http://localhost:9876/_karma_webpack_/webpack:/node_modules/@babel/runtime/helpers/asyncToGenerator.js:20:1)
    at _ZoneDelegate.invoke (http://localhost:9876/_karma_webpack_/webpack:/node_modules/zone.js/fesm2015/zone.js:398:28)
    at ProxyZoneSpec.onInvoke (http://localhost:9876/_karma_webpack_/webpack:/node_modules/zone.js/fesm2015/zone-testing.js:2132:39)
    at _ZoneDelegate.invoke (http://localhost:9876/_karma_webpack_/webpack:/node_modules/zone.js/fesm2015/zone.js:397:34)
    at Object.onInvoke (http://localhost:9876/_karma_webpack_/webpack:/node_modules/@angular/core/fesm2022/core.mjs:6568:33)
[1A[2KERROR: [36m'Failed to initialize SQL.js service:', Error: both async and sync fetching of the wasm failed
Error: both async and sync fetching of the wasm failed
    at Object.Module.onAbort (http://localhost:9876/_karma_webpack_/webpack:/node_modules/sql.js/dist/sql-wasm.js:40:20)
    at Ta (http://localhost:9876/_karma_webpack_/webpack:/node_modules/sql.js/dist/sql-wasm.js:97:376)
    at http://localhost:9876/_karma_webpack_/webpack:/node_modules/sql.js/dist/sql-wasm.js:98:351
    at Generator.throw (<anonymous>)
    at asyncGeneratorStep (http://localhost:9876/_karma_webpack_/webpack:/node_modules/@babel/runtime/helpers/asyncToGenerator.js:3:1)
    at apply (http://localhost:9876/_karma_webpack_/webpack:/node_modules/@babel/runtime/helpers/asyncToGenerator.js:20:1)
    at _ZoneDelegate.invoke (http://localhost:9876/_karma_webpack_/webpack:/node_modules/zone.js/fesm2015/zone.js:398:28)
    at ProxyZoneSpec.onInvoke (http://localhost:9876/_karma_webpack_/webpack:/node_modules/zone.js/fesm2015/zone-testing.js:2132:39)
    at _ZoneDelegate.invoke (http://localhost:9876/_karma_webpack_/webpack:/node_modules/zone.js/fesm2015/zone.js:397:34)
    at Object.onInvoke (http://localhost:9876/_karma_webpack_/webpack:/node_modules/@angular/core/fesm2022/core.mjs:6568:33)[39m
Chrome Headless 137.0.0.0 (Mac OS 10.15.7): Executed 128 of 158[32m SUCCESS[39m (0 secs / 3.335 secs)
ERROR: 'Failed to initialize SQL.js service:', Error: both async and sync fetching of the wasm failed
Error: both async and sync fetching of the wasm failed
    at Object.Module.onAbort (http://localhost:9876/_karma_webpack_/webpack:/node_modules/sql.js/dist/sql-wasm.js:40:20)
    at Ta (http://localhost:9876/_karma_webpack_/webpack:/node_modules/sql.js/dist/sql-wasm.js:97:376)
    at http://localhost:9876/_karma_webpack_/webpack:/node_modules/sql.js/dist/sql-wasm.js:98:351
    at Generator.throw (<anonymous>)
    at asyncGeneratorStep (http://localhost:9876/_karma_webpack_/webpack:/node_modules/@babel/runtime/helpers/asyncToGenerator.js:3:1)
    at apply (http://localhost:9876/_karma_webpack_/webpack:/node_modules/@babel/runtime/helpers/asyncToGenerator.js:20:1)
    at _ZoneDelegate.invoke (http://localhost:9876/_karma_webpack_/webpack:/node_modules/zone.js/fesm2015/zone.js:398:28)
    at ProxyZoneSpec.onInvoke (http://localhost:9876/_karma_webpack_/webpack:/node_modules/zone.js/fesm2015/zone-testing.js:2132:39)
    at _ZoneDelegate.invoke (http://localhost:9876/_karma_webpack_/webpack:/node_modules/zone.js/fesm2015/zone.js:397:34)
    at Object.onInvoke (http://localhost:9876/_karma_webpack_/webpack:/node_modules/@angular/core/fesm2022/core.mjs:6568:33)
[1A[2KERROR: [36m'Failed to initialize SQL.js service:', Error: both async and sync fetching of the wasm failed
Error: both async and sync fetching of the wasm failed
    at Object.Module.onAbort (http://localhost:9876/_karma_webpack_/webpack:/node_modules/sql.js/dist/sql-wasm.js:40:20)
    at Ta (http://localhost:9876/_karma_webpack_/webpack:/node_modules/sql.js/dist/sql-wasm.js:97:376)
    at http://localhost:9876/_karma_webpack_/webpack:/node_modules/sql.js/dist/sql-wasm.js:98:351
    at Generator.throw (<anonymous>)
    at asyncGeneratorStep (http://localhost:9876/_karma_webpack_/webpack:/node_modules/@babel/runtime/helpers/asyncToGenerator.js:3:1)
    at apply (http://localhost:9876/_karma_webpack_/webpack:/node_modules/@babel/runtime/helpers/asyncToGenerator.js:20:1)
    at _ZoneDelegate.invoke (http://localhost:9876/_karma_webpack_/webpack:/node_modules/zone.js/fesm2015/zone.js:398:28)
    at ProxyZoneSpec.onInvoke (http://localhost:9876/_karma_webpack_/webpack:/node_modules/zone.js/fesm2015/zone-testing.js:2132:39)
    at _ZoneDelegate.invoke (http://localhost:9876/_karma_webpack_/webpack:/node_modules/zone.js/fesm2015/zone.js:397:34)
    at Object.onInvoke (http://localhost:9876/_karma_webpack_/webpack:/node_modules/@angular/core/fesm2022/core.mjs:6568:33)[39m
Chrome Headless 137.0.0.0 (Mac OS 10.15.7): Executed 128 of 158[32m SUCCESS[39m (0 secs / 3.335 secs)
ERROR: 'Failed to initialize SQL.js service:', Error: both async and sync fetching of the wasm failed
Error: both async and sync fetching of the wasm failed
    at Object.Module.onAbort (http://localhost:9876/_karma_webpack_/webpack:/node_modules/sql.js/dist/sql-wasm.js:40:20)
    at Ta (http://localhost:9876/_karma_webpack_/webpack:/node_modules/sql.js/dist/sql-wasm.js:97:376)
    at http://localhost:9876/_karma_webpack_/webpack:/node_modules/sql.js/dist/sql-wasm.js:98:351
    at Generator.throw (<anonymous>)
    at asyncGeneratorStep (http://localhost:9876/_karma_webpack_/webpack:/node_modules/@babel/runtime/helpers/asyncToGenerator.js:3:1)
    at apply (http://localhost:9876/_karma_webpack_/webpack:/node_modules/@babel/runtime/helpers/asyncToGenerator.js:20:1)
    at _ZoneDelegate.invoke (http://localhost:9876/_karma_webpack_/webpack:/node_modules/zone.js/fesm2015/zone.js:398:28)
    at ProxyZoneSpec.onInvoke (http://localhost:9876/_karma_webpack_/webpack:/node_modules/zone.js/fesm2015/zone-testing.js:2132:39)
    at _ZoneDelegate.invoke (http://localhost:9876/_karma_webpack_/webpack:/node_modules/zone.js/fesm2015/zone.js:397:34)
    at Object.onInvoke (http://localhost:9876/_karma_webpack_/webpack:/node_modules/@angular/core/fesm2022/core.mjs:6568:33)
[1A[2KERROR: [36m'Failed to initialize SQL.js service:', Error: both async and sync fetching of the wasm failed
Error: both async and sync fetching of the wasm failed
    at Object.Module.onAbort (http://localhost:9876/_karma_webpack_/webpack:/node_modules/sql.js/dist/sql-wasm.js:40:20)
    at Ta (http://localhost:9876/_karma_webpack_/webpack:/node_modules/sql.js/dist/sql-wasm.js:97:376)
    at http://localhost:9876/_karma_webpack_/webpack:/node_modules/sql.js/dist/sql-wasm.js:98:351
    at Generator.throw (<anonymous>)
    at asyncGeneratorStep (http://localhost:9876/_karma_webpack_/webpack:/node_modules/@babel/runtime/helpers/asyncToGenerator.js:3:1)
    at apply (http://localhost:9876/_karma_webpack_/webpack:/node_modules/@babel/runtime/helpers/asyncToGenerator.js:20:1)
    at _ZoneDelegate.invoke (http://localhost:9876/_karma_webpack_/webpack:/node_modules/zone.js/fesm2015/zone.js:398:28)
    at ProxyZoneSpec.onInvoke (http://localhost:9876/_karma_webpack_/webpack:/node_modules/zone.js/fesm2015/zone-testing.js:2132:39)
    at _ZoneDelegate.invoke (http://localhost:9876/_karma_webpack_/webpack:/node_modules/zone.js/fesm2015/zone.js:397:34)
    at Object.onInvoke (http://localhost:9876/_karma_webpack_/webpack:/node_modules/@angular/core/fesm2022/core.mjs:6568:33)[39m
Chrome Headless 137.0.0.0 (Mac OS 10.15.7): Executed 128 of 158[32m SUCCESS[39m (0 secs / 3.335 secs)
ERROR: 'Failed to initialize SQL.js service:', Error: both async and sync fetching of the wasm failed
Error: both async and sync fetching of the wasm failed
    at Object.Module.onAbort (http://localhost:9876/_karma_webpack_/webpack:/node_modules/sql.js/dist/sql-wasm.js:40:20)
    at Ta (http://localhost:9876/_karma_webpack_/webpack:/node_modules/sql.js/dist/sql-wasm.js:97:376)
    at http://localhost:9876/_karma_webpack_/webpack:/node_modules/sql.js/dist/sql-wasm.js:98:351
    at Generator.throw (<anonymous>)
    at asyncGeneratorStep (http://localhost:9876/_karma_webpack_/webpack:/node_modules/@babel/runtime/helpers/asyncToGenerator.js:3:1)
    at apply (http://localhost:9876/_karma_webpack_/webpack:/node_modules/@babel/runtime/helpers/asyncToGenerator.js:20:1)
    at _ZoneDelegate.invoke (http://localhost:9876/_karma_webpack_/webpack:/node_modules/zone.js/fesm2015/zone.js:398:28)
    at ProxyZoneSpec.onInvoke (http://localhost:9876/_karma_webpack_/webpack:/node_modules/zone.js/fesm2015/zone-testing.js:2132:39)
    at _ZoneDelegate.invoke (http://localhost:9876/_karma_webpack_/webpack:/node_modules/zone.js/fesm2015/zone.js:397:34)
    at Object.onInvoke (http://localhost:9876/_karma_webpack_/webpack:/node_modules/@angular/core/fesm2022/core.mjs:6568:33)
[1A[2KERROR: [36m'Failed to initialize SQL.js service:', Error: both async and sync fetching of the wasm failed
Error: both async and sync fetching of the wasm failed
    at Object.Module.onAbort (http://localhost:9876/_karma_webpack_/webpack:/node_modules/sql.js/dist/sql-wasm.js:40:20)
    at Ta (http://localhost:9876/_karma_webpack_/webpack:/node_modules/sql.js/dist/sql-wasm.js:97:376)
    at http://localhost:9876/_karma_webpack_/webpack:/node_modules/sql.js/dist/sql-wasm.js:98:351
    at Generator.throw (<anonymous>)
    at asyncGeneratorStep (http://localhost:9876/_karma_webpack_/webpack:/node_modules/@babel/runtime/helpers/asyncToGenerator.js:3:1)
    at apply (http://localhost:9876/_karma_webpack_/webpack:/node_modules/@babel/runtime/helpers/asyncToGenerator.js:20:1)
    at _ZoneDelegate.invoke (http://localhost:9876/_karma_webpack_/webpack:/node_modules/zone.js/fesm2015/zone.js:398:28)
    at ProxyZoneSpec.onInvoke (http://localhost:9876/_karma_webpack_/webpack:/node_modules/zone.js/fesm2015/zone-testing.js:2132:39)
    at _ZoneDelegate.invoke (http://localhost:9876/_karma_webpack_/webpack:/node_modules/zone.js/fesm2015/zone.js:397:34)
    at Object.onInvoke (http://localhost:9876/_karma_webpack_/webpack:/node_modules/@angular/core/fesm2022/core.mjs:6568:33)[39m
Chrome Headless 137.0.0.0 (Mac OS 10.15.7): Executed 128 of 158[32m SUCCESS[39m (0 secs / 3.335 secs)
ERROR: 'Failed to initialize SQL.js service:', Error: both async and sync fetching of the wasm failed
Error: both async and sync fetching of the wasm failed
    at Object.Module.onAbort (http://localhost:9876/_karma_webpack_/webpack:/node_modules/sql.js/dist/sql-wasm.js:40:20)
    at Ta (http://localhost:9876/_karma_webpack_/webpack:/node_modules/sql.js/dist/sql-wasm.js:97:376)
    at http://localhost:9876/_karma_webpack_/webpack:/node_modules/sql.js/dist/sql-wasm.js:98:351
    at Generator.throw (<anonymous>)
    at asyncGeneratorStep (http://localhost:9876/_karma_webpack_/webpack:/node_modules/@babel/runtime/helpers/asyncToGenerator.js:3:1)
    at apply (http://localhost:9876/_karma_webpack_/webpack:/node_modules/@babel/runtime/helpers/asyncToGenerator.js:20:1)
    at _ZoneDelegate.invoke (http://localhost:9876/_karma_webpack_/webpack:/node_modules/zone.js/fesm2015/zone.js:398:28)
    at ProxyZoneSpec.onInvoke (http://localhost:9876/_karma_webpack_/webpack:/node_modules/zone.js/fesm2015/zone-testing.js:2132:39)
    at _ZoneDelegate.invoke (http://localhost:9876/_karma_webpack_/webpack:/node_modules/zone.js/fesm2015/zone.js:397:34)
    at Object.onInvoke (http://localhost:9876/_karma_webpack_/webpack:/node_modules/@angular/core/fesm2022/core.mjs:6568:33)
[1A[2KERROR: [36m'Failed to initialize SQL.js service:', Error: both async and sync fetching of the wasm failed
Error: both async and sync fetching of the wasm failed
    at Object.Module.onAbort (http://localhost:9876/_karma_webpack_/webpack:/node_modules/sql.js/dist/sql-wasm.js:40:20)
    at Ta (http://localhost:9876/_karma_webpack_/webpack:/node_modules/sql.js/dist/sql-wasm.js:97:376)
    at http://localhost:9876/_karma_webpack_/webpack:/node_modules/sql.js/dist/sql-wasm.js:98:351
    at Generator.throw (<anonymous>)
    at asyncGeneratorStep (http://localhost:9876/_karma_webpack_/webpack:/node_modules/@babel/runtime/helpers/asyncToGenerator.js:3:1)
    at apply (http://localhost:9876/_karma_webpack_/webpack:/node_modules/@babel/runtime/helpers/asyncToGenerator.js:20:1)
    at _ZoneDelegate.invoke (http://localhost:9876/_karma_webpack_/webpack:/node_modules/zone.js/fesm2015/zone.js:398:28)
    at ProxyZoneSpec.onInvoke (http://localhost:9876/_karma_webpack_/webpack:/node_modules/zone.js/fesm2015/zone-testing.js:2132:39)
    at _ZoneDelegate.invoke (http://localhost:9876/_karma_webpack_/webpack:/node_modules/zone.js/fesm2015/zone.js:397:34)
    at Object.onInvoke (http://localhost:9876/_karma_webpack_/webpack:/node_modules/@angular/core/fesm2022/core.mjs:6568:33)[39m
Chrome Headless 137.0.0.0 (Mac OS 10.15.7): Executed 128 of 158[32m SUCCESS[39m (0 secs / 3.335 secs)
ERROR: 'Failed to initialize SQL.js service:', Error: both async and sync fetching of the wasm failed
Error: both async and sync fetching of the wasm failed
    at Object.Module.onAbort (http://localhost:9876/_karma_webpack_/webpack:/node_modules/sql.js/dist/sql-wasm.js:40:20)
    at Ta (http://localhost:9876/_karma_webpack_/webpack:/node_modules/sql.js/dist/sql-wasm.js:97:376)
    at http://localhost:9876/_karma_webpack_/webpack:/node_modules/sql.js/dist/sql-wasm.js:98:351
    at Generator.throw (<anonymous>)
    at asyncGeneratorStep (http://localhost:9876/_karma_webpack_/webpack:/node_modules/@babel/runtime/helpers/asyncToGenerator.js:3:1)
    at apply (http://localhost:9876/_karma_webpack_/webpack:/node_modules/@babel/runtime/helpers/asyncToGenerator.js:20:1)
    at _ZoneDelegate.invoke (http://localhost:9876/_karma_webpack_/webpack:/node_modules/zone.js/fesm2015/zone.js:398:28)
    at ProxyZoneSpec.onInvoke (http://localhost:9876/_karma_webpack_/webpack:/node_modules/zone.js/fesm2015/zone-testing.js:2132:39)
    at _ZoneDelegate.invoke (http://localhost:9876/_karma_webpack_/webpack:/node_modules/zone.js/fesm2015/zone.js:397:34)
    at Object.onInvoke (http://localhost:9876/_karma_webpack_/webpack:/node_modules/@angular/core/fesm2022/core.mjs:6568:33)
[1A[2KERROR: [36m'Failed to initialize SQL.js service:', Error: both async and sync fetching of the wasm failed
Error: both async and sync fetching of the wasm failed
    at Object.Module.onAbort (http://localhost:9876/_karma_webpack_/webpack:/node_modules/sql.js/dist/sql-wasm.js:40:20)
    at Ta (http://localhost:9876/_karma_webpack_/webpack:/node_modules/sql.js/dist/sql-wasm.js:97:376)
    at http://localhost:9876/_karma_webpack_/webpack:/node_modules/sql.js/dist/sql-wasm.js:98:351
    at Generator.throw (<anonymous>)
    at asyncGeneratorStep (http://localhost:9876/_karma_webpack_/webpack:/node_modules/@babel/runtime/helpers/asyncToGenerator.js:3:1)
    at apply (http://localhost:9876/_karma_webpack_/webpack:/node_modules/@babel/runtime/helpers/asyncToGenerator.js:20:1)
    at _ZoneDelegate.invoke (http://localhost:9876/_karma_webpack_/webpack:/node_modules/zone.js/fesm2015/zone.js:398:28)
    at ProxyZoneSpec.onInvoke (http://localhost:9876/_karma_webpack_/webpack:/node_modules/zone.js/fesm2015/zone-testing.js:2132:39)
    at _ZoneDelegate.invoke (http://localhost:9876/_karma_webpack_/webpack:/node_modules/zone.js/fesm2015/zone.js:397:34)
    at Object.onInvoke (http://localhost:9876/_karma_webpack_/webpack:/node_modules/@angular/core/fesm2022/core.mjs:6568:33)[39m
Chrome Headless 137.0.0.0 (Mac OS 10.15.7): Executed 128 of 158[32m SUCCESS[39m (0 secs / 3.335 secs)
ERROR: 'Failed to initialize SQL.js service:', Error: both async and sync fetching of the wasm failed
Error: both async and sync fetching of the wasm failed
    at Object.Module.onAbort (http://localhost:9876/_karma_webpack_/webpack:/node_modules/sql.js/dist/sql-wasm.js:40:20)
    at Ta (http://localhost:9876/_karma_webpack_/webpack:/node_modules/sql.js/dist/sql-wasm.js:97:376)
    at http://localhost:9876/_karma_webpack_/webpack:/node_modules/sql.js/dist/sql-wasm.js:98:351
    at Generator.throw (<anonymous>)
    at asyncGeneratorStep (http://localhost:9876/_karma_webpack_/webpack:/node_modules/@babel/runtime/helpers/asyncToGenerator.js:3:1)
    at apply (http://localhost:9876/_karma_webpack_/webpack:/node_modules/@babel/runtime/helpers/asyncToGenerator.js:20:1)
    at _ZoneDelegate.invoke (http://localhost:9876/_karma_webpack_/webpack:/node_modules/zone.js/fesm2015/zone.js:398:28)
    at ProxyZoneSpec.onInvoke (http://localhost:9876/_karma_webpack_/webpack:/node_modules/zone.js/fesm2015/zone-testing.js:2132:39)
    at _ZoneDelegate.invoke (http://localhost:9876/_karma_webpack_/webpack:/node_modules/zone.js/fesm2015/zone.js:397:34)
    at Object.onInvoke (http://localhost:9876/_karma_webpack_/webpack:/node_modules/@angular/core/fesm2022/core.mjs:6568:33)
[1A[2KERROR: [36m'Failed to initialize SQL.js service:', Error: both async and sync fetching of the wasm failed
Error: both async and sync fetching of the wasm failed
    at Object.Module.onAbort (http://localhost:9876/_karma_webpack_/webpack:/node_modules/sql.js/dist/sql-wasm.js:40:20)
    at Ta (http://localhost:9876/_karma_webpack_/webpack:/node_modules/sql.js/dist/sql-wasm.js:97:376)
    at http://localhost:9876/_karma_webpack_/webpack:/node_modules/sql.js/dist/sql-wasm.js:98:351
    at Generator.throw (<anonymous>)
    at asyncGeneratorStep (http://localhost:9876/_karma_webpack_/webpack:/node_modules/@babel/runtime/helpers/asyncToGenerator.js:3:1)
    at apply (http://localhost:9876/_karma_webpack_/webpack:/node_modules/@babel/runtime/helpers/asyncToGenerator.js:20:1)
    at _ZoneDelegate.invoke (http://localhost:9876/_karma_webpack_/webpack:/node_modules/zone.js/fesm2015/zone.js:398:28)
    at ProxyZoneSpec.onInvoke (http://localhost:9876/_karma_webpack_/webpack:/node_modules/zone.js/fesm2015/zone-testing.js:2132:39)
    at _ZoneDelegate.invoke (http://localhost:9876/_karma_webpack_/webpack:/node_modules/zone.js/fesm2015/zone.js:397:34)
    at Object.onInvoke (http://localhost:9876/_karma_webpack_/webpack:/node_modules/@angular/core/fesm2022/core.mjs:6568:33)[39m
Chrome Headless 137.0.0.0 (Mac OS 10.15.7): Executed 128 of 158[32m SUCCESS[39m (0 secs / 3.335 secs)
ERROR: 'Failed to initialize SQL.js service:', Error: both async and sync fetching of the wasm failed
Error: both async and sync fetching of the wasm failed
    at Object.Module.onAbort (http://localhost:9876/_karma_webpack_/webpack:/node_modules/sql.js/dist/sql-wasm.js:40:20)
    at Ta (http://localhost:9876/_karma_webpack_/webpack:/node_modules/sql.js/dist/sql-wasm.js:97:376)
    at http://localhost:9876/_karma_webpack_/webpack:/node_modules/sql.js/dist/sql-wasm.js:98:351
    at Generator.throw (<anonymous>)
    at asyncGeneratorStep (http://localhost:9876/_karma_webpack_/webpack:/node_modules/@babel/runtime/helpers/asyncToGenerator.js:3:1)
    at apply (http://localhost:9876/_karma_webpack_/webpack:/node_modules/@babel/runtime/helpers/asyncToGenerator.js:20:1)
    at _ZoneDelegate.invoke (http://localhost:9876/_karma_webpack_/webpack:/node_modules/zone.js/fesm2015/zone.js:398:28)
    at ProxyZoneSpec.onInvoke (http://localhost:9876/_karma_webpack_/webpack:/node_modules/zone.js/fesm2015/zone-testing.js:2132:39)
    at _ZoneDelegate.invoke (http://localhost:9876/_karma_webpack_/webpack:/node_modules/zone.js/fesm2015/zone.js:397:34)
    at Object.onInvoke (http://localhost:9876/_karma_webpack_/webpack:/node_modules/@angular/core/fesm2022/core.mjs:6568:33)
[1A[2KERROR: [36m'Error loading pillars:', Error: Database initialization failed
Error: Database initialization failed
    at http://localhost:9876/_karma_webpack_/webpack:/src/app/services/sqljs.service.ts:116:13
    at Generator.throw (<anonymous>)
    at asyncGeneratorStep (http://localhost:9876/_karma_webpack_/webpack:/node_modules/@babel/runtime/helpers/esm/asyncToGenerator.js:3:1)
    at apply (http://localhost:9876/_karma_webpack_/webpack:/node_modules/@babel/runtime/helpers/esm/asyncToGenerator.js:20:1)
    at _ZoneDelegate.invoke (http://localhost:9876/_karma_webpack_/webpack:/node_modules/zone.js/fesm2015/zone.js:398:28)
    at ProxyZoneSpec.onInvoke (http://localhost:9876/_karma_webpack_/webpack:/node_modules/zone.js/fesm2015/zone-testing.js:2132:39)
    at _ZoneDelegate.invoke (http://localhost:9876/_karma_webpack_/webpack:/node_modules/zone.js/fesm2015/zone.js:397:34)
    at Object.onInvoke (http://localhost:9876/_karma_webpack_/webpack:/node_modules/@angular/core/fesm2022/core.mjs:6568:33)
    at _ZoneDelegate.invoke (http://localhost:9876/_karma_webpack_/webpack:/node_modules/zone.js/fesm2015/zone.js:397:34)
    at ZoneImpl.run (http://localhost:9876/_karma_webpack_/webpack:/node_modules/zone.js/fesm2015/zone.js:113:43)[39m
Chrome Headless 137.0.0.0 (Mac OS 10.15.7): Executed 128 of 158[32m SUCCESS[39m (0 secs / 3.335 secs)
ERROR: 'Error loading pillars:', Error: Database initialization failed
Error: Database initialization failed
    at http://localhost:9876/_karma_webpack_/webpack:/src/app/services/sqljs.service.ts:116:13
    at Generator.throw (<anonymous>)
    at asyncGeneratorStep (http://localhost:9876/_karma_webpack_/webpack:/node_modules/@babel/runtime/helpers/esm/asyncToGenerator.js:3:1)
    at apply (http://localhost:9876/_karma_webpack_/webpack:/node_modules/@babel/runtime/helpers/esm/asyncToGenerator.js:20:1)
    at _ZoneDelegate.invoke (http://localhost:9876/_karma_webpack_/webpack:/node_modules/zone.js/fesm2015/zone.js:398:28)
    at ProxyZoneSpec.onInvoke (http://localhost:9876/_karma_webpack_/webpack:/node_modules/zone.js/fesm2015/zone-testing.js:2132:39)
    at _ZoneDelegate.invoke (http://localhost:9876/_karma_webpack_/webpack:/node_modules/zone.js/fesm2015/zone.js:397:34)
    at Object.onInvoke (http://localhost:9876/_karma_webpack_/webpack:/node_modules/@angular/core/fesm2022/core.mjs:6568:33)
    at _ZoneDelegate.invoke (http://localhost:9876/_karma_webpack_/webpack:/node_modules/zone.js/fesm2015/zone.js:397:34)
    at ZoneImpl.run (http://localhost:9876/_karma_webpack_/webpack:/node_modules/zone.js/fesm2015/zone.js:113:43)
[1A[2KERROR: [36m'Error loading maturity stages:', Error: Database initialization failed
Error: Database initialization failed
    at http://localhost:9876/_karma_webpack_/webpack:/src/app/services/sqljs.service.ts:116:13
    at Generator.throw (<anonymous>)
    at asyncGeneratorStep (http://localhost:9876/_karma_webpack_/webpack:/node_modules/@babel/runtime/helpers/esm/asyncToGenerator.js:3:1)
    at apply (http://localhost:9876/_karma_webpack_/webpack:/node_modules/@babel/runtime/helpers/esm/asyncToGenerator.js:20:1)
    at _ZoneDelegate.invoke (http://localhost:9876/_karma_webpack_/webpack:/node_modules/zone.js/fesm2015/zone.js:398:28)
    at ProxyZoneSpec.onInvoke (http://localhost:9876/_karma_webpack_/webpack:/node_modules/zone.js/fesm2015/zone-testing.js:2132:39)
    at _ZoneDelegate.invoke (http://localhost:9876/_karma_webpack_/webpack:/node_modules/zone.js/fesm2015/zone.js:397:34)
    at Object.onInvoke (http://localhost:9876/_karma_webpack_/webpack:/node_modules/@angular/core/fesm2022/core.mjs:6568:33)
    at _ZoneDelegate.invoke (http://localhost:9876/_karma_webpack_/webpack:/node_modules/zone.js/fesm2015/zone.js:397:34)
    at ZoneImpl.run (http://localhost:9876/_karma_webpack_/webpack:/node_modules/zone.js/fesm2015/zone.js:113:43)[39m
Chrome Headless 137.0.0.0 (Mac OS 10.15.7): Executed 128 of 158[32m SUCCESS[39m (0 secs / 3.335 secs)
ERROR: 'Error loading maturity stages:', Error: Database initialization failed
Error: Database initialization failed
    at http://localhost:9876/_karma_webpack_/webpack:/src/app/services/sqljs.service.ts:116:13
    at Generator.throw (<anonymous>)
    at asyncGeneratorStep (http://localhost:9876/_karma_webpack_/webpack:/node_modules/@babel/runtime/helpers/esm/asyncToGenerator.js:3:1)
    at apply (http://localhost:9876/_karma_webpack_/webpack:/node_modules/@babel/runtime/helpers/esm/asyncToGenerator.js:20:1)
    at _ZoneDelegate.invoke (http://localhost:9876/_karma_webpack_/webpack:/node_modules/zone.js/fesm2015/zone.js:398:28)
    at ProxyZoneSpec.onInvoke (http://localhost:9876/_karma_webpack_/webpack:/node_modules/zone.js/fesm2015/zone-testing.js:2132:39)
    at _ZoneDelegate.invoke (http://localhost:9876/_karma_webpack_/webpack:/node_modules/zone.js/fesm2015/zone.js:397:34)
    at Object.onInvoke (http://localhost:9876/_karma_webpack_/webpack:/node_modules/@angular/core/fesm2022/core.mjs:6568:33)
    at _ZoneDelegate.invoke (http://localhost:9876/_karma_webpack_/webpack:/node_modules/zone.js/fesm2015/zone.js:397:34)
    at ZoneImpl.run (http://localhost:9876/_karma_webpack_/webpack:/node_modules/zone.js/fesm2015/zone.js:113:43)
[1A[2KERROR: [36m'Error loading pillars:', Error: Database initialization failed
Error: Database initialization failed
    at http://localhost:9876/_karma_webpack_/webpack:/src/app/services/sqljs.service.ts:116:13
    at Generator.throw (<anonymous>)
    at asyncGeneratorStep (http://localhost:9876/_karma_webpack_/webpack:/node_modules/@babel/runtime/helpers/esm/asyncToGenerator.js:3:1)
    at apply (http://localhost:9876/_karma_webpack_/webpack:/node_modules/@babel/runtime/helpers/esm/asyncToGenerator.js:20:1)
    at _ZoneDelegate.invoke (http://localhost:9876/_karma_webpack_/webpack:/node_modules/zone.js/fesm2015/zone.js:398:28)
    at ProxyZoneSpec.onInvoke (http://localhost:9876/_karma_webpack_/webpack:/node_modules/zone.js/fesm2015/zone-testing.js:2132:39)
    at _ZoneDelegate.invoke (http://localhost:9876/_karma_webpack_/webpack:/node_modules/zone.js/fesm2015/zone.js:397:34)
    at Object.onInvoke (http://localhost:9876/_karma_webpack_/webpack:/node_modules/@angular/core/fesm2022/core.mjs:6568:33)
    at _ZoneDelegate.invoke (http://localhost:9876/_karma_webpack_/webpack:/node_modules/zone.js/fesm2015/zone.js:397:34)
    at ZoneImpl.run (http://localhost:9876/_karma_webpack_/webpack:/node_modules/zone.js/fesm2015/zone.js:113:43)[39m
Chrome Headless 137.0.0.0 (Mac OS 10.15.7): Executed 128 of 158[32m SUCCESS[39m (0 secs / 3.335 secs)
ERROR: 'Error loading pillars:', Error: Database initialization failed
Error: Database initialization failed
    at http://localhost:9876/_karma_webpack_/webpack:/src/app/services/sqljs.service.ts:116:13
    at Generator.throw (<anonymous>)
    at asyncGeneratorStep (http://localhost:9876/_karma_webpack_/webpack:/node_modules/@babel/runtime/helpers/esm/asyncToGenerator.js:3:1)
    at apply (http://localhost:9876/_karma_webpack_/webpack:/node_modules/@babel/runtime/helpers/esm/asyncToGenerator.js:20:1)
    at _ZoneDelegate.invoke (http://localhost:9876/_karma_webpack_/webpack:/node_modules/zone.js/fesm2015/zone.js:398:28)
    at ProxyZoneSpec.onInvoke (http://localhost:9876/_karma_webpack_/webpack:/node_modules/zone.js/fesm2015/zone-testing.js:2132:39)
    at _ZoneDelegate.invoke (http://localhost:9876/_karma_webpack_/webpack:/node_modules/zone.js/fesm2015/zone.js:397:34)
    at Object.onInvoke (http://localhost:9876/_karma_webpack_/webpack:/node_modules/@angular/core/fesm2022/core.mjs:6568:33)
    at _ZoneDelegate.invoke (http://localhost:9876/_karma_webpack_/webpack:/node_modules/zone.js/fesm2015/zone.js:397:34)
    at ZoneImpl.run (http://localhost:9876/_karma_webpack_/webpack:/node_modules/zone.js/fesm2015/zone.js:113:43)
[1A[2KERROR: [36m'Failed to initialize SQL.js service:', Error: both async and sync fetching of the wasm failed
Error: both async and sync fetching of the wasm failed
    at Object.Module.onAbort (http://localhost:9876/_karma_webpack_/webpack:/node_modules/sql.js/dist/sql-wasm.js:40:20)
    at Ta (http://localhost:9876/_karma_webpack_/webpack:/node_modules/sql.js/dist/sql-wasm.js:97:376)
    at http://localhost:9876/_karma_webpack_/webpack:/node_modules/sql.js/dist/sql-wasm.js:98:351
    at Generator.throw (<anonymous>)
    at asyncGeneratorStep (http://localhost:9876/_karma_webpack_/webpack:/node_modules/@babel/runtime/helpers/asyncToGenerator.js:3:1)
    at apply (http://localhost:9876/_karma_webpack_/webpack:/node_modules/@babel/runtime/helpers/asyncToGenerator.js:20:1)
    at _ZoneDelegate.invoke (http://localhost:9876/_karma_webpack_/webpack:/node_modules/zone.js/fesm2015/zone.js:398:28)
    at ProxyZoneSpec.onInvoke (http://localhost:9876/_karma_webpack_/webpack:/node_modules/zone.js/fesm2015/zone-testing.js:2132:39)
    at _ZoneDelegate.invoke (http://localhost:9876/_karma_webpack_/webpack:/node_modules/zone.js/fesm2015/zone.js:397:34)
    at Object.onInvoke (http://localhost:9876/_karma_webpack_/webpack:/node_modules/@angular/core/fesm2022/core.mjs:6568:33)[39m
Chrome Headless 137.0.0.0 (Mac OS 10.15.7): Executed 128 of 158[32m SUCCESS[39m (0 secs / 3.335 secs)
ERROR: 'Failed to initialize SQL.js service:', Error: both async and sync fetching of the wasm failed
Error: both async and sync fetching of the wasm failed
    at Object.Module.onAbort (http://localhost:9876/_karma_webpack_/webpack:/node_modules/sql.js/dist/sql-wasm.js:40:20)
    at Ta (http://localhost:9876/_karma_webpack_/webpack:/node_modules/sql.js/dist/sql-wasm.js:97:376)
    at http://localhost:9876/_karma_webpack_/webpack:/node_modules/sql.js/dist/sql-wasm.js:98:351
    at Generator.throw (<anonymous>)
    at asyncGeneratorStep (http://localhost:9876/_karma_webpack_/webpack:/node_modules/@babel/runtime/helpers/asyncToGenerator.js:3:1)
    at apply (http://localhost:9876/_karma_webpack_/webpack:/node_modules/@babel/runtime/helpers/asyncToGenerator.js:20:1)
    at _ZoneDelegate.invoke (http://localhost:9876/_karma_webpack_/webpack:/node_modules/zone.js/fesm2015/zone.js:398:28)
    at ProxyZoneSpec.onInvoke (http://localhost:9876/_karma_webpack_/webpack:/node_modules/zone.js/fesm2015/zone-testing.js:2132:39)
    at _ZoneDelegate.invoke (http://localhost:9876/_karma_webpack_/webpack:/node_modules/zone.js/fesm2015/zone.js:397:34)
    at Object.onInvoke (http://localhost:9876/_karma_webpack_/webpack:/node_modules/@angular/core/fesm2022/core.mjs:6568:33)
[1A[2KERROR: [36m'Failed to initialize SQL.js service:', Error: both async and sync fetching of the wasm failed
Error: both async and sync fetching of the wasm failed
    at Object.Module.onAbort (http://localhost:9876/_karma_webpack_/webpack:/node_modules/sql.js/dist/sql-wasm.js:40:20)
    at Ta (http://localhost:9876/_karma_webpack_/webpack:/node_modules/sql.js/dist/sql-wasm.js:97:376)
    at http://localhost:9876/_karma_webpack_/webpack:/node_modules/sql.js/dist/sql-wasm.js:98:351
    at Generator.throw (<anonymous>)
    at asyncGeneratorStep (http://localhost:9876/_karma_webpack_/webpack:/node_modules/@babel/runtime/helpers/asyncToGenerator.js:3:1)
    at apply (http://localhost:9876/_karma_webpack_/webpack:/node_modules/@babel/runtime/helpers/asyncToGenerator.js:20:1)
    at _ZoneDelegate.invoke (http://localhost:9876/_karma_webpack_/webpack:/node_modules/zone.js/fesm2015/zone.js:398:28)
    at ProxyZoneSpec.onInvoke (http://localhost:9876/_karma_webpack_/webpack:/node_modules/zone.js/fesm2015/zone-testing.js:2132:39)
    at _ZoneDelegate.invoke (http://localhost:9876/_karma_webpack_/webpack:/node_modules/zone.js/fesm2015/zone.js:397:34)
    at Object.onInvoke (http://localhost:9876/_karma_webpack_/webpack:/node_modules/@angular/core/fesm2022/core.mjs:6568:33)[39m
Chrome Headless 137.0.0.0 (Mac OS 10.15.7): Executed 128 of 158[32m SUCCESS[39m (0 secs / 3.335 secs)
ERROR: 'Failed to initialize SQL.js service:', Error: both async and sync fetching of the wasm failed
Error: both async and sync fetching of the wasm failed
    at Object.Module.onAbort (http://localhost:9876/_karma_webpack_/webpack:/node_modules/sql.js/dist/sql-wasm.js:40:20)
    at Ta (http://localhost:9876/_karma_webpack_/webpack:/node_modules/sql.js/dist/sql-wasm.js:97:376)
    at http://localhost:9876/_karma_webpack_/webpack:/node_modules/sql.js/dist/sql-wasm.js:98:351
    at Generator.throw (<anonymous>)
    at asyncGeneratorStep (http://localhost:9876/_karma_webpack_/webpack:/node_modules/@babel/runtime/helpers/asyncToGenerator.js:3:1)
    at apply (http://localhost:9876/_karma_webpack_/webpack:/node_modules/@babel/runtime/helpers/asyncToGenerator.js:20:1)
    at _ZoneDelegate.invoke (http://localhost:9876/_karma_webpack_/webpack:/node_modules/zone.js/fesm2015/zone.js:398:28)
    at ProxyZoneSpec.onInvoke (http://localhost:9876/_karma_webpack_/webpack:/node_modules/zone.js/fesm2015/zone-testing.js:2132:39)
    at _ZoneDelegate.invoke (http://localhost:9876/_karma_webpack_/webpack:/node_modules/zone.js/fesm2015/zone.js:397:34)
    at Object.onInvoke (http://localhost:9876/_karma_webpack_/webpack:/node_modules/@angular/core/fesm2022/core.mjs:6568:33)
[1A[2KERROR: [36m'Error getting data statistics:', Error: Database initialization failed
Error: Database initialization failed
    at http://localhost:9876/_karma_webpack_/webpack:/src/app/services/sqljs.service.ts:116:13
    at Generator.throw (<anonymous>)
    at asyncGeneratorStep (http://localhost:9876/_karma_webpack_/webpack:/node_modules/@babel/runtime/helpers/esm/asyncToGenerator.js:3:1)
    at apply (http://localhost:9876/_karma_webpack_/webpack:/node_modules/@babel/runtime/helpers/esm/asyncToGenerator.js:20:1)
    at _ZoneDelegate.invoke (http://localhost:9876/_karma_webpack_/webpack:/node_modules/zone.js/fesm2015/zone.js:398:28)
    at ProxyZoneSpec.onInvoke (http://localhost:9876/_karma_webpack_/webpack:/node_modules/zone.js/fesm2015/zone-testing.js:2132:39)
    at _ZoneDelegate.invoke (http://localhost:9876/_karma_webpack_/webpack:/node_modules/zone.js/fesm2015/zone.js:397:34)
    at Object.onInvoke (http://localhost:9876/_karma_webpack_/webpack:/node_modules/@angular/core/fesm2022/core.mjs:6568:33)
    at _ZoneDelegate.invoke (http://localhost:9876/_karma_webpack_/webpack:/node_modules/zone.js/fesm2015/zone.js:397:34)
    at ZoneImpl.run (http://localhost:9876/_karma_webpack_/webpack:/node_modules/zone.js/fesm2015/zone.js:113:43)[39m
Chrome Headless 137.0.0.0 (Mac OS 10.15.7): Executed 128 of 158[32m SUCCESS[39m (0 secs / 3.335 secs)
ERROR: 'Error getting data statistics:', Error: Database initialization failed
Error: Database initialization failed
    at http://localhost:9876/_karma_webpack_/webpack:/src/app/services/sqljs.service.ts:116:13
    at Generator.throw (<anonymous>)
    at asyncGeneratorStep (http://localhost:9876/_karma_webpack_/webpack:/node_modules/@babel/runtime/helpers/esm/asyncToGenerator.js:3:1)
    at apply (http://localhost:9876/_karma_webpack_/webpack:/node_modules/@babel/runtime/helpers/esm/asyncToGenerator.js:20:1)
    at _ZoneDelegate.invoke (http://localhost:9876/_karma_webpack_/webpack:/node_modules/zone.js/fesm2015/zone.js:398:28)
    at ProxyZoneSpec.onInvoke (http://localhost:9876/_karma_webpack_/webpack:/node_modules/zone.js/fesm2015/zone-testing.js:2132:39)
    at _ZoneDelegate.invoke (http://localhost:9876/_karma_webpack_/webpack:/node_modules/zone.js/fesm2015/zone.js:397:34)
    at Object.onInvoke (http://localhost:9876/_karma_webpack_/webpack:/node_modules/@angular/core/fesm2022/core.mjs:6568:33)
    at _ZoneDelegate.invoke (http://localhost:9876/_karma_webpack_/webpack:/node_modules/zone.js/fesm2015/zone.js:397:34)
    at ZoneImpl.run (http://localhost:9876/_karma_webpack_/webpack:/node_modules/zone.js/fesm2015/zone.js:113:43)
[1A[2KERROR: [36m'Failed to initialize SQL.js service:', Error: both async and sync fetching of the wasm failed
Error: both async and sync fetching of the wasm failed
    at Object.Module.onAbort (http://localhost:9876/_karma_webpack_/webpack:/node_modules/sql.js/dist/sql-wasm.js:40:20)
    at Ta (http://localhost:9876/_karma_webpack_/webpack:/node_modules/sql.js/dist/sql-wasm.js:97:376)
    at http://localhost:9876/_karma_webpack_/webpack:/node_modules/sql.js/dist/sql-wasm.js:98:351
    at Generator.throw (<anonymous>)
    at asyncGeneratorStep (http://localhost:9876/_karma_webpack_/webpack:/node_modules/@babel/runtime/helpers/asyncToGenerator.js:3:1)
    at apply (http://localhost:9876/_karma_webpack_/webpack:/node_modules/@babel/runtime/helpers/asyncToGenerator.js:20:1)
    at _ZoneDelegate.invoke (http://localhost:9876/_karma_webpack_/webpack:/node_modules/zone.js/fesm2015/zone.js:398:28)
    at ProxyZoneSpec.onInvoke (http://localhost:9876/_karma_webpack_/webpack:/node_modules/zone.js/fesm2015/zone-testing.js:2132:39)
    at _ZoneDelegate.invoke (http://localhost:9876/_karma_webpack_/webpack:/node_modules/zone.js/fesm2015/zone.js:397:34)
    at Object.onInvoke (http://localhost:9876/_karma_webpack_/webpack:/node_modules/@angular/core/fesm2022/core.mjs:6568:33)[39m
Chrome Headless 137.0.0.0 (Mac OS 10.15.7): Executed 128 of 158[32m SUCCESS[39m (0 secs / 3.335 secs)
ERROR: 'Failed to initialize SQL.js service:', Error: both async and sync fetching of the wasm failed
Error: both async and sync fetching of the wasm failed
    at Object.Module.onAbort (http://localhost:9876/_karma_webpack_/webpack:/node_modules/sql.js/dist/sql-wasm.js:40:20)
    at Ta (http://localhost:9876/_karma_webpack_/webpack:/node_modules/sql.js/dist/sql-wasm.js:97:376)
    at http://localhost:9876/_karma_webpack_/webpack:/node_modules/sql.js/dist/sql-wasm.js:98:351
    at Generator.throw (<anonymous>)
    at asyncGeneratorStep (http://localhost:9876/_karma_webpack_/webpack:/node_modules/@babel/runtime/helpers/asyncToGenerator.js:3:1)
    at apply (http://localhost:9876/_karma_webpack_/webpack:/node_modules/@babel/runtime/helpers/asyncToGenerator.js:20:1)
    at _ZoneDelegate.invoke (http://localhost:9876/_karma_webpack_/webpack:/node_modules/zone.js/fesm2015/zone.js:398:28)
    at ProxyZoneSpec.onInvoke (http://localhost:9876/_karma_webpack_/webpack:/node_modules/zone.js/fesm2015/zone-testing.js:2132:39)
    at _ZoneDelegate.invoke (http://localhost:9876/_karma_webpack_/webpack:/node_modules/zone.js/fesm2015/zone.js:397:34)
    at Object.onInvoke (http://localhost:9876/_karma_webpack_/webpack:/node_modules/@angular/core/fesm2022/core.mjs:6568:33)
[1A[2KERROR: [36m'Error loading function capabilities:', Error: Database initialization failed
Error: Database initialization failed
    at http://localhost:9876/_karma_webpack_/webpack:/src/app/services/sqljs.service.ts:116:13
    at Generator.throw (<anonymous>)
    at asyncGeneratorStep (http://localhost:9876/_karma_webpack_/webpack:/node_modules/@babel/runtime/helpers/esm/asyncToGenerator.js:3:1)
    at apply (http://localhost:9876/_karma_webpack_/webpack:/node_modules/@babel/runtime/helpers/esm/asyncToGenerator.js:20:1)
    at _ZoneDelegate.invoke (http://localhost:9876/_karma_webpack_/webpack:/node_modules/zone.js/fesm2015/zone.js:398:28)
    at ProxyZoneSpec.onInvoke (http://localhost:9876/_karma_webpack_/webpack:/node_modules/zone.js/fesm2015/zone-testing.js:2132:39)
    at _ZoneDelegate.invoke (http://localhost:9876/_karma_webpack_/webpack:/node_modules/zone.js/fesm2015/zone.js:397:34)
    at Object.onInvoke (http://localhost:9876/_karma_webpack_/webpack:/node_modules/@angular/core/fesm2022/core.mjs:6568:33)
    at _ZoneDelegate.invoke (http://localhost:9876/_karma_webpack_/webpack:/node_modules/zone.js/fesm2015/zone.js:397:34)
    at ZoneImpl.run (http://localhost:9876/_karma_webpack_/webpack:/node_modules/zone.js/fesm2015/zone.js:113:43)[39m
Chrome Headless 137.0.0.0 (Mac OS 10.15.7): Executed 128 of 158[32m SUCCESS[39m (0 secs / 3.335 secs)
ERROR: 'Error loading function capabilities:', Error: Database initialization failed
Error: Database initialization failed
    at http://localhost:9876/_karma_webpack_/webpack:/src/app/services/sqljs.service.ts:116:13
    at Generator.throw (<anonymous>)
    at asyncGeneratorStep (http://localhost:9876/_karma_webpack_/webpack:/node_modules/@babel/runtime/helpers/esm/asyncToGenerator.js:3:1)
    at apply (http://localhost:9876/_karma_webpack_/webpack:/node_modules/@babel/runtime/helpers/esm/asyncToGenerator.js:20:1)
    at _ZoneDelegate.invoke (http://localhost:9876/_karma_webpack_/webpack:/node_modules/zone.js/fesm2015/zone.js:398:28)
    at ProxyZoneSpec.onInvoke (http://localhost:9876/_karma_webpack_/webpack:/node_modules/zone.js/fesm2015/zone-testing.js:2132:39)
    at _ZoneDelegate.invoke (http://localhost:9876/_karma_webpack_/webpack:/node_modules/zone.js/fesm2015/zone.js:397:34)
    at Object.onInvoke (http://localhost:9876/_karma_webpack_/webpack:/node_modules/@angular/core/fesm2022/core.mjs:6568:33)
    at _ZoneDelegate.invoke (http://localhost:9876/_karma_webpack_/webpack:/node_modules/zone.js/fesm2015/zone.js:397:34)
    at ZoneImpl.run (http://localhost:9876/_karma_webpack_/webpack:/node_modules/zone.js/fesm2015/zone.js:113:43)
[1A[2KERROR: [36m'Error loading pillars:', Error: Database initialization failed
Error: Database initialization failed
    at http://localhost:9876/_karma_webpack_/webpack:/src/app/services/sqljs.service.ts:116:13
    at Generator.throw (<anonymous>)
    at asyncGeneratorStep (http://localhost:9876/_karma_webpack_/webpack:/node_modules/@babel/runtime/helpers/esm/asyncToGenerator.js:3:1)
    at apply (http://localhost:9876/_karma_webpack_/webpack:/node_modules/@babel/runtime/helpers/esm/asyncToGenerator.js:20:1)
    at _ZoneDelegate.invoke (http://localhost:9876/_karma_webpack_/webpack:/node_modules/zone.js/fesm2015/zone.js:398:28)
    at ProxyZoneSpec.onInvoke (http://localhost:9876/_karma_webpack_/webpack:/node_modules/zone.js/fesm2015/zone-testing.js:2132:39)
    at _ZoneDelegate.invoke (http://localhost:9876/_karma_webpack_/webpack:/node_modules/zone.js/fesm2015/zone.js:397:34)
    at Object.onInvoke (http://localhost:9876/_karma_webpack_/webpack:/node_modules/@angular/core/fesm2022/core.mjs:6568:33)
    at _ZoneDelegate.invoke (http://localhost:9876/_karma_webpack_/webpack:/node_modules/zone.js/fesm2015/zone.js:397:34)
    at ZoneImpl.run (http://localhost:9876/_karma_webpack_/webpack:/node_modules/zone.js/fesm2015/zone.js:113:43)[39m
Chrome Headless 137.0.0.0 (Mac OS 10.15.7): Executed 128 of 158[32m SUCCESS[39m (0 secs / 3.335 secs)
ERROR: 'Error loading pillars:', Error: Database initialization failed
Error: Database initialization failed
    at http://localhost:9876/_karma_webpack_/webpack:/src/app/services/sqljs.service.ts:116:13
    at Generator.throw (<anonymous>)
    at asyncGeneratorStep (http://localhost:9876/_karma_webpack_/webpack:/node_modules/@babel/runtime/helpers/esm/asyncToGenerator.js:3:1)
    at apply (http://localhost:9876/_karma_webpack_/webpack:/node_modules/@babel/runtime/helpers/esm/asyncToGenerator.js:20:1)
    at _ZoneDelegate.invoke (http://localhost:9876/_karma_webpack_/webpack:/node_modules/zone.js/fesm2015/zone.js:398:28)
    at ProxyZoneSpec.onInvoke (http://localhost:9876/_karma_webpack_/webpack:/node_modules/zone.js/fesm2015/zone-testing.js:2132:39)
    at _ZoneDelegate.invoke (http://localhost:9876/_karma_webpack_/webpack:/node_modules/zone.js/fesm2015/zone.js:397:34)
    at Object.onInvoke (http://localhost:9876/_karma_webpack_/webpack:/node_modules/@angular/core/fesm2022/core.mjs:6568:33)
    at _ZoneDelegate.invoke (http://localhost:9876/_karma_webpack_/webpack:/node_modules/zone.js/fesm2015/zone.js:397:34)
    at ZoneImpl.run (http://localhost:9876/_karma_webpack_/webpack:/node_modules/zone.js/fesm2015/zone.js:113:43)
[1A[2KERROR: [36m'Error loading function capabilities:', Error: Database initialization failed
Error: Database initialization failed
    at http://localhost:9876/_karma_webpack_/webpack:/src/app/services/sqljs.service.ts:116:13
    at Generator.throw (<anonymous>)
    at asyncGeneratorStep (http://localhost:9876/_karma_webpack_/webpack:/node_modules/@babel/runtime/helpers/esm/asyncToGenerator.js:3:1)
    at apply (http://localhost:9876/_karma_webpack_/webpack:/node_modules/@babel/runtime/helpers/esm/asyncToGenerator.js:20:1)
    at _ZoneDelegate.invoke (http://localhost:9876/_karma_webpack_/webpack:/node_modules/zone.js/fesm2015/zone.js:398:28)
    at ProxyZoneSpec.onInvoke (http://localhost:9876/_karma_webpack_/webpack:/node_modules/zone.js/fesm2015/zone-testing.js:2132:39)
    at _ZoneDelegate.invoke (http://localhost:9876/_karma_webpack_/webpack:/node_modules/zone.js/fesm2015/zone.js:397:34)
    at Object.onInvoke (http://localhost:9876/_karma_webpack_/webpack:/node_modules/@angular/core/fesm2022/core.mjs:6568:33)
    at _ZoneDelegate.invoke (http://localhost:9876/_karma_webpack_/webpack:/node_modules/zone.js/fesm2015/zone.js:397:34)
    at ZoneImpl.run (http://localhost:9876/_karma_webpack_/webpack:/node_modules/zone.js/fesm2015/zone.js:113:43)[39m
Chrome Headless 137.0.0.0 (Mac OS 10.15.7): Executed 128 of 158[32m SUCCESS[39m (0 secs / 3.335 secs)
ERROR: 'Error loading function capabilities:', Error: Database initialization failed
Error: Database initialization failed
    at http://localhost:9876/_karma_webpack_/webpack:/src/app/services/sqljs.service.ts:116:13
    at Generator.throw (<anonymous>)
    at asyncGeneratorStep (http://localhost:9876/_karma_webpack_/webpack:/node_modules/@babel/runtime/helpers/esm/asyncToGenerator.js:3:1)
    at apply (http://localhost:9876/_karma_webpack_/webpack:/node_modules/@babel/runtime/helpers/esm/asyncToGenerator.js:20:1)
    at _ZoneDelegate.invoke (http://localhost:9876/_karma_webpack_/webpack:/node_modules/zone.js/fesm2015/zone.js:398:28)
    at ProxyZoneSpec.onInvoke (http://localhost:9876/_karma_webpack_/webpack:/node_modules/zone.js/fesm2015/zone-testing.js:2132:39)
    at _ZoneDelegate.invoke (http://localhost:9876/_karma_webpack_/webpack:/node_modules/zone.js/fesm2015/zone.js:397:34)
    at Object.onInvoke (http://localhost:9876/_karma_webpack_/webpack:/node_modules/@angular/core/fesm2022/core.mjs:6568:33)
    at _ZoneDelegate.invoke (http://localhost:9876/_karma_webpack_/webpack:/node_modules/zone.js/fesm2015/zone.js:397:34)
    at ZoneImpl.run (http://localhost:9876/_karma_webpack_/webpack:/node_modules/zone.js/fesm2015/zone.js:113:43)
[1A[2KERROR: [36m'Failed to initialize SQL.js service:', Error: both async and sync fetching of the wasm failed
Error: both async and sync fetching of the wasm failed
    at Object.Module.onAbort (http://localhost:9876/_karma_webpack_/webpack:/node_modules/sql.js/dist/sql-wasm.js:40:20)
    at Ta (http://localhost:9876/_karma_webpack_/webpack:/node_modules/sql.js/dist/sql-wasm.js:97:376)
    at http://localhost:9876/_karma_webpack_/webpack:/node_modules/sql.js/dist/sql-wasm.js:98:351
    at Generator.throw (<anonymous>)
    at asyncGeneratorStep (http://localhost:9876/_karma_webpack_/webpack:/node_modules/@babel/runtime/helpers/asyncToGenerator.js:3:1)
    at apply (http://localhost:9876/_karma_webpack_/webpack:/node_modules/@babel/runtime/helpers/asyncToGenerator.js:20:1)
    at _ZoneDelegate.invoke (http://localhost:9876/_karma_webpack_/webpack:/node_modules/zone.js/fesm2015/zone.js:398:28)
    at ProxyZoneSpec.onInvoke (http://localhost:9876/_karma_webpack_/webpack:/node_modules/zone.js/fesm2015/zone-testing.js:2132:39)
    at _ZoneDelegate.invoke (http://localhost:9876/_karma_webpack_/webpack:/node_modules/zone.js/fesm2015/zone.js:397:34)
    at Object.onInvoke (http://localhost:9876/_karma_webpack_/webpack:/node_modules/@angular/core/fesm2022/core.mjs:6568:33)[39m
Chrome Headless 137.0.0.0 (Mac OS 10.15.7): Executed 128 of 158[32m SUCCESS[39m (0 secs / 3.335 secs)
ERROR: 'Failed to initialize SQL.js service:', Error: both async and sync fetching of the wasm failed
Error: both async and sync fetching of the wasm failed
    at Object.Module.onAbort (http://localhost:9876/_karma_webpack_/webpack:/node_modules/sql.js/dist/sql-wasm.js:40:20)
    at Ta (http://localhost:9876/_karma_webpack_/webpack:/node_modules/sql.js/dist/sql-wasm.js:97:376)
    at http://localhost:9876/_karma_webpack_/webpack:/node_modules/sql.js/dist/sql-wasm.js:98:351
    at Generator.throw (<anonymous>)
    at asyncGeneratorStep (http://localhost:9876/_karma_webpack_/webpack:/node_modules/@babel/runtime/helpers/asyncToGenerator.js:3:1)
    at apply (http://localhost:9876/_karma_webpack_/webpack:/node_modules/@babel/runtime/helpers/asyncToGenerator.js:20:1)
    at _ZoneDelegate.invoke (http://localhost:9876/_karma_webpack_/webpack:/node_modules/zone.js/fesm2015/zone.js:398:28)
    at ProxyZoneSpec.onInvoke (http://localhost:9876/_karma_webpack_/webpack:/node_modules/zone.js/fesm2015/zone-testing.js:2132:39)
    at _ZoneDelegate.invoke (http://localhost:9876/_karma_webpack_/webpack:/node_modules/zone.js/fesm2015/zone.js:397:34)
    at Object.onInvoke (http://localhost:9876/_karma_webpack_/webpack:/node_modules/@angular/core/fesm2022/core.mjs:6568:33)
[1A[2KERROR: [36m'Failed to initialize SQL.js service:', Error: both async and sync fetching of the wasm failed
Error: both async and sync fetching of the wasm failed
    at Object.Module.onAbort (http://localhost:9876/_karma_webpack_/webpack:/node_modules/sql.js/dist/sql-wasm.js:40:20)
    at Ta (http://localhost:9876/_karma_webpack_/webpack:/node_modules/sql.js/dist/sql-wasm.js:97:376)
    at http://localhost:9876/_karma_webpack_/webpack:/node_modules/sql.js/dist/sql-wasm.js:98:351
    at Generator.throw (<anonymous>)
    at asyncGeneratorStep (http://localhost:9876/_karma_webpack_/webpack:/node_modules/@babel/runtime/helpers/asyncToGenerator.js:3:1)
    at apply (http://localhost:9876/_karma_webpack_/webpack:/node_modules/@babel/runtime/helpers/asyncToGenerator.js:20:1)
    at _ZoneDelegate.invoke (http://localhost:9876/_karma_webpack_/webpack:/node_modules/zone.js/fesm2015/zone.js:398:28)
    at ProxyZoneSpec.onInvoke (http://localhost:9876/_karma_webpack_/webpack:/node_modules/zone.js/fesm2015/zone-testing.js:2132:39)
    at _ZoneDelegate.invoke (http://localhost:9876/_karma_webpack_/webpack:/node_modules/zone.js/fesm2015/zone.js:397:34)
    at Object.onInvoke (http://localhost:9876/_karma_webpack_/webpack:/node_modules/@angular/core/fesm2022/core.mjs:6568:33)[39m
Chrome Headless 137.0.0.0 (Mac OS 10.15.7): Executed 128 of 158[32m SUCCESS[39m (0 secs / 3.335 secs)
ERROR: 'Failed to initialize SQL.js service:', Error: both async and sync fetching of the wasm failed
Error: both async and sync fetching of the wasm failed
    at Object.Module.onAbort (http://localhost:9876/_karma_webpack_/webpack:/node_modules/sql.js/dist/sql-wasm.js:40:20)
    at Ta (http://localhost:9876/_karma_webpack_/webpack:/node_modules/sql.js/dist/sql-wasm.js:97:376)
    at http://localhost:9876/_karma_webpack_/webpack:/node_modules/sql.js/dist/sql-wasm.js:98:351
    at Generator.throw (<anonymous>)
    at asyncGeneratorStep (http://localhost:9876/_karma_webpack_/webpack:/node_modules/@babel/runtime/helpers/asyncToGenerator.js:3:1)
    at apply (http://localhost:9876/_karma_webpack_/webpack:/node_modules/@babel/runtime/helpers/asyncToGenerator.js:20:1)
    at _ZoneDelegate.invoke (http://localhost:9876/_karma_webpack_/webpack:/node_modules/zone.js/fesm2015/zone.js:398:28)
    at ProxyZoneSpec.onInvoke (http://localhost:9876/_karma_webpack_/webpack:/node_modules/zone.js/fesm2015/zone-testing.js:2132:39)
    at _ZoneDelegate.invoke (http://localhost:9876/_karma_webpack_/webpack:/node_modules/zone.js/fesm2015/zone.js:397:34)
    at Object.onInvoke (http://localhost:9876/_karma_webpack_/webpack:/node_modules/@angular/core/fesm2022/core.mjs:6568:33)
[1A[2KERROR: [36m'Failed to initialize SQL.js service:', Error: both async and sync fetching of the wasm failed
Error: both async and sync fetching of the wasm failed
    at Object.Module.onAbort (http://localhost:9876/_karma_webpack_/webpack:/node_modules/sql.js/dist/sql-wasm.js:40:20)
    at Ta (http://localhost:9876/_karma_webpack_/webpack:/node_modules/sql.js/dist/sql-wasm.js:97:376)
    at http://localhost:9876/_karma_webpack_/webpack:/node_modules/sql.js/dist/sql-wasm.js:98:351
    at Generator.throw (<anonymous>)
    at asyncGeneratorStep (http://localhost:9876/_karma_webpack_/webpack:/node_modules/@babel/runtime/helpers/asyncToGenerator.js:3:1)
    at apply (http://localhost:9876/_karma_webpack_/webpack:/node_modules/@babel/runtime/helpers/asyncToGenerator.js:20:1)
    at _ZoneDelegate.invoke (http://localhost:9876/_karma_webpack_/webpack:/node_modules/zone.js/fesm2015/zone.js:398:28)
    at ProxyZoneSpec.onInvoke (http://localhost:9876/_karma_webpack_/webpack:/node_modules/zone.js/fesm2015/zone-testing.js:2132:39)
    at _ZoneDelegate.invoke (http://localhost:9876/_karma_webpack_/webpack:/node_modules/zone.js/fesm2015/zone.js:397:34)
    at Object.onInvoke (http://localhost:9876/_karma_webpack_/webpack:/node_modules/@angular/core/fesm2022/core.mjs:6568:33)[39m
Chrome Headless 137.0.0.0 (Mac OS 10.15.7): Executed 128 of 158[32m SUCCESS[39m (0 secs / 3.335 secs)
ERROR: 'Failed to initialize SQL.js service:', Error: both async and sync fetching of the wasm failed
Error: both async and sync fetching of the wasm failed
    at Object.Module.onAbort (http://localhost:9876/_karma_webpack_/webpack:/node_modules/sql.js/dist/sql-wasm.js:40:20)
    at Ta (http://localhost:9876/_karma_webpack_/webpack:/node_modules/sql.js/dist/sql-wasm.js:97:376)
    at http://localhost:9876/_karma_webpack_/webpack:/node_modules/sql.js/dist/sql-wasm.js:98:351
    at Generator.throw (<anonymous>)
    at asyncGeneratorStep (http://localhost:9876/_karma_webpack_/webpack:/node_modules/@babel/runtime/helpers/asyncToGenerator.js:3:1)
    at apply (http://localhost:9876/_karma_webpack_/webpack:/node_modules/@babel/runtime/helpers/asyncToGenerator.js:20:1)
    at _ZoneDelegate.invoke (http://localhost:9876/_karma_webpack_/webpack:/node_modules/zone.js/fesm2015/zone.js:398:28)
    at ProxyZoneSpec.onInvoke (http://localhost:9876/_karma_webpack_/webpack:/node_modules/zone.js/fesm2015/zone-testing.js:2132:39)
    at _ZoneDelegate.invoke (http://localhost:9876/_karma_webpack_/webpack:/node_modules/zone.js/fesm2015/zone.js:397:34)
    at Object.onInvoke (http://localhost:9876/_karma_webpack_/webpack:/node_modules/@angular/core/fesm2022/core.mjs:6568:33)
[1A[2KERROR: [36m'Error loading maturity stages:', Error: Database initialization failed
Error: Database initialization failed
    at http://localhost:9876/_karma_webpack_/webpack:/src/app/services/sqljs.service.ts:116:13
    at Generator.throw (<anonymous>)
    at asyncGeneratorStep (http://localhost:9876/_karma_webpack_/webpack:/node_modules/@babel/runtime/helpers/esm/asyncToGenerator.js:3:1)
    at apply (http://localhost:9876/_karma_webpack_/webpack:/node_modules/@babel/runtime/helpers/esm/asyncToGenerator.js:20:1)
    at _ZoneDelegate.invoke (http://localhost:9876/_karma_webpack_/webpack:/node_modules/zone.js/fesm2015/zone.js:398:28)
    at ProxyZoneSpec.onInvoke (http://localhost:9876/_karma_webpack_/webpack:/node_modules/zone.js/fesm2015/zone-testing.js:2132:39)
    at _ZoneDelegate.invoke (http://localhost:9876/_karma_webpack_/webpack:/node_modules/zone.js/fesm2015/zone.js:397:34)
    at Object.onInvoke (http://localhost:9876/_karma_webpack_/webpack:/node_modules/@angular/core/fesm2022/core.mjs:6568:33)
    at _ZoneDelegate.invoke (http://localhost:9876/_karma_webpack_/webpack:/node_modules/zone.js/fesm2015/zone.js:397:34)
    at ZoneImpl.run (http://localhost:9876/_karma_webpack_/webpack:/node_modules/zone.js/fesm2015/zone.js:113:43)[39m
Chrome Headless 137.0.0.0 (Mac OS 10.15.7): Executed 128 of 158[32m SUCCESS[39m (0 secs / 3.335 secs)
ERROR: 'Error loading maturity stages:', Error: Database initialization failed
Error: Database initialization failed
    at http://localhost:9876/_karma_webpack_/webpack:/src/app/services/sqljs.service.ts:116:13
    at Generator.throw (<anonymous>)
    at asyncGeneratorStep (http://localhost:9876/_karma_webpack_/webpack:/node_modules/@babel/runtime/helpers/esm/asyncToGenerator.js:3:1)
    at apply (http://localhost:9876/_karma_webpack_/webpack:/node_modules/@babel/runtime/helpers/esm/asyncToGenerator.js:20:1)
    at _ZoneDelegate.invoke (http://localhost:9876/_karma_webpack_/webpack:/node_modules/zone.js/fesm2015/zone.js:398:28)
    at ProxyZoneSpec.onInvoke (http://localhost:9876/_karma_webpack_/webpack:/node_modules/zone.js/fesm2015/zone-testing.js:2132:39)
    at _ZoneDelegate.invoke (http://localhost:9876/_karma_webpack_/webpack:/node_modules/zone.js/fesm2015/zone.js:397:34)
    at Object.onInvoke (http://localhost:9876/_karma_webpack_/webpack:/node_modules/@angular/core/fesm2022/core.mjs:6568:33)
    at _ZoneDelegate.invoke (http://localhost:9876/_karma_webpack_/webpack:/node_modules/zone.js/fesm2015/zone.js:397:34)
    at ZoneImpl.run (http://localhost:9876/_karma_webpack_/webpack:/node_modules/zone.js/fesm2015/zone.js:113:43)
[1A[2KERROR: [36m'Error loading function capabilities:', Error: Database initialization failed
Error: Database initialization failed
    at http://localhost:9876/_karma_webpack_/webpack:/src/app/services/sqljs.service.ts:116:13
    at Generator.throw (<anonymous>)
    at asyncGeneratorStep (http://localhost:9876/_karma_webpack_/webpack:/node_modules/@babel/runtime/helpers/esm/asyncToGenerator.js:3:1)
    at apply (http://localhost:9876/_karma_webpack_/webpack:/node_modules/@babel/runtime/helpers/esm/asyncToGenerator.js:20:1)
    at _ZoneDelegate.invoke (http://localhost:9876/_karma_webpack_/webpack:/node_modules/zone.js/fesm2015/zone.js:398:28)
    at ProxyZoneSpec.onInvoke (http://localhost:9876/_karma_webpack_/webpack:/node_modules/zone.js/fesm2015/zone-testing.js:2132:39)
    at _ZoneDelegate.invoke (http://localhost:9876/_karma_webpack_/webpack:/node_modules/zone.js/fesm2015/zone.js:397:34)
    at Object.onInvoke (http://localhost:9876/_karma_webpack_/webpack:/node_modules/@angular/core/fesm2022/core.mjs:6568:33)
    at _ZoneDelegate.invoke (http://localhost:9876/_karma_webpack_/webpack:/node_modules/zone.js/fesm2015/zone.js:397:34)
    at ZoneImpl.run (http://localhost:9876/_karma_webpack_/webpack:/node_modules/zone.js/fesm2015/zone.js:113:43)[39m
Chrome Headless 137.0.0.0 (Mac OS 10.15.7): Executed 128 of 158[32m SUCCESS[39m (0 secs / 3.335 secs)
ERROR: 'Error loading function capabilities:', Error: Database initialization failed
Error: Database initialization failed
    at http://localhost:9876/_karma_webpack_/webpack:/src/app/services/sqljs.service.ts:116:13
    at Generator.throw (<anonymous>)
    at asyncGeneratorStep (http://localhost:9876/_karma_webpack_/webpack:/node_modules/@babel/runtime/helpers/esm/asyncToGenerator.js:3:1)
    at apply (http://localhost:9876/_karma_webpack_/webpack:/node_modules/@babel/runtime/helpers/esm/asyncToGenerator.js:20:1)
    at _ZoneDelegate.invoke (http://localhost:9876/_karma_webpack_/webpack:/node_modules/zone.js/fesm2015/zone.js:398:28)
    at ProxyZoneSpec.onInvoke (http://localhost:9876/_karma_webpack_/webpack:/node_modules/zone.js/fesm2015/zone-testing.js:2132:39)
    at _ZoneDelegate.invoke (http://localhost:9876/_karma_webpack_/webpack:/node_modules/zone.js/fesm2015/zone.js:397:34)
    at Object.onInvoke (http://localhost:9876/_karma_webpack_/webpack:/node_modules/@angular/core/fesm2022/core.mjs:6568:33)
    at _ZoneDelegate.invoke (http://localhost:9876/_karma_webpack_/webpack:/node_modules/zone.js/fesm2015/zone.js:397:34)
    at ZoneImpl.run (http://localhost:9876/_karma_webpack_/webpack:/node_modules/zone.js/fesm2015/zone.js:113:43)
[1A[2KERROR: [36m'Error loading maturity stages:', Error: Database initialization failed
Error: Database initialization failed
    at http://localhost:9876/_karma_webpack_/webpack:/src/app/services/sqljs.service.ts:116:13
    at Generator.throw (<anonymous>)
    at asyncGeneratorStep (http://localhost:9876/_karma_webpack_/webpack:/node_modules/@babel/runtime/helpers/esm/asyncToGenerator.js:3:1)
    at apply (http://localhost:9876/_karma_webpack_/webpack:/node_modules/@babel/runtime/helpers/esm/asyncToGenerator.js:20:1)
    at _ZoneDelegate.invoke (http://localhost:9876/_karma_webpack_/webpack:/node_modules/zone.js/fesm2015/zone.js:398:28)
    at ProxyZoneSpec.onInvoke (http://localhost:9876/_karma_webpack_/webpack:/node_modules/zone.js/fesm2015/zone-testing.js:2132:39)
    at _ZoneDelegate.invoke (http://localhost:9876/_karma_webpack_/webpack:/node_modules/zone.js/fesm2015/zone.js:397:34)
    at Object.onInvoke (http://localhost:9876/_karma_webpack_/webpack:/node_modules/@angular/core/fesm2022/core.mjs:6568:33)
    at _ZoneDelegate.invoke (http://localhost:9876/_karma_webpack_/webpack:/node_modules/zone.js/fesm2015/zone.js:397:34)
    at ZoneImpl.run (http://localhost:9876/_karma_webpack_/webpack:/node_modules/zone.js/fesm2015/zone.js:113:43)[39m
Chrome Headless 137.0.0.0 (Mac OS 10.15.7): Executed 128 of 158[32m SUCCESS[39m (0 secs / 3.335 secs)
ERROR: 'Error loading maturity stages:', Error: Database initialization failed
Error: Database initialization failed
    at http://localhost:9876/_karma_webpack_/webpack:/src/app/services/sqljs.service.ts:116:13
    at Generator.throw (<anonymous>)
    at asyncGeneratorStep (http://localhost:9876/_karma_webpack_/webpack:/node_modules/@babel/runtime/helpers/esm/asyncToGenerator.js:3:1)
    at apply (http://localhost:9876/_karma_webpack_/webpack:/node_modules/@babel/runtime/helpers/esm/asyncToGenerator.js:20:1)
    at _ZoneDelegate.invoke (http://localhost:9876/_karma_webpack_/webpack:/node_modules/zone.js/fesm2015/zone.js:398:28)
    at ProxyZoneSpec.onInvoke (http://localhost:9876/_karma_webpack_/webpack:/node_modules/zone.js/fesm2015/zone-testing.js:2132:39)
    at _ZoneDelegate.invoke (http://localhost:9876/_karma_webpack_/webpack:/node_modules/zone.js/fesm2015/zone.js:397:34)
    at Object.onInvoke (http://localhost:9876/_karma_webpack_/webpack:/node_modules/@angular/core/fesm2022/core.mjs:6568:33)
    at _ZoneDelegate.invoke (http://localhost:9876/_karma_webpack_/webpack:/node_modules/zone.js/fesm2015/zone.js:397:34)
    at ZoneImpl.run (http://localhost:9876/_karma_webpack_/webpack:/node_modules/zone.js/fesm2015/zone.js:113:43)
[1A[2KERROR: [36m'Failed to initialize SQL.js service:', Error: both async and sync fetching of the wasm failed
Error: both async and sync fetching of the wasm failed
    at Object.Module.onAbort (http://localhost:9876/_karma_webpack_/webpack:/node_modules/sql.js/dist/sql-wasm.js:40:20)
    at Ta (http://localhost:9876/_karma_webpack_/webpack:/node_modules/sql.js/dist/sql-wasm.js:97:376)
    at http://localhost:9876/_karma_webpack_/webpack:/node_modules/sql.js/dist/sql-wasm.js:98:351
    at Generator.throw (<anonymous>)
    at asyncGeneratorStep (http://localhost:9876/_karma_webpack_/webpack:/node_modules/@babel/runtime/helpers/asyncToGenerator.js:3:1)
    at apply (http://localhost:9876/_karma_webpack_/webpack:/node_modules/@babel/runtime/helpers/asyncToGenerator.js:20:1)
    at _ZoneDelegate.invoke (http://localhost:9876/_karma_webpack_/webpack:/node_modules/zone.js/fesm2015/zone.js:398:28)
    at ProxyZoneSpec.onInvoke (http://localhost:9876/_karma_webpack_/webpack:/node_modules/zone.js/fesm2015/zone-testing.js:2132:39)
    at _ZoneDelegate.invoke (http://localhost:9876/_karma_webpack_/webpack:/node_modules/zone.js/fesm2015/zone.js:397:34)
    at Object.onInvoke (http://localhost:9876/_karma_webpack_/webpack:/node_modules/@angular/core/fesm2022/core.mjs:6568:33)[39m
Chrome Headless 137.0.0.0 (Mac OS 10.15.7): Executed 128 of 158[32m SUCCESS[39m (0 secs / 3.335 secs)
ERROR: 'Failed to initialize SQL.js service:', Error: both async and sync fetching of the wasm failed
Error: both async and sync fetching of the wasm failed
    at Object.Module.onAbort (http://localhost:9876/_karma_webpack_/webpack:/node_modules/sql.js/dist/sql-wasm.js:40:20)
    at Ta (http://localhost:9876/_karma_webpack_/webpack:/node_modules/sql.js/dist/sql-wasm.js:97:376)
    at http://localhost:9876/_karma_webpack_/webpack:/node_modules/sql.js/dist/sql-wasm.js:98:351
    at Generator.throw (<anonymous>)
    at asyncGeneratorStep (http://localhost:9876/_karma_webpack_/webpack:/node_modules/@babel/runtime/helpers/asyncToGenerator.js:3:1)
    at apply (http://localhost:9876/_karma_webpack_/webpack:/node_modules/@babel/runtime/helpers/asyncToGenerator.js:20:1)
    at _ZoneDelegate.invoke (http://localhost:9876/_karma_webpack_/webpack:/node_modules/zone.js/fesm2015/zone.js:398:28)
    at ProxyZoneSpec.onInvoke (http://localhost:9876/_karma_webpack_/webpack:/node_modules/zone.js/fesm2015/zone-testing.js:2132:39)
    at _ZoneDelegate.invoke (http://localhost:9876/_karma_webpack_/webpack:/node_modules/zone.js/fesm2015/zone.js:397:34)
    at Object.onInvoke (http://localhost:9876/_karma_webpack_/webpack:/node_modules/@angular/core/fesm2022/core.mjs:6568:33)
[1A[2KERROR: [36m'Failed to initialize SQL.js service:', Error: both async and sync fetching of the wasm failed
Error: both async and sync fetching of the wasm failed
    at Object.Module.onAbort (http://localhost:9876/_karma_webpack_/webpack:/node_modules/sql.js/dist/sql-wasm.js:40:20)
    at Ta (http://localhost:9876/_karma_webpack_/webpack:/node_modules/sql.js/dist/sql-wasm.js:97:376)
    at http://localhost:9876/_karma_webpack_/webpack:/node_modules/sql.js/dist/sql-wasm.js:98:351
    at Generator.throw (<anonymous>)
    at asyncGeneratorStep (http://localhost:9876/_karma_webpack_/webpack:/node_modules/@babel/runtime/helpers/asyncToGenerator.js:3:1)
    at apply (http://localhost:9876/_karma_webpack_/webpack:/node_modules/@babel/runtime/helpers/asyncToGenerator.js:20:1)
    at _ZoneDelegate.invoke (http://localhost:9876/_karma_webpack_/webpack:/node_modules/zone.js/fesm2015/zone.js:398:28)
    at ProxyZoneSpec.onInvoke (http://localhost:9876/_karma_webpack_/webpack:/node_modules/zone.js/fesm2015/zone-testing.js:2132:39)
    at _ZoneDelegate.invoke (http://localhost:9876/_karma_webpack_/webpack:/node_modules/zone.js/fesm2015/zone.js:397:34)
    at Object.onInvoke (http://localhost:9876/_karma_webpack_/webpack:/node_modules/@angular/core/fesm2022/core.mjs:6568:33)[39m
Chrome Headless 137.0.0.0 (Mac OS 10.15.7): Executed 128 of 158[32m SUCCESS[39m (0 secs / 3.335 secs)
ERROR: 'Failed to initialize SQL.js service:', Error: both async and sync fetching of the wasm failed
Error: both async and sync fetching of the wasm failed
    at Object.Module.onAbort (http://localhost:9876/_karma_webpack_/webpack:/node_modules/sql.js/dist/sql-wasm.js:40:20)
    at Ta (http://localhost:9876/_karma_webpack_/webpack:/node_modules/sql.js/dist/sql-wasm.js:97:376)
    at http://localhost:9876/_karma_webpack_/webpack:/node_modules/sql.js/dist/sql-wasm.js:98:351
    at Generator.throw (<anonymous>)
    at asyncGeneratorStep (http://localhost:9876/_karma_webpack_/webpack:/node_modules/@babel/runtime/helpers/asyncToGenerator.js:3:1)
    at apply (http://localhost:9876/_karma_webpack_/webpack:/node_modules/@babel/runtime/helpers/asyncToGenerator.js:20:1)
    at _ZoneDelegate.invoke (http://localhost:9876/_karma_webpack_/webpack:/node_modules/zone.js/fesm2015/zone.js:398:28)
    at ProxyZoneSpec.onInvoke (http://localhost:9876/_karma_webpack_/webpack:/node_modules/zone.js/fesm2015/zone-testing.js:2132:39)
    at _ZoneDelegate.invoke (http://localhost:9876/_karma_webpack_/webpack:/node_modules/zone.js/fesm2015/zone.js:397:34)
    at Object.onInvoke (http://localhost:9876/_karma_webpack_/webpack:/node_modules/@angular/core/fesm2022/core.mjs:6568:33)
[1A[2KERROR: [36m'Error loading assessment responses:', Error: Database initialization failed
Error: Database initialization failed
    at http://localhost:9876/_karma_webpack_/webpack:/src/app/services/sqljs.service.ts:116:13
    at Generator.throw (<anonymous>)
    at asyncGeneratorStep (http://localhost:9876/_karma_webpack_/webpack:/node_modules/@babel/runtime/helpers/esm/asyncToGenerator.js:3:1)
    at apply (http://localhost:9876/_karma_webpack_/webpack:/node_modules/@babel/runtime/helpers/esm/asyncToGenerator.js:20:1)
    at _ZoneDelegate.invoke (http://localhost:9876/_karma_webpack_/webpack:/node_modules/zone.js/fesm2015/zone.js:398:28)
    at ProxyZoneSpec.onInvoke (http://localhost:9876/_karma_webpack_/webpack:/node_modules/zone.js/fesm2015/zone-testing.js:2132:39)
    at _ZoneDelegate.invoke (http://localhost:9876/_karma_webpack_/webpack:/node_modules/zone.js/fesm2015/zone.js:397:34)
    at Object.onInvoke (http://localhost:9876/_karma_webpack_/webpack:/node_modules/@angular/core/fesm2022/core.mjs:6568:33)
    at _ZoneDelegate.invoke (http://localhost:9876/_karma_webpack_/webpack:/node_modules/zone.js/fesm2015/zone.js:397:34)
    at ZoneImpl.run (http://localhost:9876/_karma_webpack_/webpack:/node_modules/zone.js/fesm2015/zone.js:113:43)[39m
Chrome Headless 137.0.0.0 (Mac OS 10.15.7): Executed 128 of 158[32m SUCCESS[39m (0 secs / 3.335 secs)
ERROR: 'Error loading assessment responses:', Error: Database initialization failed
Error: Database initialization failed
    at http://localhost:9876/_karma_webpack_/webpack:/src/app/services/sqljs.service.ts:116:13
    at Generator.throw (<anonymous>)
    at asyncGeneratorStep (http://localhost:9876/_karma_webpack_/webpack:/node_modules/@babel/runtime/helpers/esm/asyncToGenerator.js:3:1)
    at apply (http://localhost:9876/_karma_webpack_/webpack:/node_modules/@babel/runtime/helpers/esm/asyncToGenerator.js:20:1)
    at _ZoneDelegate.invoke (http://localhost:9876/_karma_webpack_/webpack:/node_modules/zone.js/fesm2015/zone.js:398:28)
    at ProxyZoneSpec.onInvoke (http://localhost:9876/_karma_webpack_/webpack:/node_modules/zone.js/fesm2015/zone-testing.js:2132:39)
    at _ZoneDelegate.invoke (http://localhost:9876/_karma_webpack_/webpack:/node_modules/zone.js/fesm2015/zone.js:397:34)
    at Object.onInvoke (http://localhost:9876/_karma_webpack_/webpack:/node_modules/@angular/core/fesm2022/core.mjs:6568:33)
    at _ZoneDelegate.invoke (http://localhost:9876/_karma_webpack_/webpack:/node_modules/zone.js/fesm2015/zone.js:397:34)
    at ZoneImpl.run (http://localhost:9876/_karma_webpack_/webpack:/node_modules/zone.js/fesm2015/zone.js:113:43)
[1A[2KERROR: [36m'Error loading assessment responses:', Error: Database initialization failed
Error: Database initialization failed
    at http://localhost:9876/_karma_webpack_/webpack:/src/app/services/sqljs.service.ts:116:13
    at Generator.throw (<anonymous>)
    at asyncGeneratorStep (http://localhost:9876/_karma_webpack_/webpack:/node_modules/@babel/runtime/helpers/esm/asyncToGenerator.js:3:1)
    at apply (http://localhost:9876/_karma_webpack_/webpack:/node_modules/@babel/runtime/helpers/esm/asyncToGenerator.js:20:1)
    at _ZoneDelegate.invoke (http://localhost:9876/_karma_webpack_/webpack:/node_modules/zone.js/fesm2015/zone.js:398:28)
    at ProxyZoneSpec.onInvoke (http://localhost:9876/_karma_webpack_/webpack:/node_modules/zone.js/fesm2015/zone-testing.js:2132:39)
    at _ZoneDelegate.invoke (http://localhost:9876/_karma_webpack_/webpack:/node_modules/zone.js/fesm2015/zone.js:397:34)
    at Object.onInvoke (http://localhost:9876/_karma_webpack_/webpack:/node_modules/@angular/core/fesm2022/core.mjs:6568:33)
    at _ZoneDelegate.invoke (http://localhost:9876/_karma_webpack_/webpack:/node_modules/zone.js/fesm2015/zone.js:397:34)
    at ZoneImpl.run (http://localhost:9876/_karma_webpack_/webpack:/node_modules/zone.js/fesm2015/zone.js:113:43)[39m
Chrome Headless 137.0.0.0 (Mac OS 10.15.7): Executed 128 of 158[32m SUCCESS[39m (0 secs / 3.335 secs)
ERROR: 'Error loading assessment responses:', Error: Database initialization failed
Error: Database initialization failed
    at http://localhost:9876/_karma_webpack_/webpack:/src/app/services/sqljs.service.ts:116:13
    at Generator.throw (<anonymous>)
    at asyncGeneratorStep (http://localhost:9876/_karma_webpack_/webpack:/node_modules/@babel/runtime/helpers/esm/asyncToGenerator.js:3:1)
    at apply (http://localhost:9876/_karma_webpack_/webpack:/node_modules/@babel/runtime/helpers/esm/asyncToGenerator.js:20:1)
    at _ZoneDelegate.invoke (http://localhost:9876/_karma_webpack_/webpack:/node_modules/zone.js/fesm2015/zone.js:398:28)
    at ProxyZoneSpec.onInvoke (http://localhost:9876/_karma_webpack_/webpack:/node_modules/zone.js/fesm2015/zone-testing.js:2132:39)
    at _ZoneDelegate.invoke (http://localhost:9876/_karma_webpack_/webpack:/node_modules/zone.js/fesm2015/zone.js:397:34)
    at Object.onInvoke (http://localhost:9876/_karma_webpack_/webpack:/node_modules/@angular/core/fesm2022/core.mjs:6568:33)
    at _ZoneDelegate.invoke (http://localhost:9876/_karma_webpack_/webpack:/node_modules/zone.js/fesm2015/zone.js:397:34)
    at ZoneImpl.run (http://localhost:9876/_karma_webpack_/webpack:/node_modules/zone.js/fesm2015/zone.js:113:43)
[1A[2KERROR: [36m'Failed to initialize SQL.js service:', Error: both async and sync fetching of the wasm failed
Error: both async and sync fetching of the wasm failed
    at Object.Module.onAbort (http://localhost:9876/_karma_webpack_/webpack:/node_modules/sql.js/dist/sql-wasm.js:40:20)
    at Ta (http://localhost:9876/_karma_webpack_/webpack:/node_modules/sql.js/dist/sql-wasm.js:97:376)
    at http://localhost:9876/_karma_webpack_/webpack:/node_modules/sql.js/dist/sql-wasm.js:98:351
    at Generator.throw (<anonymous>)
    at asyncGeneratorStep (http://localhost:9876/_karma_webpack_/webpack:/node_modules/@babel/runtime/helpers/asyncToGenerator.js:3:1)
    at apply (http://localhost:9876/_karma_webpack_/webpack:/node_modules/@babel/runtime/helpers/asyncToGenerator.js:20:1)
    at _ZoneDelegate.invoke (http://localhost:9876/_karma_webpack_/webpack:/node_modules/zone.js/fesm2015/zone.js:398:28)
    at ProxyZoneSpec.onInvoke (http://localhost:9876/_karma_webpack_/webpack:/node_modules/zone.js/fesm2015/zone-testing.js:2132:39)
    at _ZoneDelegate.invoke (http://localhost:9876/_karma_webpack_/webpack:/node_modules/zone.js/fesm2015/zone.js:397:34)
    at Object.onInvoke (http://localhost:9876/_karma_webpack_/webpack:/node_modules/@angular/core/fesm2022/core.mjs:6568:33)[39m
Chrome Headless 137.0.0.0 (Mac OS 10.15.7): Executed 128 of 158[32m SUCCESS[39m (0 secs / 3.335 secs)
ERROR: 'Failed to initialize SQL.js service:', Error: both async and sync fetching of the wasm failed
Error: both async and sync fetching of the wasm failed
    at Object.Module.onAbort (http://localhost:9876/_karma_webpack_/webpack:/node_modules/sql.js/dist/sql-wasm.js:40:20)
    at Ta (http://localhost:9876/_karma_webpack_/webpack:/node_modules/sql.js/dist/sql-wasm.js:97:376)
    at http://localhost:9876/_karma_webpack_/webpack:/node_modules/sql.js/dist/sql-wasm.js:98:351
    at Generator.throw (<anonymous>)
    at asyncGeneratorStep (http://localhost:9876/_karma_webpack_/webpack:/node_modules/@babel/runtime/helpers/asyncToGenerator.js:3:1)
    at apply (http://localhost:9876/_karma_webpack_/webpack:/node_modules/@babel/runtime/helpers/asyncToGenerator.js:20:1)
    at _ZoneDelegate.invoke (http://localhost:9876/_karma_webpack_/webpack:/node_modules/zone.js/fesm2015/zone.js:398:28)
    at ProxyZoneSpec.onInvoke (http://localhost:9876/_karma_webpack_/webpack:/node_modules/zone.js/fesm2015/zone-testing.js:2132:39)
    at _ZoneDelegate.invoke (http://localhost:9876/_karma_webpack_/webpack:/node_modules/zone.js/fesm2015/zone.js:397:34)
    at Object.onInvoke (http://localhost:9876/_karma_webpack_/webpack:/node_modules/@angular/core/fesm2022/core.mjs:6568:33)
[1A[2KERROR: [36m'Failed to initialize SQL.js service:', Error: both async and sync fetching of the wasm failed
Error: both async and sync fetching of the wasm failed
    at Object.Module.onAbort (http://localhost:9876/_karma_webpack_/webpack:/node_modules/sql.js/dist/sql-wasm.js:40:20)
    at Ta (http://localhost:9876/_karma_webpack_/webpack:/node_modules/sql.js/dist/sql-wasm.js:97:376)
    at http://localhost:9876/_karma_webpack_/webpack:/node_modules/sql.js/dist/sql-wasm.js:98:351
    at Generator.throw (<anonymous>)
    at asyncGeneratorStep (http://localhost:9876/_karma_webpack_/webpack:/node_modules/@babel/runtime/helpers/asyncToGenerator.js:3:1)
    at apply (http://localhost:9876/_karma_webpack_/webpack:/node_modules/@babel/runtime/helpers/asyncToGenerator.js:20:1)
    at _ZoneDelegate.invoke (http://localhost:9876/_karma_webpack_/webpack:/node_modules/zone.js/fesm2015/zone.js:398:28)
    at ProxyZoneSpec.onInvoke (http://localhost:9876/_karma_webpack_/webpack:/node_modules/zone.js/fesm2015/zone-testing.js:2132:39)
    at _ZoneDelegate.invoke (http://localhost:9876/_karma_webpack_/webpack:/node_modules/zone.js/fesm2015/zone.js:397:34)
    at Object.onInvoke (http://localhost:9876/_karma_webpack_/webpack:/node_modules/@angular/core/fesm2022/core.mjs:6568:33)[39m
Chrome Headless 137.0.0.0 (Mac OS 10.15.7): Executed 128 of 158[32m SUCCESS[39m (0 secs / 3.335 secs)
ERROR: 'Failed to initialize SQL.js service:', Error: both async and sync fetching of the wasm failed
Error: both async and sync fetching of the wasm failed
    at Object.Module.onAbort (http://localhost:9876/_karma_webpack_/webpack:/node_modules/sql.js/dist/sql-wasm.js:40:20)
    at Ta (http://localhost:9876/_karma_webpack_/webpack:/node_modules/sql.js/dist/sql-wasm.js:97:376)
    at http://localhost:9876/_karma_webpack_/webpack:/node_modules/sql.js/dist/sql-wasm.js:98:351
    at Generator.throw (<anonymous>)
    at asyncGeneratorStep (http://localhost:9876/_karma_webpack_/webpack:/node_modules/@babel/runtime/helpers/asyncToGenerator.js:3:1)
    at apply (http://localhost:9876/_karma_webpack_/webpack:/node_modules/@babel/runtime/helpers/asyncToGenerator.js:20:1)
    at _ZoneDelegate.invoke (http://localhost:9876/_karma_webpack_/webpack:/node_modules/zone.js/fesm2015/zone.js:398:28)
    at ProxyZoneSpec.onInvoke (http://localhost:9876/_karma_webpack_/webpack:/node_modules/zone.js/fesm2015/zone-testing.js:2132:39)
    at _ZoneDelegate.invoke (http://localhost:9876/_karma_webpack_/webpack:/node_modules/zone.js/fesm2015/zone.js:397:34)
    at Object.onInvoke (http://localhost:9876/_karma_webpack_/webpack:/node_modules/@angular/core/fesm2022/core.mjs:6568:33)
[1A[2KERROR: [36m'Failed to initialize SQL.js service:', Error: both async and sync fetching of the wasm failed
Error: both async and sync fetching of the wasm failed
    at Object.Module.onAbort (http://localhost:9876/_karma_webpack_/webpack:/node_modules/sql.js/dist/sql-wasm.js:40:20)
    at Ta (http://localhost:9876/_karma_webpack_/webpack:/node_modules/sql.js/dist/sql-wasm.js:97:376)
    at http://localhost:9876/_karma_webpack_/webpack:/node_modules/sql.js/dist/sql-wasm.js:98:351
    at Generator.throw (<anonymous>)
    at asyncGeneratorStep (http://localhost:9876/_karma_webpack_/webpack:/node_modules/@babel/runtime/helpers/asyncToGenerator.js:3:1)
    at apply (http://localhost:9876/_karma_webpack_/webpack:/node_modules/@babel/runtime/helpers/asyncToGenerator.js:20:1)
    at _ZoneDelegate.invoke (http://localhost:9876/_karma_webpack_/webpack:/node_modules/zone.js/fesm2015/zone.js:398:28)
    at ProxyZoneSpec.onInvoke (http://localhost:9876/_karma_webpack_/webpack:/node_modules/zone.js/fesm2015/zone-testing.js:2132:39)
    at _ZoneDelegate.invoke (http://localhost:9876/_karma_webpack_/webpack:/node_modules/zone.js/fesm2015/zone.js:397:34)
    at Object.onInvoke (http://localhost:9876/_karma_webpack_/webpack:/node_modules/@angular/core/fesm2022/core.mjs:6568:33)[39m
Chrome Headless 137.0.0.0 (Mac OS 10.15.7): Executed 128 of 158[32m SUCCESS[39m (0 secs / 3.335 secs)
ERROR: 'Failed to initialize SQL.js service:', Error: both async and sync fetching of the wasm failed
Error: both async and sync fetching of the wasm failed
    at Object.Module.onAbort (http://localhost:9876/_karma_webpack_/webpack:/node_modules/sql.js/dist/sql-wasm.js:40:20)
    at Ta (http://localhost:9876/_karma_webpack_/webpack:/node_modules/sql.js/dist/sql-wasm.js:97:376)
    at http://localhost:9876/_karma_webpack_/webpack:/node_modules/sql.js/dist/sql-wasm.js:98:351
    at Generator.throw (<anonymous>)
    at asyncGeneratorStep (http://localhost:9876/_karma_webpack_/webpack:/node_modules/@babel/runtime/helpers/asyncToGenerator.js:3:1)
    at apply (http://localhost:9876/_karma_webpack_/webpack:/node_modules/@babel/runtime/helpers/asyncToGenerator.js:20:1)
    at _ZoneDelegate.invoke (http://localhost:9876/_karma_webpack_/webpack:/node_modules/zone.js/fesm2015/zone.js:398:28)
    at ProxyZoneSpec.onInvoke (http://localhost:9876/_karma_webpack_/webpack:/node_modules/zone.js/fesm2015/zone-testing.js:2132:39)
    at _ZoneDelegate.invoke (http://localhost:9876/_karma_webpack_/webpack:/node_modules/zone.js/fesm2015/zone.js:397:34)
    at Object.onInvoke (http://localhost:9876/_karma_webpack_/webpack:/node_modules/@angular/core/fesm2022/core.mjs:6568:33)
[1A[2KERROR: [36m'Failed to initialize SQL.js service:', Error: both async and sync fetching of the wasm failed
Error: both async and sync fetching of the wasm failed
    at Object.Module.onAbort (http://localhost:9876/_karma_webpack_/webpack:/node_modules/sql.js/dist/sql-wasm.js:40:20)
    at Ta (http://localhost:9876/_karma_webpack_/webpack:/node_modules/sql.js/dist/sql-wasm.js:97:376)
    at http://localhost:9876/_karma_webpack_/webpack:/node_modules/sql.js/dist/sql-wasm.js:98:351
    at Generator.throw (<anonymous>)
    at asyncGeneratorStep (http://localhost:9876/_karma_webpack_/webpack:/node_modules/@babel/runtime/helpers/asyncToGenerator.js:3:1)
    at apply (http://localhost:9876/_karma_webpack_/webpack:/node_modules/@babel/runtime/helpers/asyncToGenerator.js:20:1)
    at _ZoneDelegate.invoke (http://localhost:9876/_karma_webpack_/webpack:/node_modules/zone.js/fesm2015/zone.js:398:28)
    at ProxyZoneSpec.onInvoke (http://localhost:9876/_karma_webpack_/webpack:/node_modules/zone.js/fesm2015/zone-testing.js:2132:39)
    at _ZoneDelegate.invoke (http://localhost:9876/_karma_webpack_/webpack:/node_modules/zone.js/fesm2015/zone.js:397:34)
    at Object.onInvoke (http://localhost:9876/_karma_webpack_/webpack:/node_modules/@angular/core/fesm2022/core.mjs:6568:33)[39m
Chrome Headless 137.0.0.0 (Mac OS 10.15.7): Executed 128 of 158[32m SUCCESS[39m (0 secs / 3.335 secs)
ERROR: 'Failed to initialize SQL.js service:', Error: both async and sync fetching of the wasm failed
Error: both async and sync fetching of the wasm failed
    at Object.Module.onAbort (http://localhost:9876/_karma_webpack_/webpack:/node_modules/sql.js/dist/sql-wasm.js:40:20)
    at Ta (http://localhost:9876/_karma_webpack_/webpack:/node_modules/sql.js/dist/sql-wasm.js:97:376)
    at http://localhost:9876/_karma_webpack_/webpack:/node_modules/sql.js/dist/sql-wasm.js:98:351
    at Generator.throw (<anonymous>)
    at asyncGeneratorStep (http://localhost:9876/_karma_webpack_/webpack:/node_modules/@babel/runtime/helpers/asyncToGenerator.js:3:1)
    at apply (http://localhost:9876/_karma_webpack_/webpack:/node_modules/@babel/runtime/helpers/asyncToGenerator.js:20:1)
    at _ZoneDelegate.invoke (http://localhost:9876/_karma_webpack_/webpack:/node_modules/zone.js/fesm2015/zone.js:398:28)
    at ProxyZoneSpec.onInvoke (http://localhost:9876/_karma_webpack_/webpack:/node_modules/zone.js/fesm2015/zone-testing.js:2132:39)
    at _ZoneDelegate.invoke (http://localhost:9876/_karma_webpack_/webpack:/node_modules/zone.js/fesm2015/zone.js:397:34)
    at Object.onInvoke (http://localhost:9876/_karma_webpack_/webpack:/node_modules/@angular/core/fesm2022/core.mjs:6568:33)
[1A[2KERROR: [36m'Failed to initialize SQL.js service:', Error: both async and sync fetching of the wasm failed
Error: both async and sync fetching of the wasm failed
    at Object.Module.onAbort (http://localhost:9876/_karma_webpack_/webpack:/node_modules/sql.js/dist/sql-wasm.js:40:20)
    at Ta (http://localhost:9876/_karma_webpack_/webpack:/node_modules/sql.js/dist/sql-wasm.js:97:376)
    at http://localhost:9876/_karma_webpack_/webpack:/node_modules/sql.js/dist/sql-wasm.js:98:351
    at Generator.throw (<anonymous>)
    at asyncGeneratorStep (http://localhost:9876/_karma_webpack_/webpack:/node_modules/@babel/runtime/helpers/asyncToGenerator.js:3:1)
    at apply (http://localhost:9876/_karma_webpack_/webpack:/node_modules/@babel/runtime/helpers/asyncToGenerator.js:20:1)
    at _ZoneDelegate.invoke (http://localhost:9876/_karma_webpack_/webpack:/node_modules/zone.js/fesm2015/zone.js:398:28)
    at ProxyZoneSpec.onInvoke (http://localhost:9876/_karma_webpack_/webpack:/node_modules/zone.js/fesm2015/zone-testing.js:2132:39)
    at _ZoneDelegate.invoke (http://localhost:9876/_karma_webpack_/webpack:/node_modules/zone.js/fesm2015/zone.js:397:34)
    at Object.onInvoke (http://localhost:9876/_karma_webpack_/webpack:/node_modules/@angular/core/fesm2022/core.mjs:6568:33)[39m
Chrome Headless 137.0.0.0 (Mac OS 10.15.7): Executed 128 of 158[32m SUCCESS[39m (0 secs / 3.335 secs)
ERROR: 'Failed to initialize SQL.js service:', Error: both async and sync fetching of the wasm failed
Error: both async and sync fetching of the wasm failed
    at Object.Module.onAbort (http://localhost:9876/_karma_webpack_/webpack:/node_modules/sql.js/dist/sql-wasm.js:40:20)
    at Ta (http://localhost:9876/_karma_webpack_/webpack:/node_modules/sql.js/dist/sql-wasm.js:97:376)
    at http://localhost:9876/_karma_webpack_/webpack:/node_modules/sql.js/dist/sql-wasm.js:98:351
    at Generator.throw (<anonymous>)
    at asyncGeneratorStep (http://localhost:9876/_karma_webpack_/webpack:/node_modules/@babel/runtime/helpers/asyncToGenerator.js:3:1)
    at apply (http://localhost:9876/_karma_webpack_/webpack:/node_modules/@babel/runtime/helpers/asyncToGenerator.js:20:1)
    at _ZoneDelegate.invoke (http://localhost:9876/_karma_webpack_/webpack:/node_modules/zone.js/fesm2015/zone.js:398:28)
    at ProxyZoneSpec.onInvoke (http://localhost:9876/_karma_webpack_/webpack:/node_modules/zone.js/fesm2015/zone-testing.js:2132:39)
    at _ZoneDelegate.invoke (http://localhost:9876/_karma_webpack_/webpack:/node_modules/zone.js/fesm2015/zone.js:397:34)
    at Object.onInvoke (http://localhost:9876/_karma_webpack_/webpack:/node_modules/@angular/core/fesm2022/core.mjs:6568:33)
[1A[2KERROR: [36m'Failed to initialize SQL.js service:', Error: both async and sync fetching of the wasm failed
Error: both async and sync fetching of the wasm failed
    at Object.Module.onAbort (http://localhost:9876/_karma_webpack_/webpack:/node_modules/sql.js/dist/sql-wasm.js:40:20)
    at Ta (http://localhost:9876/_karma_webpack_/webpack:/node_modules/sql.js/dist/sql-wasm.js:97:376)
    at http://localhost:9876/_karma_webpack_/webpack:/node_modules/sql.js/dist/sql-wasm.js:98:351
    at Generator.throw (<anonymous>)
    at asyncGeneratorStep (http://localhost:9876/_karma_webpack_/webpack:/node_modules/@babel/runtime/helpers/asyncToGenerator.js:3:1)
    at apply (http://localhost:9876/_karma_webpack_/webpack:/node_modules/@babel/runtime/helpers/asyncToGenerator.js:20:1)
    at _ZoneDelegate.invoke (http://localhost:9876/_karma_webpack_/webpack:/node_modules/zone.js/fesm2015/zone.js:398:28)
    at ProxyZoneSpec.onInvoke (http://localhost:9876/_karma_webpack_/webpack:/node_modules/zone.js/fesm2015/zone-testing.js:2132:39)
    at _ZoneDelegate.invoke (http://localhost:9876/_karma_webpack_/webpack:/node_modules/zone.js/fesm2015/zone.js:397:34)
    at Object.onInvoke (http://localhost:9876/_karma_webpack_/webpack:/node_modules/@angular/core/fesm2022/core.mjs:6568:33)[39m
Chrome Headless 137.0.0.0 (Mac OS 10.15.7): Executed 128 of 158[32m SUCCESS[39m (0 secs / 3.335 secs)
ERROR: 'Failed to initialize SQL.js service:', Error: both async and sync fetching of the wasm failed
Error: both async and sync fetching of the wasm failed
    at Object.Module.onAbort (http://localhost:9876/_karma_webpack_/webpack:/node_modules/sql.js/dist/sql-wasm.js:40:20)
    at Ta (http://localhost:9876/_karma_webpack_/webpack:/node_modules/sql.js/dist/sql-wasm.js:97:376)
    at http://localhost:9876/_karma_webpack_/webpack:/node_modules/sql.js/dist/sql-wasm.js:98:351
    at Generator.throw (<anonymous>)
    at asyncGeneratorStep (http://localhost:9876/_karma_webpack_/webpack:/node_modules/@babel/runtime/helpers/asyncToGenerator.js:3:1)
    at apply (http://localhost:9876/_karma_webpack_/webpack:/node_modules/@babel/runtime/helpers/asyncToGenerator.js:20:1)
    at _ZoneDelegate.invoke (http://localhost:9876/_karma_webpack_/webpack:/node_modules/zone.js/fesm2015/zone.js:398:28)
    at ProxyZoneSpec.onInvoke (http://localhost:9876/_karma_webpack_/webpack:/node_modules/zone.js/fesm2015/zone-testing.js:2132:39)
    at _ZoneDelegate.invoke (http://localhost:9876/_karma_webpack_/webpack:/node_modules/zone.js/fesm2015/zone.js:397:34)
    at Object.onInvoke (http://localhost:9876/_karma_webpack_/webpack:/node_modules/@angular/core/fesm2022/core.mjs:6568:33)
[1A[2KERROR: [36m'Failed to initialize SQL.js service:', Error: both async and sync fetching of the wasm failed
Error: both async and sync fetching of the wasm failed
    at Object.Module.onAbort (http://localhost:9876/_karma_webpack_/webpack:/node_modules/sql.js/dist/sql-wasm.js:40:20)
    at Ta (http://localhost:9876/_karma_webpack_/webpack:/node_modules/sql.js/dist/sql-wasm.js:97:376)
    at http://localhost:9876/_karma_webpack_/webpack:/node_modules/sql.js/dist/sql-wasm.js:98:351
    at Generator.throw (<anonymous>)
    at asyncGeneratorStep (http://localhost:9876/_karma_webpack_/webpack:/node_modules/@babel/runtime/helpers/asyncToGenerator.js:3:1)
    at apply (http://localhost:9876/_karma_webpack_/webpack:/node_modules/@babel/runtime/helpers/asyncToGenerator.js:20:1)
    at _ZoneDelegate.invoke (http://localhost:9876/_karma_webpack_/webpack:/node_modules/zone.js/fesm2015/zone.js:398:28)
    at ProxyZoneSpec.onInvoke (http://localhost:9876/_karma_webpack_/webpack:/node_modules/zone.js/fesm2015/zone-testing.js:2132:39)
    at _ZoneDelegate.invoke (http://localhost:9876/_karma_webpack_/webpack:/node_modules/zone.js/fesm2015/zone.js:397:34)
    at Object.onInvoke (http://localhost:9876/_karma_webpack_/webpack:/node_modules/@angular/core/fesm2022/core.mjs:6568:33)[39m
Chrome Headless 137.0.0.0 (Mac OS 10.15.7): Executed 128 of 158[32m SUCCESS[39m (0 secs / 3.335 secs)
ERROR: 'Failed to initialize SQL.js service:', Error: both async and sync fetching of the wasm failed
Error: both async and sync fetching of the wasm failed
    at Object.Module.onAbort (http://localhost:9876/_karma_webpack_/webpack:/node_modules/sql.js/dist/sql-wasm.js:40:20)
    at Ta (http://localhost:9876/_karma_webpack_/webpack:/node_modules/sql.js/dist/sql-wasm.js:97:376)
    at http://localhost:9876/_karma_webpack_/webpack:/node_modules/sql.js/dist/sql-wasm.js:98:351
    at Generator.throw (<anonymous>)
    at asyncGeneratorStep (http://localhost:9876/_karma_webpack_/webpack:/node_modules/@babel/runtime/helpers/asyncToGenerator.js:3:1)
    at apply (http://localhost:9876/_karma_webpack_/webpack:/node_modules/@babel/runtime/helpers/asyncToGenerator.js:20:1)
    at _ZoneDelegate.invoke (http://localhost:9876/_karma_webpack_/webpack:/node_modules/zone.js/fesm2015/zone.js:398:28)
    at ProxyZoneSpec.onInvoke (http://localhost:9876/_karma_webpack_/webpack:/node_modules/zone.js/fesm2015/zone-testing.js:2132:39)
    at _ZoneDelegate.invoke (http://localhost:9876/_karma_webpack_/webpack:/node_modules/zone.js/fesm2015/zone.js:397:34)
    at Object.onInvoke (http://localhost:9876/_karma_webpack_/webpack:/node_modules/@angular/core/fesm2022/core.mjs:6568:33)
[1A[2KChrome Headless 137.0.0.0 (Mac OS 10.15.7): Executed 129 of 158[32m SUCCESS[39m (0 secs / 3.336 secs)
[1A[2KERROR: [36m'Error loading pillars:', Error: Database initialization failed
Error: Database initialization failed
    at http://localhost:9876/_karma_webpack_/webpack:/src/app/services/sqljs.service.ts:116:13
    at Generator.throw (<anonymous>)
    at asyncGeneratorStep (http://localhost:9876/_karma_webpack_/webpack:/node_modules/@babel/runtime/helpers/esm/asyncToGenerator.js:3:1)
    at apply (http://localhost:9876/_karma_webpack_/webpack:/node_modules/@babel/runtime/helpers/esm/asyncToGenerator.js:20:1)
    at _ZoneDelegate.invoke (http://localhost:9876/_karma_webpack_/webpack:/node_modules/zone.js/fesm2015/zone.js:398:28)
    at ProxyZoneSpec.onInvoke (http://localhost:9876/_karma_webpack_/webpack:/node_modules/zone.js/fesm2015/zone-testing.js:2132:39)
    at _ZoneDelegate.invoke (http://localhost:9876/_karma_webpack_/webpack:/node_modules/zone.js/fesm2015/zone.js:397:34)
    at Object.onInvoke (http://localhost:9876/_karma_webpack_/webpack:/node_modules/@angular/core/fesm2022/core.mjs:6568:33)
    at _ZoneDelegate.invoke (http://localhost:9876/_karma_webpack_/webpack:/node_modules/zone.js/fesm2015/zone.js:397:34)
    at ZoneImpl.run (http://localhost:9876/_karma_webpack_/webpack:/node_modules/zone.js/fesm2015/zone.js:113:43)[39m
Chrome Headless 137.0.0.0 (Mac OS 10.15.7): Executed 129 of 158[32m SUCCESS[39m (0 secs / 3.336 secs)
ERROR: 'Error loading pillars:', Error: Database initialization failed
Error: Database initialization failed
    at http://localhost:9876/_karma_webpack_/webpack:/src/app/services/sqljs.service.ts:116:13
    at Generator.throw (<anonymous>)
    at asyncGeneratorStep (http://localhost:9876/_karma_webpack_/webpack:/node_modules/@babel/runtime/helpers/esm/asyncToGenerator.js:3:1)
    at apply (http://localhost:9876/_karma_webpack_/webpack:/node_modules/@babel/runtime/helpers/esm/asyncToGenerator.js:20:1)
    at _ZoneDelegate.invoke (http://localhost:9876/_karma_webpack_/webpack:/node_modules/zone.js/fesm2015/zone.js:398:28)
    at ProxyZoneSpec.onInvoke (http://localhost:9876/_karma_webpack_/webpack:/node_modules/zone.js/fesm2015/zone-testing.js:2132:39)
    at _ZoneDelegate.invoke (http://localhost:9876/_karma_webpack_/webpack:/node_modules/zone.js/fesm2015/zone.js:397:34)
    at Object.onInvoke (http://localhost:9876/_karma_webpack_/webpack:/node_modules/@angular/core/fesm2022/core.mjs:6568:33)
    at _ZoneDelegate.invoke (http://localhost:9876/_karma_webpack_/webpack:/node_modules/zone.js/fesm2015/zone.js:397:34)
    at ZoneImpl.run (http://localhost:9876/_karma_webpack_/webpack:/node_modules/zone.js/fesm2015/zone.js:113:43)
[1A[2KERROR: [36m'Error loading maturity stages:', Error: Database initialization failed
Error: Database initialization failed
    at http://localhost:9876/_karma_webpack_/webpack:/src/app/services/sqljs.service.ts:116:13
    at Generator.throw (<anonymous>)
    at asyncGeneratorStep (http://localhost:9876/_karma_webpack_/webpack:/node_modules/@babel/runtime/helpers/esm/asyncToGenerator.js:3:1)
    at apply (http://localhost:9876/_karma_webpack_/webpack:/node_modules/@babel/runtime/helpers/esm/asyncToGenerator.js:20:1)
    at _ZoneDelegate.invoke (http://localhost:9876/_karma_webpack_/webpack:/node_modules/zone.js/fesm2015/zone.js:398:28)
    at ProxyZoneSpec.onInvoke (http://localhost:9876/_karma_webpack_/webpack:/node_modules/zone.js/fesm2015/zone-testing.js:2132:39)
    at _ZoneDelegate.invoke (http://localhost:9876/_karma_webpack_/webpack:/node_modules/zone.js/fesm2015/zone.js:397:34)
    at Object.onInvoke (http://localhost:9876/_karma_webpack_/webpack:/node_modules/@angular/core/fesm2022/core.mjs:6568:33)
    at _ZoneDelegate.invoke (http://localhost:9876/_karma_webpack_/webpack:/node_modules/zone.js/fesm2015/zone.js:397:34)
    at ZoneImpl.run (http://localhost:9876/_karma_webpack_/webpack:/node_modules/zone.js/fesm2015/zone.js:113:43)[39m
Chrome Headless 137.0.0.0 (Mac OS 10.15.7): Executed 129 of 158[32m SUCCESS[39m (0 secs / 3.336 secs)
ERROR: 'Error loading maturity stages:', Error: Database initialization failed
Error: Database initialization failed
    at http://localhost:9876/_karma_webpack_/webpack:/src/app/services/sqljs.service.ts:116:13
    at Generator.throw (<anonymous>)
    at asyncGeneratorStep (http://localhost:9876/_karma_webpack_/webpack:/node_modules/@babel/runtime/helpers/esm/asyncToGenerator.js:3:1)
    at apply (http://localhost:9876/_karma_webpack_/webpack:/node_modules/@babel/runtime/helpers/esm/asyncToGenerator.js:20:1)
    at _ZoneDelegate.invoke (http://localhost:9876/_karma_webpack_/webpack:/node_modules/zone.js/fesm2015/zone.js:398:28)
    at ProxyZoneSpec.onInvoke (http://localhost:9876/_karma_webpack_/webpack:/node_modules/zone.js/fesm2015/zone-testing.js:2132:39)
    at _ZoneDelegate.invoke (http://localhost:9876/_karma_webpack_/webpack:/node_modules/zone.js/fesm2015/zone.js:397:34)
    at Object.onInvoke (http://localhost:9876/_karma_webpack_/webpack:/node_modules/@angular/core/fesm2022/core.mjs:6568:33)
    at _ZoneDelegate.invoke (http://localhost:9876/_karma_webpack_/webpack:/node_modules/zone.js/fesm2015/zone.js:397:34)
    at ZoneImpl.run (http://localhost:9876/_karma_webpack_/webpack:/node_modules/zone.js/fesm2015/zone.js:113:43)
[1A[2KERROR: [36m'Failed to initialize SQL.js service:', Error: both async and sync fetching of the wasm failed
Error: both async and sync fetching of the wasm failed
    at Object.Module.onAbort (http://localhost:9876/_karma_webpack_/webpack:/node_modules/sql.js/dist/sql-wasm.js:40:20)
    at Ta (http://localhost:9876/_karma_webpack_/webpack:/node_modules/sql.js/dist/sql-wasm.js:97:376)
    at http://localhost:9876/_karma_webpack_/webpack:/node_modules/sql.js/dist/sql-wasm.js:98:351
    at Generator.throw (<anonymous>)
    at asyncGeneratorStep (http://localhost:9876/_karma_webpack_/webpack:/node_modules/@babel/runtime/helpers/asyncToGenerator.js:3:1)
    at apply (http://localhost:9876/_karma_webpack_/webpack:/node_modules/@babel/runtime/helpers/asyncToGenerator.js:20:1)
    at _ZoneDelegate.invoke (http://localhost:9876/_karma_webpack_/webpack:/node_modules/zone.js/fesm2015/zone.js:398:28)
    at ProxyZoneSpec.onInvoke (http://localhost:9876/_karma_webpack_/webpack:/node_modules/zone.js/fesm2015/zone-testing.js:2132:39)
    at _ZoneDelegate.invoke (http://localhost:9876/_karma_webpack_/webpack:/node_modules/zone.js/fesm2015/zone.js:397:34)
    at Object.onInvoke (http://localhost:9876/_karma_webpack_/webpack:/node_modules/@angular/core/fesm2022/core.mjs:6568:33)[39m
Chrome Headless 137.0.0.0 (Mac OS 10.15.7): Executed 129 of 158[32m SUCCESS[39m (0 secs / 3.336 secs)
ERROR: 'Failed to initialize SQL.js service:', Error: both async and sync fetching of the wasm failed
Error: both async and sync fetching of the wasm failed
    at Object.Module.onAbort (http://localhost:9876/_karma_webpack_/webpack:/node_modules/sql.js/dist/sql-wasm.js:40:20)
    at Ta (http://localhost:9876/_karma_webpack_/webpack:/node_modules/sql.js/dist/sql-wasm.js:97:376)
    at http://localhost:9876/_karma_webpack_/webpack:/node_modules/sql.js/dist/sql-wasm.js:98:351
    at Generator.throw (<anonymous>)
    at asyncGeneratorStep (http://localhost:9876/_karma_webpack_/webpack:/node_modules/@babel/runtime/helpers/asyncToGenerator.js:3:1)
    at apply (http://localhost:9876/_karma_webpack_/webpack:/node_modules/@babel/runtime/helpers/asyncToGenerator.js:20:1)
    at _ZoneDelegate.invoke (http://localhost:9876/_karma_webpack_/webpack:/node_modules/zone.js/fesm2015/zone.js:398:28)
    at ProxyZoneSpec.onInvoke (http://localhost:9876/_karma_webpack_/webpack:/node_modules/zone.js/fesm2015/zone-testing.js:2132:39)
    at _ZoneDelegate.invoke (http://localhost:9876/_karma_webpack_/webpack:/node_modules/zone.js/fesm2015/zone.js:397:34)
    at Object.onInvoke (http://localhost:9876/_karma_webpack_/webpack:/node_modules/@angular/core/fesm2022/core.mjs:6568:33)
[1A[2KERROR: [36m'Failed to initialize SQL.js service:', Error: both async and sync fetching of the wasm failed
Error: both async and sync fetching of the wasm failed
    at Object.Module.onAbort (http://localhost:9876/_karma_webpack_/webpack:/node_modules/sql.js/dist/sql-wasm.js:40:20)
    at Ta (http://localhost:9876/_karma_webpack_/webpack:/node_modules/sql.js/dist/sql-wasm.js:97:376)
    at http://localhost:9876/_karma_webpack_/webpack:/node_modules/sql.js/dist/sql-wasm.js:98:351
    at Generator.throw (<anonymous>)
    at asyncGeneratorStep (http://localhost:9876/_karma_webpack_/webpack:/node_modules/@babel/runtime/helpers/asyncToGenerator.js:3:1)
    at apply (http://localhost:9876/_karma_webpack_/webpack:/node_modules/@babel/runtime/helpers/asyncToGenerator.js:20:1)
    at _ZoneDelegate.invoke (http://localhost:9876/_karma_webpack_/webpack:/node_modules/zone.js/fesm2015/zone.js:398:28)
    at ProxyZoneSpec.onInvoke (http://localhost:9876/_karma_webpack_/webpack:/node_modules/zone.js/fesm2015/zone-testing.js:2132:39)
    at _ZoneDelegate.invoke (http://localhost:9876/_karma_webpack_/webpack:/node_modules/zone.js/fesm2015/zone.js:397:34)
    at Object.onInvoke (http://localhost:9876/_karma_webpack_/webpack:/node_modules/@angular/core/fesm2022/core.mjs:6568:33)[39m
Chrome Headless 137.0.0.0 (Mac OS 10.15.7): Executed 129 of 158[32m SUCCESS[39m (0 secs / 3.336 secs)
ERROR: 'Failed to initialize SQL.js service:', Error: both async and sync fetching of the wasm failed
Error: both async and sync fetching of the wasm failed
    at Object.Module.onAbort (http://localhost:9876/_karma_webpack_/webpack:/node_modules/sql.js/dist/sql-wasm.js:40:20)
    at Ta (http://localhost:9876/_karma_webpack_/webpack:/node_modules/sql.js/dist/sql-wasm.js:97:376)
    at http://localhost:9876/_karma_webpack_/webpack:/node_modules/sql.js/dist/sql-wasm.js:98:351
    at Generator.throw (<anonymous>)
    at asyncGeneratorStep (http://localhost:9876/_karma_webpack_/webpack:/node_modules/@babel/runtime/helpers/asyncToGenerator.js:3:1)
    at apply (http://localhost:9876/_karma_webpack_/webpack:/node_modules/@babel/runtime/helpers/asyncToGenerator.js:20:1)
    at _ZoneDelegate.invoke (http://localhost:9876/_karma_webpack_/webpack:/node_modules/zone.js/fesm2015/zone.js:398:28)
    at ProxyZoneSpec.onInvoke (http://localhost:9876/_karma_webpack_/webpack:/node_modules/zone.js/fesm2015/zone-testing.js:2132:39)
    at _ZoneDelegate.invoke (http://localhost:9876/_karma_webpack_/webpack:/node_modules/zone.js/fesm2015/zone.js:397:34)
    at Object.onInvoke (http://localhost:9876/_karma_webpack_/webpack:/node_modules/@angular/core/fesm2022/core.mjs:6568:33)
[1A[2KERROR: [36m'Error getting data statistics:', Error: Database initialization failed
Error: Database initialization failed
    at http://localhost:9876/_karma_webpack_/webpack:/src/app/services/sqljs.service.ts:116:13
    at Generator.throw (<anonymous>)
    at asyncGeneratorStep (http://localhost:9876/_karma_webpack_/webpack:/node_modules/@babel/runtime/helpers/esm/asyncToGenerator.js:3:1)
    at apply (http://localhost:9876/_karma_webpack_/webpack:/node_modules/@babel/runtime/helpers/esm/asyncToGenerator.js:20:1)
    at _ZoneDelegate.invoke (http://localhost:9876/_karma_webpack_/webpack:/node_modules/zone.js/fesm2015/zone.js:398:28)
    at ProxyZoneSpec.onInvoke (http://localhost:9876/_karma_webpack_/webpack:/node_modules/zone.js/fesm2015/zone-testing.js:2132:39)
    at _ZoneDelegate.invoke (http://localhost:9876/_karma_webpack_/webpack:/node_modules/zone.js/fesm2015/zone.js:397:34)
    at Object.onInvoke (http://localhost:9876/_karma_webpack_/webpack:/node_modules/@angular/core/fesm2022/core.mjs:6568:33)
    at _ZoneDelegate.invoke (http://localhost:9876/_karma_webpack_/webpack:/node_modules/zone.js/fesm2015/zone.js:397:34)
    at ZoneImpl.run (http://localhost:9876/_karma_webpack_/webpack:/node_modules/zone.js/fesm2015/zone.js:113:43)[39m
Chrome Headless 137.0.0.0 (Mac OS 10.15.7): Executed 129 of 158[32m SUCCESS[39m (0 secs / 3.336 secs)
ERROR: 'Error getting data statistics:', Error: Database initialization failed
Error: Database initialization failed
    at http://localhost:9876/_karma_webpack_/webpack:/src/app/services/sqljs.service.ts:116:13
    at Generator.throw (<anonymous>)
    at asyncGeneratorStep (http://localhost:9876/_karma_webpack_/webpack:/node_modules/@babel/runtime/helpers/esm/asyncToGenerator.js:3:1)
    at apply (http://localhost:9876/_karma_webpack_/webpack:/node_modules/@babel/runtime/helpers/esm/asyncToGenerator.js:20:1)
    at _ZoneDelegate.invoke (http://localhost:9876/_karma_webpack_/webpack:/node_modules/zone.js/fesm2015/zone.js:398:28)
    at ProxyZoneSpec.onInvoke (http://localhost:9876/_karma_webpack_/webpack:/node_modules/zone.js/fesm2015/zone-testing.js:2132:39)
    at _ZoneDelegate.invoke (http://localhost:9876/_karma_webpack_/webpack:/node_modules/zone.js/fesm2015/zone.js:397:34)
    at Object.onInvoke (http://localhost:9876/_karma_webpack_/webpack:/node_modules/@angular/core/fesm2022/core.mjs:6568:33)
    at _ZoneDelegate.invoke (http://localhost:9876/_karma_webpack_/webpack:/node_modules/zone.js/fesm2015/zone.js:397:34)
    at ZoneImpl.run (http://localhost:9876/_karma_webpack_/webpack:/node_modules/zone.js/fesm2015/zone.js:113:43)
[1A[2KERROR: [36m'Error loading function capabilities:', Error: Database initialization failed
Error: Database initialization failed
    at http://localhost:9876/_karma_webpack_/webpack:/src/app/services/sqljs.service.ts:116:13
    at Generator.throw (<anonymous>)
    at asyncGeneratorStep (http://localhost:9876/_karma_webpack_/webpack:/node_modules/@babel/runtime/helpers/esm/asyncToGenerator.js:3:1)
    at apply (http://localhost:9876/_karma_webpack_/webpack:/node_modules/@babel/runtime/helpers/esm/asyncToGenerator.js:20:1)
    at _ZoneDelegate.invoke (http://localhost:9876/_karma_webpack_/webpack:/node_modules/zone.js/fesm2015/zone.js:398:28)
    at ProxyZoneSpec.onInvoke (http://localhost:9876/_karma_webpack_/webpack:/node_modules/zone.js/fesm2015/zone-testing.js:2132:39)
    at _ZoneDelegate.invoke (http://localhost:9876/_karma_webpack_/webpack:/node_modules/zone.js/fesm2015/zone.js:397:34)
    at Object.onInvoke (http://localhost:9876/_karma_webpack_/webpack:/node_modules/@angular/core/fesm2022/core.mjs:6568:33)
    at _ZoneDelegate.invoke (http://localhost:9876/_karma_webpack_/webpack:/node_modules/zone.js/fesm2015/zone.js:397:34)
    at ZoneImpl.run (http://localhost:9876/_karma_webpack_/webpack:/node_modules/zone.js/fesm2015/zone.js:113:43)[39m
Chrome Headless 137.0.0.0 (Mac OS 10.15.7): Executed 129 of 158[32m SUCCESS[39m (0 secs / 3.336 secs)
ERROR: 'Error loading function capabilities:', Error: Database initialization failed
Error: Database initialization failed
    at http://localhost:9876/_karma_webpack_/webpack:/src/app/services/sqljs.service.ts:116:13
    at Generator.throw (<anonymous>)
    at asyncGeneratorStep (http://localhost:9876/_karma_webpack_/webpack:/node_modules/@babel/runtime/helpers/esm/asyncToGenerator.js:3:1)
    at apply (http://localhost:9876/_karma_webpack_/webpack:/node_modules/@babel/runtime/helpers/esm/asyncToGenerator.js:20:1)
    at _ZoneDelegate.invoke (http://localhost:9876/_karma_webpack_/webpack:/node_modules/zone.js/fesm2015/zone.js:398:28)
    at ProxyZoneSpec.onInvoke (http://localhost:9876/_karma_webpack_/webpack:/node_modules/zone.js/fesm2015/zone-testing.js:2132:39)
    at _ZoneDelegate.invoke (http://localhost:9876/_karma_webpack_/webpack:/node_modules/zone.js/fesm2015/zone.js:397:34)
    at Object.onInvoke (http://localhost:9876/_karma_webpack_/webpack:/node_modules/@angular/core/fesm2022/core.mjs:6568:33)
    at _ZoneDelegate.invoke (http://localhost:9876/_karma_webpack_/webpack:/node_modules/zone.js/fesm2015/zone.js:397:34)
    at ZoneImpl.run (http://localhost:9876/_karma_webpack_/webpack:/node_modules/zone.js/fesm2015/zone.js:113:43)
[1A[2KERROR: [36m'Error loading pillars:', Error: Database initialization failed
Error: Database initialization failed
    at http://localhost:9876/_karma_webpack_/webpack:/src/app/services/sqljs.service.ts:116:13
    at Generator.throw (<anonymous>)
    at asyncGeneratorStep (http://localhost:9876/_karma_webpack_/webpack:/node_modules/@babel/runtime/helpers/esm/asyncToGenerator.js:3:1)
    at apply (http://localhost:9876/_karma_webpack_/webpack:/node_modules/@babel/runtime/helpers/esm/asyncToGenerator.js:20:1)
    at _ZoneDelegate.invoke (http://localhost:9876/_karma_webpack_/webpack:/node_modules/zone.js/fesm2015/zone.js:398:28)
    at ProxyZoneSpec.onInvoke (http://localhost:9876/_karma_webpack_/webpack:/node_modules/zone.js/fesm2015/zone-testing.js:2132:39)
    at _ZoneDelegate.invoke (http://localhost:9876/_karma_webpack_/webpack:/node_modules/zone.js/fesm2015/zone.js:397:34)
    at Object.onInvoke (http://localhost:9876/_karma_webpack_/webpack:/node_modules/@angular/core/fesm2022/core.mjs:6568:33)
    at _ZoneDelegate.invoke (http://localhost:9876/_karma_webpack_/webpack:/node_modules/zone.js/fesm2015/zone.js:397:34)
    at ZoneImpl.run (http://localhost:9876/_karma_webpack_/webpack:/node_modules/zone.js/fesm2015/zone.js:113:43)[39m
Chrome Headless 137.0.0.0 (Mac OS 10.15.7): Executed 129 of 158[32m SUCCESS[39m (0 secs / 3.336 secs)
ERROR: 'Error loading pillars:', Error: Database initialization failed
Error: Database initialization failed
    at http://localhost:9876/_karma_webpack_/webpack:/src/app/services/sqljs.service.ts:116:13
    at Generator.throw (<anonymous>)
    at asyncGeneratorStep (http://localhost:9876/_karma_webpack_/webpack:/node_modules/@babel/runtime/helpers/esm/asyncToGenerator.js:3:1)
    at apply (http://localhost:9876/_karma_webpack_/webpack:/node_modules/@babel/runtime/helpers/esm/asyncToGenerator.js:20:1)
    at _ZoneDelegate.invoke (http://localhost:9876/_karma_webpack_/webpack:/node_modules/zone.js/fesm2015/zone.js:398:28)
    at ProxyZoneSpec.onInvoke (http://localhost:9876/_karma_webpack_/webpack:/node_modules/zone.js/fesm2015/zone-testing.js:2132:39)
    at _ZoneDelegate.invoke (http://localhost:9876/_karma_webpack_/webpack:/node_modules/zone.js/fesm2015/zone.js:397:34)
    at Object.onInvoke (http://localhost:9876/_karma_webpack_/webpack:/node_modules/@angular/core/fesm2022/core.mjs:6568:33)
    at _ZoneDelegate.invoke (http://localhost:9876/_karma_webpack_/webpack:/node_modules/zone.js/fesm2015/zone.js:397:34)
    at ZoneImpl.run (http://localhost:9876/_karma_webpack_/webpack:/node_modules/zone.js/fesm2015/zone.js:113:43)
[1A[2KERROR: [36m'Failed to initialize SQL.js service:', Error: both async and sync fetching of the wasm failed
Error: both async and sync fetching of the wasm failed
    at Object.Module.onAbort (http://localhost:9876/_karma_webpack_/webpack:/node_modules/sql.js/dist/sql-wasm.js:40:20)
    at Ta (http://localhost:9876/_karma_webpack_/webpack:/node_modules/sql.js/dist/sql-wasm.js:97:376)
    at http://localhost:9876/_karma_webpack_/webpack:/node_modules/sql.js/dist/sql-wasm.js:98:351
    at Generator.throw (<anonymous>)
    at asyncGeneratorStep (http://localhost:9876/_karma_webpack_/webpack:/node_modules/@babel/runtime/helpers/asyncToGenerator.js:3:1)
    at apply (http://localhost:9876/_karma_webpack_/webpack:/node_modules/@babel/runtime/helpers/asyncToGenerator.js:20:1)
    at _ZoneDelegate.invoke (http://localhost:9876/_karma_webpack_/webpack:/node_modules/zone.js/fesm2015/zone.js:398:28)
    at ProxyZoneSpec.onInvoke (http://localhost:9876/_karma_webpack_/webpack:/node_modules/zone.js/fesm2015/zone-testing.js:2132:39)
    at _ZoneDelegate.invoke (http://localhost:9876/_karma_webpack_/webpack:/node_modules/zone.js/fesm2015/zone.js:397:34)
    at Object.onInvoke (http://localhost:9876/_karma_webpack_/webpack:/node_modules/@angular/core/fesm2022/core.mjs:6568:33)[39m
Chrome Headless 137.0.0.0 (Mac OS 10.15.7): Executed 129 of 158[32m SUCCESS[39m (0 secs / 3.336 secs)
ERROR: 'Failed to initialize SQL.js service:', Error: both async and sync fetching of the wasm failed
Error: both async and sync fetching of the wasm failed
    at Object.Module.onAbort (http://localhost:9876/_karma_webpack_/webpack:/node_modules/sql.js/dist/sql-wasm.js:40:20)
    at Ta (http://localhost:9876/_karma_webpack_/webpack:/node_modules/sql.js/dist/sql-wasm.js:97:376)
    at http://localhost:9876/_karma_webpack_/webpack:/node_modules/sql.js/dist/sql-wasm.js:98:351
    at Generator.throw (<anonymous>)
    at asyncGeneratorStep (http://localhost:9876/_karma_webpack_/webpack:/node_modules/@babel/runtime/helpers/asyncToGenerator.js:3:1)
    at apply (http://localhost:9876/_karma_webpack_/webpack:/node_modules/@babel/runtime/helpers/asyncToGenerator.js:20:1)
    at _ZoneDelegate.invoke (http://localhost:9876/_karma_webpack_/webpack:/node_modules/zone.js/fesm2015/zone.js:398:28)
    at ProxyZoneSpec.onInvoke (http://localhost:9876/_karma_webpack_/webpack:/node_modules/zone.js/fesm2015/zone-testing.js:2132:39)
    at _ZoneDelegate.invoke (http://localhost:9876/_karma_webpack_/webpack:/node_modules/zone.js/fesm2015/zone.js:397:34)
    at Object.onInvoke (http://localhost:9876/_karma_webpack_/webpack:/node_modules/@angular/core/fesm2022/core.mjs:6568:33)
[1A[2KERROR: [36m'Failed to initialize SQL.js service:', Error: both async and sync fetching of the wasm failed
Error: both async and sync fetching of the wasm failed
    at Object.Module.onAbort (http://localhost:9876/_karma_webpack_/webpack:/node_modules/sql.js/dist/sql-wasm.js:40:20)
    at Ta (http://localhost:9876/_karma_webpack_/webpack:/node_modules/sql.js/dist/sql-wasm.js:97:376)
    at http://localhost:9876/_karma_webpack_/webpack:/node_modules/sql.js/dist/sql-wasm.js:98:351
    at Generator.throw (<anonymous>)
    at asyncGeneratorStep (http://localhost:9876/_karma_webpack_/webpack:/node_modules/@babel/runtime/helpers/asyncToGenerator.js:3:1)
    at apply (http://localhost:9876/_karma_webpack_/webpack:/node_modules/@babel/runtime/helpers/asyncToGenerator.js:20:1)
    at _ZoneDelegate.invoke (http://localhost:9876/_karma_webpack_/webpack:/node_modules/zone.js/fesm2015/zone.js:398:28)
    at ProxyZoneSpec.onInvoke (http://localhost:9876/_karma_webpack_/webpack:/node_modules/zone.js/fesm2015/zone-testing.js:2132:39)
    at _ZoneDelegate.invoke (http://localhost:9876/_karma_webpack_/webpack:/node_modules/zone.js/fesm2015/zone.js:397:34)
    at Object.onInvoke (http://localhost:9876/_karma_webpack_/webpack:/node_modules/@angular/core/fesm2022/core.mjs:6568:33)[39m
Chrome Headless 137.0.0.0 (Mac OS 10.15.7): Executed 129 of 158[32m SUCCESS[39m (0 secs / 3.336 secs)
ERROR: 'Failed to initialize SQL.js service:', Error: both async and sync fetching of the wasm failed
Error: both async and sync fetching of the wasm failed
    at Object.Module.onAbort (http://localhost:9876/_karma_webpack_/webpack:/node_modules/sql.js/dist/sql-wasm.js:40:20)
    at Ta (http://localhost:9876/_karma_webpack_/webpack:/node_modules/sql.js/dist/sql-wasm.js:97:376)
    at http://localhost:9876/_karma_webpack_/webpack:/node_modules/sql.js/dist/sql-wasm.js:98:351
    at Generator.throw (<anonymous>)
    at asyncGeneratorStep (http://localhost:9876/_karma_webpack_/webpack:/node_modules/@babel/runtime/helpers/asyncToGenerator.js:3:1)
    at apply (http://localhost:9876/_karma_webpack_/webpack:/node_modules/@babel/runtime/helpers/asyncToGenerator.js:20:1)
    at _ZoneDelegate.invoke (http://localhost:9876/_karma_webpack_/webpack:/node_modules/zone.js/fesm2015/zone.js:398:28)
    at ProxyZoneSpec.onInvoke (http://localhost:9876/_karma_webpack_/webpack:/node_modules/zone.js/fesm2015/zone-testing.js:2132:39)
    at _ZoneDelegate.invoke (http://localhost:9876/_karma_webpack_/webpack:/node_modules/zone.js/fesm2015/zone.js:397:34)
    at Object.onInvoke (http://localhost:9876/_karma_webpack_/webpack:/node_modules/@angular/core/fesm2022/core.mjs:6568:33)
[1A[2KERROR: [36m'Error loading maturity stages:', Error: Database initialization failed
Error: Database initialization failed
    at http://localhost:9876/_karma_webpack_/webpack:/src/app/services/sqljs.service.ts:116:13
    at Generator.throw (<anonymous>)
    at asyncGeneratorStep (http://localhost:9876/_karma_webpack_/webpack:/node_modules/@babel/runtime/helpers/esm/asyncToGenerator.js:3:1)
    at apply (http://localhost:9876/_karma_webpack_/webpack:/node_modules/@babel/runtime/helpers/esm/asyncToGenerator.js:20:1)
    at _ZoneDelegate.invoke (http://localhost:9876/_karma_webpack_/webpack:/node_modules/zone.js/fesm2015/zone.js:398:28)
    at ProxyZoneSpec.onInvoke (http://localhost:9876/_karma_webpack_/webpack:/node_modules/zone.js/fesm2015/zone-testing.js:2132:39)
    at _ZoneDelegate.invoke (http://localhost:9876/_karma_webpack_/webpack:/node_modules/zone.js/fesm2015/zone.js:397:34)
    at Object.onInvoke (http://localhost:9876/_karma_webpack_/webpack:/node_modules/@angular/core/fesm2022/core.mjs:6568:33)
    at _ZoneDelegate.invoke (http://localhost:9876/_karma_webpack_/webpack:/node_modules/zone.js/fesm2015/zone.js:397:34)
    at ZoneImpl.run (http://localhost:9876/_karma_webpack_/webpack:/node_modules/zone.js/fesm2015/zone.js:113:43)[39m
Chrome Headless 137.0.0.0 (Mac OS 10.15.7): Executed 129 of 158[32m SUCCESS[39m (0 secs / 3.336 secs)
ERROR: 'Error loading maturity stages:', Error: Database initialization failed
Error: Database initialization failed
    at http://localhost:9876/_karma_webpack_/webpack:/src/app/services/sqljs.service.ts:116:13
    at Generator.throw (<anonymous>)
    at asyncGeneratorStep (http://localhost:9876/_karma_webpack_/webpack:/node_modules/@babel/runtime/helpers/esm/asyncToGenerator.js:3:1)
    at apply (http://localhost:9876/_karma_webpack_/webpack:/node_modules/@babel/runtime/helpers/esm/asyncToGenerator.js:20:1)
    at _ZoneDelegate.invoke (http://localhost:9876/_karma_webpack_/webpack:/node_modules/zone.js/fesm2015/zone.js:398:28)
    at ProxyZoneSpec.onInvoke (http://localhost:9876/_karma_webpack_/webpack:/node_modules/zone.js/fesm2015/zone-testing.js:2132:39)
    at _ZoneDelegate.invoke (http://localhost:9876/_karma_webpack_/webpack:/node_modules/zone.js/fesm2015/zone.js:397:34)
    at Object.onInvoke (http://localhost:9876/_karma_webpack_/webpack:/node_modules/@angular/core/fesm2022/core.mjs:6568:33)
    at _ZoneDelegate.invoke (http://localhost:9876/_karma_webpack_/webpack:/node_modules/zone.js/fesm2015/zone.js:397:34)
    at ZoneImpl.run (http://localhost:9876/_karma_webpack_/webpack:/node_modules/zone.js/fesm2015/zone.js:113:43)
[1A[2KERROR: [36m'Error loading function capabilities:', Error: Database initialization failed
Error: Database initialization failed
    at http://localhost:9876/_karma_webpack_/webpack:/src/app/services/sqljs.service.ts:116:13
    at Generator.throw (<anonymous>)
    at asyncGeneratorStep (http://localhost:9876/_karma_webpack_/webpack:/node_modules/@babel/runtime/helpers/esm/asyncToGenerator.js:3:1)
    at apply (http://localhost:9876/_karma_webpack_/webpack:/node_modules/@babel/runtime/helpers/esm/asyncToGenerator.js:20:1)
    at _ZoneDelegate.invoke (http://localhost:9876/_karma_webpack_/webpack:/node_modules/zone.js/fesm2015/zone.js:398:28)
    at ProxyZoneSpec.onInvoke (http://localhost:9876/_karma_webpack_/webpack:/node_modules/zone.js/fesm2015/zone-testing.js:2132:39)
    at _ZoneDelegate.invoke (http://localhost:9876/_karma_webpack_/webpack:/node_modules/zone.js/fesm2015/zone.js:397:34)
    at Object.onInvoke (http://localhost:9876/_karma_webpack_/webpack:/node_modules/@angular/core/fesm2022/core.mjs:6568:33)
    at _ZoneDelegate.invoke (http://localhost:9876/_karma_webpack_/webpack:/node_modules/zone.js/fesm2015/zone.js:397:34)
    at ZoneImpl.run (http://localhost:9876/_karma_webpack_/webpack:/node_modules/zone.js/fesm2015/zone.js:113:43)[39m
Chrome Headless 137.0.0.0 (Mac OS 10.15.7): Executed 129 of 158[32m SUCCESS[39m (0 secs / 3.336 secs)
ERROR: 'Error loading function capabilities:', Error: Database initialization failed
Error: Database initialization failed
    at http://localhost:9876/_karma_webpack_/webpack:/src/app/services/sqljs.service.ts:116:13
    at Generator.throw (<anonymous>)
    at asyncGeneratorStep (http://localhost:9876/_karma_webpack_/webpack:/node_modules/@babel/runtime/helpers/esm/asyncToGenerator.js:3:1)
    at apply (http://localhost:9876/_karma_webpack_/webpack:/node_modules/@babel/runtime/helpers/esm/asyncToGenerator.js:20:1)
    at _ZoneDelegate.invoke (http://localhost:9876/_karma_webpack_/webpack:/node_modules/zone.js/fesm2015/zone.js:398:28)
    at ProxyZoneSpec.onInvoke (http://localhost:9876/_karma_webpack_/webpack:/node_modules/zone.js/fesm2015/zone-testing.js:2132:39)
    at _ZoneDelegate.invoke (http://localhost:9876/_karma_webpack_/webpack:/node_modules/zone.js/fesm2015/zone.js:397:34)
    at Object.onInvoke (http://localhost:9876/_karma_webpack_/webpack:/node_modules/@angular/core/fesm2022/core.mjs:6568:33)
    at _ZoneDelegate.invoke (http://localhost:9876/_karma_webpack_/webpack:/node_modules/zone.js/fesm2015/zone.js:397:34)
    at ZoneImpl.run (http://localhost:9876/_karma_webpack_/webpack:/node_modules/zone.js/fesm2015/zone.js:113:43)
[1A[2KERROR: [36m'Failed to initialize SQL.js service:', Error: both async and sync fetching of the wasm failed
Error: both async and sync fetching of the wasm failed
    at Object.Module.onAbort (http://localhost:9876/_karma_webpack_/webpack:/node_modules/sql.js/dist/sql-wasm.js:40:20)
    at Ta (http://localhost:9876/_karma_webpack_/webpack:/node_modules/sql.js/dist/sql-wasm.js:97:376)
    at http://localhost:9876/_karma_webpack_/webpack:/node_modules/sql.js/dist/sql-wasm.js:98:351
    at Generator.throw (<anonymous>)
    at asyncGeneratorStep (http://localhost:9876/_karma_webpack_/webpack:/node_modules/@babel/runtime/helpers/asyncToGenerator.js:3:1)
    at apply (http://localhost:9876/_karma_webpack_/webpack:/node_modules/@babel/runtime/helpers/asyncToGenerator.js:20:1)
    at _ZoneDelegate.invoke (http://localhost:9876/_karma_webpack_/webpack:/node_modules/zone.js/fesm2015/zone.js:398:28)
    at ProxyZoneSpec.onInvoke (http://localhost:9876/_karma_webpack_/webpack:/node_modules/zone.js/fesm2015/zone-testing.js:2132:39)
    at _ZoneDelegate.invoke (http://localhost:9876/_karma_webpack_/webpack:/node_modules/zone.js/fesm2015/zone.js:397:34)
    at Object.onInvoke (http://localhost:9876/_karma_webpack_/webpack:/node_modules/@angular/core/fesm2022/core.mjs:6568:33)[39m
Chrome Headless 137.0.0.0 (Mac OS 10.15.7): Executed 129 of 158[32m SUCCESS[39m (0 secs / 3.336 secs)
ERROR: 'Failed to initialize SQL.js service:', Error: both async and sync fetching of the wasm failed
Error: both async and sync fetching of the wasm failed
    at Object.Module.onAbort (http://localhost:9876/_karma_webpack_/webpack:/node_modules/sql.js/dist/sql-wasm.js:40:20)
    at Ta (http://localhost:9876/_karma_webpack_/webpack:/node_modules/sql.js/dist/sql-wasm.js:97:376)
    at http://localhost:9876/_karma_webpack_/webpack:/node_modules/sql.js/dist/sql-wasm.js:98:351
    at Generator.throw (<anonymous>)
    at asyncGeneratorStep (http://localhost:9876/_karma_webpack_/webpack:/node_modules/@babel/runtime/helpers/asyncToGenerator.js:3:1)
    at apply (http://localhost:9876/_karma_webpack_/webpack:/node_modules/@babel/runtime/helpers/asyncToGenerator.js:20:1)
    at _ZoneDelegate.invoke (http://localhost:9876/_karma_webpack_/webpack:/node_modules/zone.js/fesm2015/zone.js:398:28)
    at ProxyZoneSpec.onInvoke (http://localhost:9876/_karma_webpack_/webpack:/node_modules/zone.js/fesm2015/zone-testing.js:2132:39)
    at _ZoneDelegate.invoke (http://localhost:9876/_karma_webpack_/webpack:/node_modules/zone.js/fesm2015/zone.js:397:34)
    at Object.onInvoke (http://localhost:9876/_karma_webpack_/webpack:/node_modules/@angular/core/fesm2022/core.mjs:6568:33)
[1A[2KERROR: [36m'Error loading assessment responses:', Error: Database initialization failed
Error: Database initialization failed
    at http://localhost:9876/_karma_webpack_/webpack:/src/app/services/sqljs.service.ts:116:13
    at Generator.throw (<anonymous>)
    at asyncGeneratorStep (http://localhost:9876/_karma_webpack_/webpack:/node_modules/@babel/runtime/helpers/esm/asyncToGenerator.js:3:1)
    at apply (http://localhost:9876/_karma_webpack_/webpack:/node_modules/@babel/runtime/helpers/esm/asyncToGenerator.js:20:1)
    at _ZoneDelegate.invoke (http://localhost:9876/_karma_webpack_/webpack:/node_modules/zone.js/fesm2015/zone.js:398:28)
    at ProxyZoneSpec.onInvoke (http://localhost:9876/_karma_webpack_/webpack:/node_modules/zone.js/fesm2015/zone-testing.js:2132:39)
    at _ZoneDelegate.invoke (http://localhost:9876/_karma_webpack_/webpack:/node_modules/zone.js/fesm2015/zone.js:397:34)
    at Object.onInvoke (http://localhost:9876/_karma_webpack_/webpack:/node_modules/@angular/core/fesm2022/core.mjs:6568:33)
    at _ZoneDelegate.invoke (http://localhost:9876/_karma_webpack_/webpack:/node_modules/zone.js/fesm2015/zone.js:397:34)
    at ZoneImpl.run (http://localhost:9876/_karma_webpack_/webpack:/node_modules/zone.js/fesm2015/zone.js:113:43)[39m
Chrome Headless 137.0.0.0 (Mac OS 10.15.7): Executed 129 of 158[32m SUCCESS[39m (0 secs / 3.336 secs)
ERROR: 'Error loading assessment responses:', Error: Database initialization failed
Error: Database initialization failed
    at http://localhost:9876/_karma_webpack_/webpack:/src/app/services/sqljs.service.ts:116:13
    at Generator.throw (<anonymous>)
    at asyncGeneratorStep (http://localhost:9876/_karma_webpack_/webpack:/node_modules/@babel/runtime/helpers/esm/asyncToGenerator.js:3:1)
    at apply (http://localhost:9876/_karma_webpack_/webpack:/node_modules/@babel/runtime/helpers/esm/asyncToGenerator.js:20:1)
    at _ZoneDelegate.invoke (http://localhost:9876/_karma_webpack_/webpack:/node_modules/zone.js/fesm2015/zone.js:398:28)
    at ProxyZoneSpec.onInvoke (http://localhost:9876/_karma_webpack_/webpack:/node_modules/zone.js/fesm2015/zone-testing.js:2132:39)
    at _ZoneDelegate.invoke (http://localhost:9876/_karma_webpack_/webpack:/node_modules/zone.js/fesm2015/zone.js:397:34)
    at Object.onInvoke (http://localhost:9876/_karma_webpack_/webpack:/node_modules/@angular/core/fesm2022/core.mjs:6568:33)
    at _ZoneDelegate.invoke (http://localhost:9876/_karma_webpack_/webpack:/node_modules/zone.js/fesm2015/zone.js:397:34)
    at ZoneImpl.run (http://localhost:9876/_karma_webpack_/webpack:/node_modules/zone.js/fesm2015/zone.js:113:43)
[1A[2KERROR: [36m'Failed to initialize SQL.js service:', Error: both async and sync fetching of the wasm failed
Error: both async and sync fetching of the wasm failed
    at Object.Module.onAbort (http://localhost:9876/_karma_webpack_/webpack:/node_modules/sql.js/dist/sql-wasm.js:40:20)
    at Ta (http://localhost:9876/_karma_webpack_/webpack:/node_modules/sql.js/dist/sql-wasm.js:97:376)
    at http://localhost:9876/_karma_webpack_/webpack:/node_modules/sql.js/dist/sql-wasm.js:98:351
    at Generator.throw (<anonymous>)
    at asyncGeneratorStep (http://localhost:9876/_karma_webpack_/webpack:/node_modules/@babel/runtime/helpers/asyncToGenerator.js:3:1)
    at apply (http://localhost:9876/_karma_webpack_/webpack:/node_modules/@babel/runtime/helpers/asyncToGenerator.js:20:1)
    at _ZoneDelegate.invoke (http://localhost:9876/_karma_webpack_/webpack:/node_modules/zone.js/fesm2015/zone.js:398:28)
    at ProxyZoneSpec.onInvoke (http://localhost:9876/_karma_webpack_/webpack:/node_modules/zone.js/fesm2015/zone-testing.js:2132:39)
    at _ZoneDelegate.invoke (http://localhost:9876/_karma_webpack_/webpack:/node_modules/zone.js/fesm2015/zone.js:397:34)
    at Object.onInvoke (http://localhost:9876/_karma_webpack_/webpack:/node_modules/@angular/core/fesm2022/core.mjs:6568:33)[39m
Chrome Headless 137.0.0.0 (Mac OS 10.15.7): Executed 129 of 158[32m SUCCESS[39m (0 secs / 3.336 secs)
ERROR: 'Failed to initialize SQL.js service:', Error: both async and sync fetching of the wasm failed
Error: both async and sync fetching of the wasm failed
    at Object.Module.onAbort (http://localhost:9876/_karma_webpack_/webpack:/node_modules/sql.js/dist/sql-wasm.js:40:20)
    at Ta (http://localhost:9876/_karma_webpack_/webpack:/node_modules/sql.js/dist/sql-wasm.js:97:376)
    at http://localhost:9876/_karma_webpack_/webpack:/node_modules/sql.js/dist/sql-wasm.js:98:351
    at Generator.throw (<anonymous>)
    at asyncGeneratorStep (http://localhost:9876/_karma_webpack_/webpack:/node_modules/@babel/runtime/helpers/asyncToGenerator.js:3:1)
    at apply (http://localhost:9876/_karma_webpack_/webpack:/node_modules/@babel/runtime/helpers/asyncToGenerator.js:20:1)
    at _ZoneDelegate.invoke (http://localhost:9876/_karma_webpack_/webpack:/node_modules/zone.js/fesm2015/zone.js:398:28)
    at ProxyZoneSpec.onInvoke (http://localhost:9876/_karma_webpack_/webpack:/node_modules/zone.js/fesm2015/zone-testing.js:2132:39)
    at _ZoneDelegate.invoke (http://localhost:9876/_karma_webpack_/webpack:/node_modules/zone.js/fesm2015/zone.js:397:34)
    at Object.onInvoke (http://localhost:9876/_karma_webpack_/webpack:/node_modules/@angular/core/fesm2022/core.mjs:6568:33)
[1A[2KERROR: [36m'Failed to initialize SQL.js service:', Error: both async and sync fetching of the wasm failed
Error: both async and sync fetching of the wasm failed
    at Object.Module.onAbort (http://localhost:9876/_karma_webpack_/webpack:/node_modules/sql.js/dist/sql-wasm.js:40:20)
    at Ta (http://localhost:9876/_karma_webpack_/webpack:/node_modules/sql.js/dist/sql-wasm.js:97:376)
    at http://localhost:9876/_karma_webpack_/webpack:/node_modules/sql.js/dist/sql-wasm.js:98:351
    at Generator.throw (<anonymous>)
    at asyncGeneratorStep (http://localhost:9876/_karma_webpack_/webpack:/node_modules/@babel/runtime/helpers/asyncToGenerator.js:3:1)
    at apply (http://localhost:9876/_karma_webpack_/webpack:/node_modules/@babel/runtime/helpers/asyncToGenerator.js:20:1)
    at _ZoneDelegate.invoke (http://localhost:9876/_karma_webpack_/webpack:/node_modules/zone.js/fesm2015/zone.js:398:28)
    at ProxyZoneSpec.onInvoke (http://localhost:9876/_karma_webpack_/webpack:/node_modules/zone.js/fesm2015/zone-testing.js:2132:39)
    at _ZoneDelegate.invoke (http://localhost:9876/_karma_webpack_/webpack:/node_modules/zone.js/fesm2015/zone.js:397:34)
    at Object.onInvoke (http://localhost:9876/_karma_webpack_/webpack:/node_modules/@angular/core/fesm2022/core.mjs:6568:33)[39m
Chrome Headless 137.0.0.0 (Mac OS 10.15.7): Executed 129 of 158[32m SUCCESS[39m (0 secs / 3.336 secs)
ERROR: 'Failed to initialize SQL.js service:', Error: both async and sync fetching of the wasm failed
Error: both async and sync fetching of the wasm failed
    at Object.Module.onAbort (http://localhost:9876/_karma_webpack_/webpack:/node_modules/sql.js/dist/sql-wasm.js:40:20)
    at Ta (http://localhost:9876/_karma_webpack_/webpack:/node_modules/sql.js/dist/sql-wasm.js:97:376)
    at http://localhost:9876/_karma_webpack_/webpack:/node_modules/sql.js/dist/sql-wasm.js:98:351
    at Generator.throw (<anonymous>)
    at asyncGeneratorStep (http://localhost:9876/_karma_webpack_/webpack:/node_modules/@babel/runtime/helpers/asyncToGenerator.js:3:1)
    at apply (http://localhost:9876/_karma_webpack_/webpack:/node_modules/@babel/runtime/helpers/asyncToGenerator.js:20:1)
    at _ZoneDelegate.invoke (http://localhost:9876/_karma_webpack_/webpack:/node_modules/zone.js/fesm2015/zone.js:398:28)
    at ProxyZoneSpec.onInvoke (http://localhost:9876/_karma_webpack_/webpack:/node_modules/zone.js/fesm2015/zone-testing.js:2132:39)
    at _ZoneDelegate.invoke (http://localhost:9876/_karma_webpack_/webpack:/node_modules/zone.js/fesm2015/zone.js:397:34)
    at Object.onInvoke (http://localhost:9876/_karma_webpack_/webpack:/node_modules/@angular/core/fesm2022/core.mjs:6568:33)
[1A[2KERROR: [36m'Failed to initialize SQL.js service:', Error: both async and sync fetching of the wasm failed
Error: both async and sync fetching of the wasm failed
    at Object.Module.onAbort (http://localhost:9876/_karma_webpack_/webpack:/node_modules/sql.js/dist/sql-wasm.js:40:20)
    at Ta (http://localhost:9876/_karma_webpack_/webpack:/node_modules/sql.js/dist/sql-wasm.js:97:376)
    at http://localhost:9876/_karma_webpack_/webpack:/node_modules/sql.js/dist/sql-wasm.js:98:351
    at Generator.throw (<anonymous>)
    at asyncGeneratorStep (http://localhost:9876/_karma_webpack_/webpack:/node_modules/@babel/runtime/helpers/asyncToGenerator.js:3:1)
    at apply (http://localhost:9876/_karma_webpack_/webpack:/node_modules/@babel/runtime/helpers/asyncToGenerator.js:20:1)
    at _ZoneDelegate.invoke (http://localhost:9876/_karma_webpack_/webpack:/node_modules/zone.js/fesm2015/zone.js:398:28)
    at ProxyZoneSpec.onInvoke (http://localhost:9876/_karma_webpack_/webpack:/node_modules/zone.js/fesm2015/zone-testing.js:2132:39)
    at _ZoneDelegate.invoke (http://localhost:9876/_karma_webpack_/webpack:/node_modules/zone.js/fesm2015/zone.js:397:34)
    at Object.onInvoke (http://localhost:9876/_karma_webpack_/webpack:/node_modules/@angular/core/fesm2022/core.mjs:6568:33)[39m
Chrome Headless 137.0.0.0 (Mac OS 10.15.7): Executed 129 of 158[32m SUCCESS[39m (0 secs / 3.336 secs)
ERROR: 'Failed to initialize SQL.js service:', Error: both async and sync fetching of the wasm failed
Error: both async and sync fetching of the wasm failed
    at Object.Module.onAbort (http://localhost:9876/_karma_webpack_/webpack:/node_modules/sql.js/dist/sql-wasm.js:40:20)
    at Ta (http://localhost:9876/_karma_webpack_/webpack:/node_modules/sql.js/dist/sql-wasm.js:97:376)
    at http://localhost:9876/_karma_webpack_/webpack:/node_modules/sql.js/dist/sql-wasm.js:98:351
    at Generator.throw (<anonymous>)
    at asyncGeneratorStep (http://localhost:9876/_karma_webpack_/webpack:/node_modules/@babel/runtime/helpers/asyncToGenerator.js:3:1)
    at apply (http://localhost:9876/_karma_webpack_/webpack:/node_modules/@babel/runtime/helpers/asyncToGenerator.js:20:1)
    at _ZoneDelegate.invoke (http://localhost:9876/_karma_webpack_/webpack:/node_modules/zone.js/fesm2015/zone.js:398:28)
    at ProxyZoneSpec.onInvoke (http://localhost:9876/_karma_webpack_/webpack:/node_modules/zone.js/fesm2015/zone-testing.js:2132:39)
    at _ZoneDelegate.invoke (http://localhost:9876/_karma_webpack_/webpack:/node_modules/zone.js/fesm2015/zone.js:397:34)
    at Object.onInvoke (http://localhost:9876/_karma_webpack_/webpack:/node_modules/@angular/core/fesm2022/core.mjs:6568:33)
[1A[2KERROR: [36m'Failed to initialize SQL.js service:', Error: both async and sync fetching of the wasm failed
Error: both async and sync fetching of the wasm failed
    at Object.Module.onAbort (http://localhost:9876/_karma_webpack_/webpack:/node_modules/sql.js/dist/sql-wasm.js:40:20)
    at Ta (http://localhost:9876/_karma_webpack_/webpack:/node_modules/sql.js/dist/sql-wasm.js:97:376)
    at http://localhost:9876/_karma_webpack_/webpack:/node_modules/sql.js/dist/sql-wasm.js:98:351
    at Generator.throw (<anonymous>)
    at asyncGeneratorStep (http://localhost:9876/_karma_webpack_/webpack:/node_modules/@babel/runtime/helpers/asyncToGenerator.js:3:1)
    at apply (http://localhost:9876/_karma_webpack_/webpack:/node_modules/@babel/runtime/helpers/asyncToGenerator.js:20:1)
    at _ZoneDelegate.invoke (http://localhost:9876/_karma_webpack_/webpack:/node_modules/zone.js/fesm2015/zone.js:398:28)
    at ProxyZoneSpec.onInvoke (http://localhost:9876/_karma_webpack_/webpack:/node_modules/zone.js/fesm2015/zone-testing.js:2132:39)
    at _ZoneDelegate.invoke (http://localhost:9876/_karma_webpack_/webpack:/node_modules/zone.js/fesm2015/zone.js:397:34)
    at Object.onInvoke (http://localhost:9876/_karma_webpack_/webpack:/node_modules/@angular/core/fesm2022/core.mjs:6568:33)[39m
Chrome Headless 137.0.0.0 (Mac OS 10.15.7): Executed 129 of 158[32m SUCCESS[39m (0 secs / 3.336 secs)
ERROR: 'Failed to initialize SQL.js service:', Error: both async and sync fetching of the wasm failed
Error: both async and sync fetching of the wasm failed
    at Object.Module.onAbort (http://localhost:9876/_karma_webpack_/webpack:/node_modules/sql.js/dist/sql-wasm.js:40:20)
    at Ta (http://localhost:9876/_karma_webpack_/webpack:/node_modules/sql.js/dist/sql-wasm.js:97:376)
    at http://localhost:9876/_karma_webpack_/webpack:/node_modules/sql.js/dist/sql-wasm.js:98:351
    at Generator.throw (<anonymous>)
    at asyncGeneratorStep (http://localhost:9876/_karma_webpack_/webpack:/node_modules/@babel/runtime/helpers/asyncToGenerator.js:3:1)
    at apply (http://localhost:9876/_karma_webpack_/webpack:/node_modules/@babel/runtime/helpers/asyncToGenerator.js:20:1)
    at _ZoneDelegate.invoke (http://localhost:9876/_karma_webpack_/webpack:/node_modules/zone.js/fesm2015/zone.js:398:28)
    at ProxyZoneSpec.onInvoke (http://localhost:9876/_karma_webpack_/webpack:/node_modules/zone.js/fesm2015/zone-testing.js:2132:39)
    at _ZoneDelegate.invoke (http://localhost:9876/_karma_webpack_/webpack:/node_modules/zone.js/fesm2015/zone.js:397:34)
    at Object.onInvoke (http://localhost:9876/_karma_webpack_/webpack:/node_modules/@angular/core/fesm2022/core.mjs:6568:33)
[1A[2KERROR: [36m'Failed to initialize SQL.js service:', Error: both async and sync fetching of the wasm failed
Error: both async and sync fetching of the wasm failed
    at Object.Module.onAbort (http://localhost:9876/_karma_webpack_/webpack:/node_modules/sql.js/dist/sql-wasm.js:40:20)
    at Ta (http://localhost:9876/_karma_webpack_/webpack:/node_modules/sql.js/dist/sql-wasm.js:97:376)
    at http://localhost:9876/_karma_webpack_/webpack:/node_modules/sql.js/dist/sql-wasm.js:98:351
    at Generator.throw (<anonymous>)
    at asyncGeneratorStep (http://localhost:9876/_karma_webpack_/webpack:/node_modules/@babel/runtime/helpers/asyncToGenerator.js:3:1)
    at apply (http://localhost:9876/_karma_webpack_/webpack:/node_modules/@babel/runtime/helpers/asyncToGenerator.js:20:1)
    at _ZoneDelegate.invoke (http://localhost:9876/_karma_webpack_/webpack:/node_modules/zone.js/fesm2015/zone.js:398:28)
    at ProxyZoneSpec.onInvoke (http://localhost:9876/_karma_webpack_/webpack:/node_modules/zone.js/fesm2015/zone-testing.js:2132:39)
    at _ZoneDelegate.invoke (http://localhost:9876/_karma_webpack_/webpack:/node_modules/zone.js/fesm2015/zone.js:397:34)
    at Object.onInvoke (http://localhost:9876/_karma_webpack_/webpack:/node_modules/@angular/core/fesm2022/core.mjs:6568:33)[39m
Chrome Headless 137.0.0.0 (Mac OS 10.15.7): Executed 129 of 158[32m SUCCESS[39m (0 secs / 3.336 secs)
ERROR: 'Failed to initialize SQL.js service:', Error: both async and sync fetching of the wasm failed
Error: both async and sync fetching of the wasm failed
    at Object.Module.onAbort (http://localhost:9876/_karma_webpack_/webpack:/node_modules/sql.js/dist/sql-wasm.js:40:20)
    at Ta (http://localhost:9876/_karma_webpack_/webpack:/node_modules/sql.js/dist/sql-wasm.js:97:376)
    at http://localhost:9876/_karma_webpack_/webpack:/node_modules/sql.js/dist/sql-wasm.js:98:351
    at Generator.throw (<anonymous>)
    at asyncGeneratorStep (http://localhost:9876/_karma_webpack_/webpack:/node_modules/@babel/runtime/helpers/asyncToGenerator.js:3:1)
    at apply (http://localhost:9876/_karma_webpack_/webpack:/node_modules/@babel/runtime/helpers/asyncToGenerator.js:20:1)
    at _ZoneDelegate.invoke (http://localhost:9876/_karma_webpack_/webpack:/node_modules/zone.js/fesm2015/zone.js:398:28)
    at ProxyZoneSpec.onInvoke (http://localhost:9876/_karma_webpack_/webpack:/node_modules/zone.js/fesm2015/zone-testing.js:2132:39)
    at _ZoneDelegate.invoke (http://localhost:9876/_karma_webpack_/webpack:/node_modules/zone.js/fesm2015/zone.js:397:34)
    at Object.onInvoke (http://localhost:9876/_karma_webpack_/webpack:/node_modules/@angular/core/fesm2022/core.mjs:6568:33)
[1A[2KERROR: [36m'Failed to initialize SQL.js service:', Error: both async and sync fetching of the wasm failed
Error: both async and sync fetching of the wasm failed
    at Object.Module.onAbort (http://localhost:9876/_karma_webpack_/webpack:/node_modules/sql.js/dist/sql-wasm.js:40:20)
    at Ta (http://localhost:9876/_karma_webpack_/webpack:/node_modules/sql.js/dist/sql-wasm.js:97:376)
    at http://localhost:9876/_karma_webpack_/webpack:/node_modules/sql.js/dist/sql-wasm.js:98:351
    at Generator.throw (<anonymous>)
    at asyncGeneratorStep (http://localhost:9876/_karma_webpack_/webpack:/node_modules/@babel/runtime/helpers/asyncToGenerator.js:3:1)
    at apply (http://localhost:9876/_karma_webpack_/webpack:/node_modules/@babel/runtime/helpers/asyncToGenerator.js:20:1)
    at _ZoneDelegate.invoke (http://localhost:9876/_karma_webpack_/webpack:/node_modules/zone.js/fesm2015/zone.js:398:28)
    at ProxyZoneSpec.onInvoke (http://localhost:9876/_karma_webpack_/webpack:/node_modules/zone.js/fesm2015/zone-testing.js:2132:39)
    at _ZoneDelegate.invoke (http://localhost:9876/_karma_webpack_/webpack:/node_modules/zone.js/fesm2015/zone.js:397:34)
    at Object.onInvoke (http://localhost:9876/_karma_webpack_/webpack:/node_modules/@angular/core/fesm2022/core.mjs:6568:33)[39m
Chrome Headless 137.0.0.0 (Mac OS 10.15.7): Executed 129 of 158[32m SUCCESS[39m (0 secs / 3.336 secs)
ERROR: 'Failed to initialize SQL.js service:', Error: both async and sync fetching of the wasm failed
Error: both async and sync fetching of the wasm failed
    at Object.Module.onAbort (http://localhost:9876/_karma_webpack_/webpack:/node_modules/sql.js/dist/sql-wasm.js:40:20)
    at Ta (http://localhost:9876/_karma_webpack_/webpack:/node_modules/sql.js/dist/sql-wasm.js:97:376)
    at http://localhost:9876/_karma_webpack_/webpack:/node_modules/sql.js/dist/sql-wasm.js:98:351
    at Generator.throw (<anonymous>)
    at asyncGeneratorStep (http://localhost:9876/_karma_webpack_/webpack:/node_modules/@babel/runtime/helpers/asyncToGenerator.js:3:1)
    at apply (http://localhost:9876/_karma_webpack_/webpack:/node_modules/@babel/runtime/helpers/asyncToGenerator.js:20:1)
    at _ZoneDelegate.invoke (http://localhost:9876/_karma_webpack_/webpack:/node_modules/zone.js/fesm2015/zone.js:398:28)
    at ProxyZoneSpec.onInvoke (http://localhost:9876/_karma_webpack_/webpack:/node_modules/zone.js/fesm2015/zone-testing.js:2132:39)
    at _ZoneDelegate.invoke (http://localhost:9876/_karma_webpack_/webpack:/node_modules/zone.js/fesm2015/zone.js:397:34)
    at Object.onInvoke (http://localhost:9876/_karma_webpack_/webpack:/node_modules/@angular/core/fesm2022/core.mjs:6568:33)
[1A[2KChrome Headless 137.0.0.0 (Mac OS 10.15.7): Executed 130 of 158[32m SUCCESS[39m (0 secs / 3.337 secs)
[1A[2KERROR: [36m'Error loading maturity stages:', Error: Database initialization failed
Error: Database initialization failed
    at http://localhost:9876/_karma_webpack_/webpack:/src/app/services/sqljs.service.ts:116:13
    at Generator.throw (<anonymous>)
    at asyncGeneratorStep (http://localhost:9876/_karma_webpack_/webpack:/node_modules/@babel/runtime/helpers/esm/asyncToGenerator.js:3:1)
    at apply (http://localhost:9876/_karma_webpack_/webpack:/node_modules/@babel/runtime/helpers/esm/asyncToGenerator.js:20:1)
    at _ZoneDelegate.invoke (http://localhost:9876/_karma_webpack_/webpack:/node_modules/zone.js/fesm2015/zone.js:398:28)
    at ProxyZoneSpec.onInvoke (http://localhost:9876/_karma_webpack_/webpack:/node_modules/zone.js/fesm2015/zone-testing.js:2132:39)
    at _ZoneDelegate.invoke (http://localhost:9876/_karma_webpack_/webpack:/node_modules/zone.js/fesm2015/zone.js:397:34)
    at Object.onInvoke (http://localhost:9876/_karma_webpack_/webpack:/node_modules/@angular/core/fesm2022/core.mjs:6568:33)
    at _ZoneDelegate.invoke (http://localhost:9876/_karma_webpack_/webpack:/node_modules/zone.js/fesm2015/zone.js:397:34)
    at ZoneImpl.run (http://localhost:9876/_karma_webpack_/webpack:/node_modules/zone.js/fesm2015/zone.js:113:43)[39m
Chrome Headless 137.0.0.0 (Mac OS 10.15.7): Executed 130 of 158[32m SUCCESS[39m (0 secs / 3.337 secs)
ERROR: 'Error loading maturity stages:', Error: Database initialization failed
Error: Database initialization failed
    at http://localhost:9876/_karma_webpack_/webpack:/src/app/services/sqljs.service.ts:116:13
    at Generator.throw (<anonymous>)
    at asyncGeneratorStep (http://localhost:9876/_karma_webpack_/webpack:/node_modules/@babel/runtime/helpers/esm/asyncToGenerator.js:3:1)
    at apply (http://localhost:9876/_karma_webpack_/webpack:/node_modules/@babel/runtime/helpers/esm/asyncToGenerator.js:20:1)
    at _ZoneDelegate.invoke (http://localhost:9876/_karma_webpack_/webpack:/node_modules/zone.js/fesm2015/zone.js:398:28)
    at ProxyZoneSpec.onInvoke (http://localhost:9876/_karma_webpack_/webpack:/node_modules/zone.js/fesm2015/zone-testing.js:2132:39)
    at _ZoneDelegate.invoke (http://localhost:9876/_karma_webpack_/webpack:/node_modules/zone.js/fesm2015/zone.js:397:34)
    at Object.onInvoke (http://localhost:9876/_karma_webpack_/webpack:/node_modules/@angular/core/fesm2022/core.mjs:6568:33)
    at _ZoneDelegate.invoke (http://localhost:9876/_karma_webpack_/webpack:/node_modules/zone.js/fesm2015/zone.js:397:34)
    at ZoneImpl.run (http://localhost:9876/_karma_webpack_/webpack:/node_modules/zone.js/fesm2015/zone.js:113:43)
[1A[2KERROR: [36m'Failed to initialize SQL.js service:', Error: both async and sync fetching of the wasm failed
Error: both async and sync fetching of the wasm failed
    at Object.Module.onAbort (http://localhost:9876/_karma_webpack_/webpack:/node_modules/sql.js/dist/sql-wasm.js:40:20)
    at Ta (http://localhost:9876/_karma_webpack_/webpack:/node_modules/sql.js/dist/sql-wasm.js:97:376)
    at http://localhost:9876/_karma_webpack_/webpack:/node_modules/sql.js/dist/sql-wasm.js:98:351
    at Generator.throw (<anonymous>)
    at asyncGeneratorStep (http://localhost:9876/_karma_webpack_/webpack:/node_modules/@babel/runtime/helpers/asyncToGenerator.js:3:1)
    at apply (http://localhost:9876/_karma_webpack_/webpack:/node_modules/@babel/runtime/helpers/asyncToGenerator.js:20:1)
    at _ZoneDelegate.invoke (http://localhost:9876/_karma_webpack_/webpack:/node_modules/zone.js/fesm2015/zone.js:398:28)
    at ProxyZoneSpec.onInvoke (http://localhost:9876/_karma_webpack_/webpack:/node_modules/zone.js/fesm2015/zone-testing.js:2132:39)
    at _ZoneDelegate.invoke (http://localhost:9876/_karma_webpack_/webpack:/node_modules/zone.js/fesm2015/zone.js:397:34)
    at Object.onInvoke (http://localhost:9876/_karma_webpack_/webpack:/node_modules/@angular/core/fesm2022/core.mjs:6568:33)[39m
Chrome Headless 137.0.0.0 (Mac OS 10.15.7): Executed 130 of 158[32m SUCCESS[39m (0 secs / 3.337 secs)
ERROR: 'Failed to initialize SQL.js service:', Error: both async and sync fetching of the wasm failed
Error: both async and sync fetching of the wasm failed
    at Object.Module.onAbort (http://localhost:9876/_karma_webpack_/webpack:/node_modules/sql.js/dist/sql-wasm.js:40:20)
    at Ta (http://localhost:9876/_karma_webpack_/webpack:/node_modules/sql.js/dist/sql-wasm.js:97:376)
    at http://localhost:9876/_karma_webpack_/webpack:/node_modules/sql.js/dist/sql-wasm.js:98:351
    at Generator.throw (<anonymous>)
    at asyncGeneratorStep (http://localhost:9876/_karma_webpack_/webpack:/node_modules/@babel/runtime/helpers/asyncToGenerator.js:3:1)
    at apply (http://localhost:9876/_karma_webpack_/webpack:/node_modules/@babel/runtime/helpers/asyncToGenerator.js:20:1)
    at _ZoneDelegate.invoke (http://localhost:9876/_karma_webpack_/webpack:/node_modules/zone.js/fesm2015/zone.js:398:28)
    at ProxyZoneSpec.onInvoke (http://localhost:9876/_karma_webpack_/webpack:/node_modules/zone.js/fesm2015/zone-testing.js:2132:39)
    at _ZoneDelegate.invoke (http://localhost:9876/_karma_webpack_/webpack:/node_modules/zone.js/fesm2015/zone.js:397:34)
    at Object.onInvoke (http://localhost:9876/_karma_webpack_/webpack:/node_modules/@angular/core/fesm2022/core.mjs:6568:33)
[1A[2KERROR: [36m'Error getting data statistics:', Error: Database initialization failed
Error: Database initialization failed
    at http://localhost:9876/_karma_webpack_/webpack:/src/app/services/sqljs.service.ts:116:13
    at Generator.throw (<anonymous>)
    at asyncGeneratorStep (http://localhost:9876/_karma_webpack_/webpack:/node_modules/@babel/runtime/helpers/esm/asyncToGenerator.js:3:1)
    at apply (http://localhost:9876/_karma_webpack_/webpack:/node_modules/@babel/runtime/helpers/esm/asyncToGenerator.js:20:1)
    at _ZoneDelegate.invoke (http://localhost:9876/_karma_webpack_/webpack:/node_modules/zone.js/fesm2015/zone.js:398:28)
    at ProxyZoneSpec.onInvoke (http://localhost:9876/_karma_webpack_/webpack:/node_modules/zone.js/fesm2015/zone-testing.js:2132:39)
    at _ZoneDelegate.invoke (http://localhost:9876/_karma_webpack_/webpack:/node_modules/zone.js/fesm2015/zone.js:397:34)
    at Object.onInvoke (http://localhost:9876/_karma_webpack_/webpack:/node_modules/@angular/core/fesm2022/core.mjs:6568:33)
    at _ZoneDelegate.invoke (http://localhost:9876/_karma_webpack_/webpack:/node_modules/zone.js/fesm2015/zone.js:397:34)
    at ZoneImpl.run (http://localhost:9876/_karma_webpack_/webpack:/node_modules/zone.js/fesm2015/zone.js:113:43)[39m
Chrome Headless 137.0.0.0 (Mac OS 10.15.7): Executed 130 of 158[32m SUCCESS[39m (0 secs / 3.337 secs)
ERROR: 'Error getting data statistics:', Error: Database initialization failed
Error: Database initialization failed
    at http://localhost:9876/_karma_webpack_/webpack:/src/app/services/sqljs.service.ts:116:13
    at Generator.throw (<anonymous>)
    at asyncGeneratorStep (http://localhost:9876/_karma_webpack_/webpack:/node_modules/@babel/runtime/helpers/esm/asyncToGenerator.js:3:1)
    at apply (http://localhost:9876/_karma_webpack_/webpack:/node_modules/@babel/runtime/helpers/esm/asyncToGenerator.js:20:1)
    at _ZoneDelegate.invoke (http://localhost:9876/_karma_webpack_/webpack:/node_modules/zone.js/fesm2015/zone.js:398:28)
    at ProxyZoneSpec.onInvoke (http://localhost:9876/_karma_webpack_/webpack:/node_modules/zone.js/fesm2015/zone-testing.js:2132:39)
    at _ZoneDelegate.invoke (http://localhost:9876/_karma_webpack_/webpack:/node_modules/zone.js/fesm2015/zone.js:397:34)
    at Object.onInvoke (http://localhost:9876/_karma_webpack_/webpack:/node_modules/@angular/core/fesm2022/core.mjs:6568:33)
    at _ZoneDelegate.invoke (http://localhost:9876/_karma_webpack_/webpack:/node_modules/zone.js/fesm2015/zone.js:397:34)
    at ZoneImpl.run (http://localhost:9876/_karma_webpack_/webpack:/node_modules/zone.js/fesm2015/zone.js:113:43)
[1A[2KERROR: [36m'Error loading pillars:', Error: Database initialization failed
Error: Database initialization failed
    at http://localhost:9876/_karma_webpack_/webpack:/src/app/services/sqljs.service.ts:116:13
    at Generator.throw (<anonymous>)
    at asyncGeneratorStep (http://localhost:9876/_karma_webpack_/webpack:/node_modules/@babel/runtime/helpers/esm/asyncToGenerator.js:3:1)
    at apply (http://localhost:9876/_karma_webpack_/webpack:/node_modules/@babel/runtime/helpers/esm/asyncToGenerator.js:20:1)
    at _ZoneDelegate.invoke (http://localhost:9876/_karma_webpack_/webpack:/node_modules/zone.js/fesm2015/zone.js:398:28)
    at ProxyZoneSpec.onInvoke (http://localhost:9876/_karma_webpack_/webpack:/node_modules/zone.js/fesm2015/zone-testing.js:2132:39)
    at _ZoneDelegate.invoke (http://localhost:9876/_karma_webpack_/webpack:/node_modules/zone.js/fesm2015/zone.js:397:34)
    at Object.onInvoke (http://localhost:9876/_karma_webpack_/webpack:/node_modules/@angular/core/fesm2022/core.mjs:6568:33)
    at _ZoneDelegate.invoke (http://localhost:9876/_karma_webpack_/webpack:/node_modules/zone.js/fesm2015/zone.js:397:34)
    at ZoneImpl.run (http://localhost:9876/_karma_webpack_/webpack:/node_modules/zone.js/fesm2015/zone.js:113:43)[39m
Chrome Headless 137.0.0.0 (Mac OS 10.15.7): Executed 130 of 158[32m SUCCESS[39m (0 secs / 3.337 secs)
ERROR: 'Error loading pillars:', Error: Database initialization failed
Error: Database initialization failed
    at http://localhost:9876/_karma_webpack_/webpack:/src/app/services/sqljs.service.ts:116:13
    at Generator.throw (<anonymous>)
    at asyncGeneratorStep (http://localhost:9876/_karma_webpack_/webpack:/node_modules/@babel/runtime/helpers/esm/asyncToGenerator.js:3:1)
    at apply (http://localhost:9876/_karma_webpack_/webpack:/node_modules/@babel/runtime/helpers/esm/asyncToGenerator.js:20:1)
    at _ZoneDelegate.invoke (http://localhost:9876/_karma_webpack_/webpack:/node_modules/zone.js/fesm2015/zone.js:398:28)
    at ProxyZoneSpec.onInvoke (http://localhost:9876/_karma_webpack_/webpack:/node_modules/zone.js/fesm2015/zone-testing.js:2132:39)
    at _ZoneDelegate.invoke (http://localhost:9876/_karma_webpack_/webpack:/node_modules/zone.js/fesm2015/zone.js:397:34)
    at Object.onInvoke (http://localhost:9876/_karma_webpack_/webpack:/node_modules/@angular/core/fesm2022/core.mjs:6568:33)
    at _ZoneDelegate.invoke (http://localhost:9876/_karma_webpack_/webpack:/node_modules/zone.js/fesm2015/zone.js:397:34)
    at ZoneImpl.run (http://localhost:9876/_karma_webpack_/webpack:/node_modules/zone.js/fesm2015/zone.js:113:43)
[1A[2KERROR: [36m'Failed to initialize SQL.js service:', Error: both async and sync fetching of the wasm failed
Error: both async and sync fetching of the wasm failed
    at Object.Module.onAbort (http://localhost:9876/_karma_webpack_/webpack:/node_modules/sql.js/dist/sql-wasm.js:40:20)
    at Ta (http://localhost:9876/_karma_webpack_/webpack:/node_modules/sql.js/dist/sql-wasm.js:97:376)
    at http://localhost:9876/_karma_webpack_/webpack:/node_modules/sql.js/dist/sql-wasm.js:98:351
    at Generator.throw (<anonymous>)
    at asyncGeneratorStep (http://localhost:9876/_karma_webpack_/webpack:/node_modules/@babel/runtime/helpers/asyncToGenerator.js:3:1)
    at apply (http://localhost:9876/_karma_webpack_/webpack:/node_modules/@babel/runtime/helpers/asyncToGenerator.js:20:1)
    at _ZoneDelegate.invoke (http://localhost:9876/_karma_webpack_/webpack:/node_modules/zone.js/fesm2015/zone.js:398:28)
    at ProxyZoneSpec.onInvoke (http://localhost:9876/_karma_webpack_/webpack:/node_modules/zone.js/fesm2015/zone-testing.js:2132:39)
    at _ZoneDelegate.invoke (http://localhost:9876/_karma_webpack_/webpack:/node_modules/zone.js/fesm2015/zone.js:397:34)
    at Object.onInvoke (http://localhost:9876/_karma_webpack_/webpack:/node_modules/@angular/core/fesm2022/core.mjs:6568:33)[39m
Chrome Headless 137.0.0.0 (Mac OS 10.15.7): Executed 130 of 158[32m SUCCESS[39m (0 secs / 3.337 secs)
ERROR: 'Failed to initialize SQL.js service:', Error: both async and sync fetching of the wasm failed
Error: both async and sync fetching of the wasm failed
    at Object.Module.onAbort (http://localhost:9876/_karma_webpack_/webpack:/node_modules/sql.js/dist/sql-wasm.js:40:20)
    at Ta (http://localhost:9876/_karma_webpack_/webpack:/node_modules/sql.js/dist/sql-wasm.js:97:376)
    at http://localhost:9876/_karma_webpack_/webpack:/node_modules/sql.js/dist/sql-wasm.js:98:351
    at Generator.throw (<anonymous>)
    at asyncGeneratorStep (http://localhost:9876/_karma_webpack_/webpack:/node_modules/@babel/runtime/helpers/asyncToGenerator.js:3:1)
    at apply (http://localhost:9876/_karma_webpack_/webpack:/node_modules/@babel/runtime/helpers/asyncToGenerator.js:20:1)
    at _ZoneDelegate.invoke (http://localhost:9876/_karma_webpack_/webpack:/node_modules/zone.js/fesm2015/zone.js:398:28)
    at ProxyZoneSpec.onInvoke (http://localhost:9876/_karma_webpack_/webpack:/node_modules/zone.js/fesm2015/zone-testing.js:2132:39)
    at _ZoneDelegate.invoke (http://localhost:9876/_karma_webpack_/webpack:/node_modules/zone.js/fesm2015/zone.js:397:34)
    at Object.onInvoke (http://localhost:9876/_karma_webpack_/webpack:/node_modules/@angular/core/fesm2022/core.mjs:6568:33)
[1A[2KERROR: [36m'Error loading function capabilities:', Error: Database initialization failed
Error: Database initialization failed
    at http://localhost:9876/_karma_webpack_/webpack:/src/app/services/sqljs.service.ts:116:13
    at Generator.throw (<anonymous>)
    at asyncGeneratorStep (http://localhost:9876/_karma_webpack_/webpack:/node_modules/@babel/runtime/helpers/esm/asyncToGenerator.js:3:1)
    at apply (http://localhost:9876/_karma_webpack_/webpack:/node_modules/@babel/runtime/helpers/esm/asyncToGenerator.js:20:1)
    at _ZoneDelegate.invoke (http://localhost:9876/_karma_webpack_/webpack:/node_modules/zone.js/fesm2015/zone.js:398:28)
    at ProxyZoneSpec.onInvoke (http://localhost:9876/_karma_webpack_/webpack:/node_modules/zone.js/fesm2015/zone-testing.js:2132:39)
    at _ZoneDelegate.invoke (http://localhost:9876/_karma_webpack_/webpack:/node_modules/zone.js/fesm2015/zone.js:397:34)
    at Object.onInvoke (http://localhost:9876/_karma_webpack_/webpack:/node_modules/@angular/core/fesm2022/core.mjs:6568:33)
    at _ZoneDelegate.invoke (http://localhost:9876/_karma_webpack_/webpack:/node_modules/zone.js/fesm2015/zone.js:397:34)
    at ZoneImpl.run (http://localhost:9876/_karma_webpack_/webpack:/node_modules/zone.js/fesm2015/zone.js:113:43)[39m
Chrome Headless 137.0.0.0 (Mac OS 10.15.7): Executed 130 of 158[32m SUCCESS[39m (0 secs / 3.337 secs)
ERROR: 'Error loading function capabilities:', Error: Database initialization failed
Error: Database initialization failed
    at http://localhost:9876/_karma_webpack_/webpack:/src/app/services/sqljs.service.ts:116:13
    at Generator.throw (<anonymous>)
    at asyncGeneratorStep (http://localhost:9876/_karma_webpack_/webpack:/node_modules/@babel/runtime/helpers/esm/asyncToGenerator.js:3:1)
    at apply (http://localhost:9876/_karma_webpack_/webpack:/node_modules/@babel/runtime/helpers/esm/asyncToGenerator.js:20:1)
    at _ZoneDelegate.invoke (http://localhost:9876/_karma_webpack_/webpack:/node_modules/zone.js/fesm2015/zone.js:398:28)
    at ProxyZoneSpec.onInvoke (http://localhost:9876/_karma_webpack_/webpack:/node_modules/zone.js/fesm2015/zone-testing.js:2132:39)
    at _ZoneDelegate.invoke (http://localhost:9876/_karma_webpack_/webpack:/node_modules/zone.js/fesm2015/zone.js:397:34)
    at Object.onInvoke (http://localhost:9876/_karma_webpack_/webpack:/node_modules/@angular/core/fesm2022/core.mjs:6568:33)
    at _ZoneDelegate.invoke (http://localhost:9876/_karma_webpack_/webpack:/node_modules/zone.js/fesm2015/zone.js:397:34)
    at ZoneImpl.run (http://localhost:9876/_karma_webpack_/webpack:/node_modules/zone.js/fesm2015/zone.js:113:43)
[1A[2KChrome Headless 137.0.0.0 (Mac OS 10.15.7): Executed 131 of 158[32m SUCCESS[39m (0 secs / 3.337 secs)
[1A[2KChrome Headless 137.0.0.0 (Mac OS 10.15.7): Executed 132 of 158[32m SUCCESS[39m (0 secs / 3.338 secs)
[1A[2KERROR: [36m'Failed to initialize SQL.js service:', Error: both async and sync fetching of the wasm failed
Error: both async and sync fetching of the wasm failed
    at Object.Module.onAbort (http://localhost:9876/_karma_webpack_/webpack:/node_modules/sql.js/dist/sql-wasm.js:40:20)
    at Ta (http://localhost:9876/_karma_webpack_/webpack:/node_modules/sql.js/dist/sql-wasm.js:97:376)
    at http://localhost:9876/_karma_webpack_/webpack:/node_modules/sql.js/dist/sql-wasm.js:98:351
    at Generator.throw (<anonymous>)
    at asyncGeneratorStep (http://localhost:9876/_karma_webpack_/webpack:/node_modules/@babel/runtime/helpers/asyncToGenerator.js:3:1)
    at apply (http://localhost:9876/_karma_webpack_/webpack:/node_modules/@babel/runtime/helpers/asyncToGenerator.js:20:1)
    at _ZoneDelegate.invoke (http://localhost:9876/_karma_webpack_/webpack:/node_modules/zone.js/fesm2015/zone.js:398:28)
    at ProxyZoneSpec.onInvoke (http://localhost:9876/_karma_webpack_/webpack:/node_modules/zone.js/fesm2015/zone-testing.js:2132:39)
    at _ZoneDelegate.invoke (http://localhost:9876/_karma_webpack_/webpack:/node_modules/zone.js/fesm2015/zone.js:397:34)
    at Object.onInvoke (http://localhost:9876/_karma_webpack_/webpack:/node_modules/@angular/core/fesm2022/core.mjs:6568:33)[39m
Chrome Headless 137.0.0.0 (Mac OS 10.15.7): Executed 132 of 158[32m SUCCESS[39m (0 secs / 3.338 secs)
ERROR: 'Failed to initialize SQL.js service:', Error: both async and sync fetching of the wasm failed
Error: both async and sync fetching of the wasm failed
    at Object.Module.onAbort (http://localhost:9876/_karma_webpack_/webpack:/node_modules/sql.js/dist/sql-wasm.js:40:20)
    at Ta (http://localhost:9876/_karma_webpack_/webpack:/node_modules/sql.js/dist/sql-wasm.js:97:376)
    at http://localhost:9876/_karma_webpack_/webpack:/node_modules/sql.js/dist/sql-wasm.js:98:351
    at Generator.throw (<anonymous>)
    at asyncGeneratorStep (http://localhost:9876/_karma_webpack_/webpack:/node_modules/@babel/runtime/helpers/asyncToGenerator.js:3:1)
    at apply (http://localhost:9876/_karma_webpack_/webpack:/node_modules/@babel/runtime/helpers/asyncToGenerator.js:20:1)
    at _ZoneDelegate.invoke (http://localhost:9876/_karma_webpack_/webpack:/node_modules/zone.js/fesm2015/zone.js:398:28)
    at ProxyZoneSpec.onInvoke (http://localhost:9876/_karma_webpack_/webpack:/node_modules/zone.js/fesm2015/zone-testing.js:2132:39)
    at _ZoneDelegate.invoke (http://localhost:9876/_karma_webpack_/webpack:/node_modules/zone.js/fesm2015/zone.js:397:34)
    at Object.onInvoke (http://localhost:9876/_karma_webpack_/webpack:/node_modules/@angular/core/fesm2022/core.mjs:6568:33)
[1A[2KERROR: [36m'Failed to initialize SQL.js service:', Error: both async and sync fetching of the wasm failed
Error: both async and sync fetching of the wasm failed
    at Object.Module.onAbort (http://localhost:9876/_karma_webpack_/webpack:/node_modules/sql.js/dist/sql-wasm.js:40:20)
    at Ta (http://localhost:9876/_karma_webpack_/webpack:/node_modules/sql.js/dist/sql-wasm.js:97:376)
    at http://localhost:9876/_karma_webpack_/webpack:/node_modules/sql.js/dist/sql-wasm.js:98:351
    at Generator.throw (<anonymous>)
    at asyncGeneratorStep (http://localhost:9876/_karma_webpack_/webpack:/node_modules/@babel/runtime/helpers/asyncToGenerator.js:3:1)
    at apply (http://localhost:9876/_karma_webpack_/webpack:/node_modules/@babel/runtime/helpers/asyncToGenerator.js:20:1)
    at _ZoneDelegate.invoke (http://localhost:9876/_karma_webpack_/webpack:/node_modules/zone.js/fesm2015/zone.js:398:28)
    at ProxyZoneSpec.onInvoke (http://localhost:9876/_karma_webpack_/webpack:/node_modules/zone.js/fesm2015/zone-testing.js:2132:39)
    at _ZoneDelegate.invoke (http://localhost:9876/_karma_webpack_/webpack:/node_modules/zone.js/fesm2015/zone.js:397:34)
    at Object.onInvoke (http://localhost:9876/_karma_webpack_/webpack:/node_modules/@angular/core/fesm2022/core.mjs:6568:33)[39m
Chrome Headless 137.0.0.0 (Mac OS 10.15.7): Executed 132 of 158[32m SUCCESS[39m (0 secs / 3.338 secs)
ERROR: 'Failed to initialize SQL.js service:', Error: both async and sync fetching of the wasm failed
Error: both async and sync fetching of the wasm failed
    at Object.Module.onAbort (http://localhost:9876/_karma_webpack_/webpack:/node_modules/sql.js/dist/sql-wasm.js:40:20)
    at Ta (http://localhost:9876/_karma_webpack_/webpack:/node_modules/sql.js/dist/sql-wasm.js:97:376)
    at http://localhost:9876/_karma_webpack_/webpack:/node_modules/sql.js/dist/sql-wasm.js:98:351
    at Generator.throw (<anonymous>)
    at asyncGeneratorStep (http://localhost:9876/_karma_webpack_/webpack:/node_modules/@babel/runtime/helpers/asyncToGenerator.js:3:1)
    at apply (http://localhost:9876/_karma_webpack_/webpack:/node_modules/@babel/runtime/helpers/asyncToGenerator.js:20:1)
    at _ZoneDelegate.invoke (http://localhost:9876/_karma_webpack_/webpack:/node_modules/zone.js/fesm2015/zone.js:398:28)
    at ProxyZoneSpec.onInvoke (http://localhost:9876/_karma_webpack_/webpack:/node_modules/zone.js/fesm2015/zone-testing.js:2132:39)
    at _ZoneDelegate.invoke (http://localhost:9876/_karma_webpack_/webpack:/node_modules/zone.js/fesm2015/zone.js:397:34)
    at Object.onInvoke (http://localhost:9876/_karma_webpack_/webpack:/node_modules/@angular/core/fesm2022/core.mjs:6568:33)
[1A[2KERROR: [36m'Failed to initialize SQL.js service:', Error: both async and sync fetching of the wasm failed
Error: both async and sync fetching of the wasm failed
    at Object.Module.onAbort (http://localhost:9876/_karma_webpack_/webpack:/node_modules/sql.js/dist/sql-wasm.js:40:20)
    at Ta (http://localhost:9876/_karma_webpack_/webpack:/node_modules/sql.js/dist/sql-wasm.js:97:376)
    at http://localhost:9876/_karma_webpack_/webpack:/node_modules/sql.js/dist/sql-wasm.js:98:351
    at Generator.throw (<anonymous>)
    at asyncGeneratorStep (http://localhost:9876/_karma_webpack_/webpack:/node_modules/@babel/runtime/helpers/asyncToGenerator.js:3:1)
    at apply (http://localhost:9876/_karma_webpack_/webpack:/node_modules/@babel/runtime/helpers/asyncToGenerator.js:20:1)
    at _ZoneDelegate.invoke (http://localhost:9876/_karma_webpack_/webpack:/node_modules/zone.js/fesm2015/zone.js:398:28)
    at ProxyZoneSpec.onInvoke (http://localhost:9876/_karma_webpack_/webpack:/node_modules/zone.js/fesm2015/zone-testing.js:2132:39)
    at _ZoneDelegate.invoke (http://localhost:9876/_karma_webpack_/webpack:/node_modules/zone.js/fesm2015/zone.js:397:34)
    at Object.onInvoke (http://localhost:9876/_karma_webpack_/webpack:/node_modules/@angular/core/fesm2022/core.mjs:6568:33)[39m
Chrome Headless 137.0.0.0 (Mac OS 10.15.7): Executed 132 of 158[32m SUCCESS[39m (0 secs / 3.338 secs)
ERROR: 'Failed to initialize SQL.js service:', Error: both async and sync fetching of the wasm failed
Error: both async and sync fetching of the wasm failed
    at Object.Module.onAbort (http://localhost:9876/_karma_webpack_/webpack:/node_modules/sql.js/dist/sql-wasm.js:40:20)
    at Ta (http://localhost:9876/_karma_webpack_/webpack:/node_modules/sql.js/dist/sql-wasm.js:97:376)
    at http://localhost:9876/_karma_webpack_/webpack:/node_modules/sql.js/dist/sql-wasm.js:98:351
    at Generator.throw (<anonymous>)
    at asyncGeneratorStep (http://localhost:9876/_karma_webpack_/webpack:/node_modules/@babel/runtime/helpers/asyncToGenerator.js:3:1)
    at apply (http://localhost:9876/_karma_webpack_/webpack:/node_modules/@babel/runtime/helpers/asyncToGenerator.js:20:1)
    at _ZoneDelegate.invoke (http://localhost:9876/_karma_webpack_/webpack:/node_modules/zone.js/fesm2015/zone.js:398:28)
    at ProxyZoneSpec.onInvoke (http://localhost:9876/_karma_webpack_/webpack:/node_modules/zone.js/fesm2015/zone-testing.js:2132:39)
    at _ZoneDelegate.invoke (http://localhost:9876/_karma_webpack_/webpack:/node_modules/zone.js/fesm2015/zone.js:397:34)
    at Object.onInvoke (http://localhost:9876/_karma_webpack_/webpack:/node_modules/@angular/core/fesm2022/core.mjs:6568:33)
[1A[2KERROR: [36m'Failed to initialize SQL.js service:', Error: both async and sync fetching of the wasm failed
Error: both async and sync fetching of the wasm failed
    at Object.Module.onAbort (http://localhost:9876/_karma_webpack_/webpack:/node_modules/sql.js/dist/sql-wasm.js:40:20)
    at Ta (http://localhost:9876/_karma_webpack_/webpack:/node_modules/sql.js/dist/sql-wasm.js:97:376)
    at http://localhost:9876/_karma_webpack_/webpack:/node_modules/sql.js/dist/sql-wasm.js:98:351
    at Generator.throw (<anonymous>)
    at asyncGeneratorStep (http://localhost:9876/_karma_webpack_/webpack:/node_modules/@babel/runtime/helpers/asyncToGenerator.js:3:1)
    at apply (http://localhost:9876/_karma_webpack_/webpack:/node_modules/@babel/runtime/helpers/asyncToGenerator.js:20:1)
    at _ZoneDelegate.invoke (http://localhost:9876/_karma_webpack_/webpack:/node_modules/zone.js/fesm2015/zone.js:398:28)
    at ProxyZoneSpec.onInvoke (http://localhost:9876/_karma_webpack_/webpack:/node_modules/zone.js/fesm2015/zone-testing.js:2132:39)
    at _ZoneDelegate.invoke (http://localhost:9876/_karma_webpack_/webpack:/node_modules/zone.js/fesm2015/zone.js:397:34)
    at Object.onInvoke (http://localhost:9876/_karma_webpack_/webpack:/node_modules/@angular/core/fesm2022/core.mjs:6568:33)[39m
Chrome Headless 137.0.0.0 (Mac OS 10.15.7): Executed 132 of 158[32m SUCCESS[39m (0 secs / 3.338 secs)
ERROR: 'Failed to initialize SQL.js service:', Error: both async and sync fetching of the wasm failed
Error: both async and sync fetching of the wasm failed
    at Object.Module.onAbort (http://localhost:9876/_karma_webpack_/webpack:/node_modules/sql.js/dist/sql-wasm.js:40:20)
    at Ta (http://localhost:9876/_karma_webpack_/webpack:/node_modules/sql.js/dist/sql-wasm.js:97:376)
    at http://localhost:9876/_karma_webpack_/webpack:/node_modules/sql.js/dist/sql-wasm.js:98:351
    at Generator.throw (<anonymous>)
    at asyncGeneratorStep (http://localhost:9876/_karma_webpack_/webpack:/node_modules/@babel/runtime/helpers/asyncToGenerator.js:3:1)
    at apply (http://localhost:9876/_karma_webpack_/webpack:/node_modules/@babel/runtime/helpers/asyncToGenerator.js:20:1)
    at _ZoneDelegate.invoke (http://localhost:9876/_karma_webpack_/webpack:/node_modules/zone.js/fesm2015/zone.js:398:28)
    at ProxyZoneSpec.onInvoke (http://localhost:9876/_karma_webpack_/webpack:/node_modules/zone.js/fesm2015/zone-testing.js:2132:39)
    at _ZoneDelegate.invoke (http://localhost:9876/_karma_webpack_/webpack:/node_modules/zone.js/fesm2015/zone.js:397:34)
    at Object.onInvoke (http://localhost:9876/_karma_webpack_/webpack:/node_modules/@angular/core/fesm2022/core.mjs:6568:33)
[1A[2KERROR: [36m'Failed to initialize SQL.js service:', Error: both async and sync fetching of the wasm failed
Error: both async and sync fetching of the wasm failed
    at Object.Module.onAbort (http://localhost:9876/_karma_webpack_/webpack:/node_modules/sql.js/dist/sql-wasm.js:40:20)
    at Ta (http://localhost:9876/_karma_webpack_/webpack:/node_modules/sql.js/dist/sql-wasm.js:97:376)
    at http://localhost:9876/_karma_webpack_/webpack:/node_modules/sql.js/dist/sql-wasm.js:98:351
    at Generator.throw (<anonymous>)
    at asyncGeneratorStep (http://localhost:9876/_karma_webpack_/webpack:/node_modules/@babel/runtime/helpers/asyncToGenerator.js:3:1)
    at apply (http://localhost:9876/_karma_webpack_/webpack:/node_modules/@babel/runtime/helpers/asyncToGenerator.js:20:1)
    at _ZoneDelegate.invoke (http://localhost:9876/_karma_webpack_/webpack:/node_modules/zone.js/fesm2015/zone.js:398:28)
    at ProxyZoneSpec.onInvoke (http://localhost:9876/_karma_webpack_/webpack:/node_modules/zone.js/fesm2015/zone-testing.js:2132:39)
    at _ZoneDelegate.invoke (http://localhost:9876/_karma_webpack_/webpack:/node_modules/zone.js/fesm2015/zone.js:397:34)
    at Object.onInvoke (http://localhost:9876/_karma_webpack_/webpack:/node_modules/@angular/core/fesm2022/core.mjs:6568:33)[39m
Chrome Headless 137.0.0.0 (Mac OS 10.15.7): Executed 132 of 158[32m SUCCESS[39m (0 secs / 3.338 secs)
ERROR: 'Failed to initialize SQL.js service:', Error: both async and sync fetching of the wasm failed
Error: both async and sync fetching of the wasm failed
    at Object.Module.onAbort (http://localhost:9876/_karma_webpack_/webpack:/node_modules/sql.js/dist/sql-wasm.js:40:20)
    at Ta (http://localhost:9876/_karma_webpack_/webpack:/node_modules/sql.js/dist/sql-wasm.js:97:376)
    at http://localhost:9876/_karma_webpack_/webpack:/node_modules/sql.js/dist/sql-wasm.js:98:351
    at Generator.throw (<anonymous>)
    at asyncGeneratorStep (http://localhost:9876/_karma_webpack_/webpack:/node_modules/@babel/runtime/helpers/asyncToGenerator.js:3:1)
    at apply (http://localhost:9876/_karma_webpack_/webpack:/node_modules/@babel/runtime/helpers/asyncToGenerator.js:20:1)
    at _ZoneDelegate.invoke (http://localhost:9876/_karma_webpack_/webpack:/node_modules/zone.js/fesm2015/zone.js:398:28)
    at ProxyZoneSpec.onInvoke (http://localhost:9876/_karma_webpack_/webpack:/node_modules/zone.js/fesm2015/zone-testing.js:2132:39)
    at _ZoneDelegate.invoke (http://localhost:9876/_karma_webpack_/webpack:/node_modules/zone.js/fesm2015/zone.js:397:34)
    at Object.onInvoke (http://localhost:9876/_karma_webpack_/webpack:/node_modules/@angular/core/fesm2022/core.mjs:6568:33)
[1A[2KERROR: [36m'Failed to initialize SQL.js service:', Error: both async and sync fetching of the wasm failed
Error: both async and sync fetching of the wasm failed
    at Object.Module.onAbort (http://localhost:9876/_karma_webpack_/webpack:/node_modules/sql.js/dist/sql-wasm.js:40:20)
    at Ta (http://localhost:9876/_karma_webpack_/webpack:/node_modules/sql.js/dist/sql-wasm.js:97:376)
    at http://localhost:9876/_karma_webpack_/webpack:/node_modules/sql.js/dist/sql-wasm.js:98:351
    at Generator.throw (<anonymous>)
    at asyncGeneratorStep (http://localhost:9876/_karma_webpack_/webpack:/node_modules/@babel/runtime/helpers/asyncToGenerator.js:3:1)
    at apply (http://localhost:9876/_karma_webpack_/webpack:/node_modules/@babel/runtime/helpers/asyncToGenerator.js:20:1)
    at _ZoneDelegate.invoke (http://localhost:9876/_karma_webpack_/webpack:/node_modules/zone.js/fesm2015/zone.js:398:28)
    at ProxyZoneSpec.onInvoke (http://localhost:9876/_karma_webpack_/webpack:/node_modules/zone.js/fesm2015/zone-testing.js:2132:39)
    at _ZoneDelegate.invoke (http://localhost:9876/_karma_webpack_/webpack:/node_modules/zone.js/fesm2015/zone.js:397:34)
    at Object.onInvoke (http://localhost:9876/_karma_webpack_/webpack:/node_modules/@angular/core/fesm2022/core.mjs:6568:33)[39m
Chrome Headless 137.0.0.0 (Mac OS 10.15.7): Executed 132 of 158[32m SUCCESS[39m (0 secs / 3.338 secs)
ERROR: 'Failed to initialize SQL.js service:', Error: both async and sync fetching of the wasm failed
Error: both async and sync fetching of the wasm failed
    at Object.Module.onAbort (http://localhost:9876/_karma_webpack_/webpack:/node_modules/sql.js/dist/sql-wasm.js:40:20)
    at Ta (http://localhost:9876/_karma_webpack_/webpack:/node_modules/sql.js/dist/sql-wasm.js:97:376)
    at http://localhost:9876/_karma_webpack_/webpack:/node_modules/sql.js/dist/sql-wasm.js:98:351
    at Generator.throw (<anonymous>)
    at asyncGeneratorStep (http://localhost:9876/_karma_webpack_/webpack:/node_modules/@babel/runtime/helpers/asyncToGenerator.js:3:1)
    at apply (http://localhost:9876/_karma_webpack_/webpack:/node_modules/@babel/runtime/helpers/asyncToGenerator.js:20:1)
    at _ZoneDelegate.invoke (http://localhost:9876/_karma_webpack_/webpack:/node_modules/zone.js/fesm2015/zone.js:398:28)
    at ProxyZoneSpec.onInvoke (http://localhost:9876/_karma_webpack_/webpack:/node_modules/zone.js/fesm2015/zone-testing.js:2132:39)
    at _ZoneDelegate.invoke (http://localhost:9876/_karma_webpack_/webpack:/node_modules/zone.js/fesm2015/zone.js:397:34)
    at Object.onInvoke (http://localhost:9876/_karma_webpack_/webpack:/node_modules/@angular/core/fesm2022/core.mjs:6568:33)
[1A[2KERROR: [36m'Error loading maturity stages:', Error: Database initialization failed
Error: Database initialization failed
    at http://localhost:9876/_karma_webpack_/webpack:/src/app/services/sqljs.service.ts:116:13
    at Generator.throw (<anonymous>)
    at asyncGeneratorStep (http://localhost:9876/_karma_webpack_/webpack:/node_modules/@babel/runtime/helpers/esm/asyncToGenerator.js:3:1)
    at apply (http://localhost:9876/_karma_webpack_/webpack:/node_modules/@babel/runtime/helpers/esm/asyncToGenerator.js:20:1)
    at _ZoneDelegate.invoke (http://localhost:9876/_karma_webpack_/webpack:/node_modules/zone.js/fesm2015/zone.js:398:28)
    at ProxyZoneSpec.onInvoke (http://localhost:9876/_karma_webpack_/webpack:/node_modules/zone.js/fesm2015/zone-testing.js:2132:39)
    at _ZoneDelegate.invoke (http://localhost:9876/_karma_webpack_/webpack:/node_modules/zone.js/fesm2015/zone.js:397:34)
    at Object.onInvoke (http://localhost:9876/_karma_webpack_/webpack:/node_modules/@angular/core/fesm2022/core.mjs:6568:33)
    at _ZoneDelegate.invoke (http://localhost:9876/_karma_webpack_/webpack:/node_modules/zone.js/fesm2015/zone.js:397:34)
    at ZoneImpl.run (http://localhost:9876/_karma_webpack_/webpack:/node_modules/zone.js/fesm2015/zone.js:113:43)[39m
Chrome Headless 137.0.0.0 (Mac OS 10.15.7): Executed 132 of 158[32m SUCCESS[39m (0 secs / 3.338 secs)
ERROR: 'Error loading maturity stages:', Error: Database initialization failed
Error: Database initialization failed
    at http://localhost:9876/_karma_webpack_/webpack:/src/app/services/sqljs.service.ts:116:13
    at Generator.throw (<anonymous>)
    at asyncGeneratorStep (http://localhost:9876/_karma_webpack_/webpack:/node_modules/@babel/runtime/helpers/esm/asyncToGenerator.js:3:1)
    at apply (http://localhost:9876/_karma_webpack_/webpack:/node_modules/@babel/runtime/helpers/esm/asyncToGenerator.js:20:1)
    at _ZoneDelegate.invoke (http://localhost:9876/_karma_webpack_/webpack:/node_modules/zone.js/fesm2015/zone.js:398:28)
    at ProxyZoneSpec.onInvoke (http://localhost:9876/_karma_webpack_/webpack:/node_modules/zone.js/fesm2015/zone-testing.js:2132:39)
    at _ZoneDelegate.invoke (http://localhost:9876/_karma_webpack_/webpack:/node_modules/zone.js/fesm2015/zone.js:397:34)
    at Object.onInvoke (http://localhost:9876/_karma_webpack_/webpack:/node_modules/@angular/core/fesm2022/core.mjs:6568:33)
    at _ZoneDelegate.invoke (http://localhost:9876/_karma_webpack_/webpack:/node_modules/zone.js/fesm2015/zone.js:397:34)
    at ZoneImpl.run (http://localhost:9876/_karma_webpack_/webpack:/node_modules/zone.js/fesm2015/zone.js:113:43)
[1A[2KERROR: [36m'Failed to initialize SQL.js service:', Error: both async and sync fetching of the wasm failed
Error: both async and sync fetching of the wasm failed
    at Object.Module.onAbort (http://localhost:9876/_karma_webpack_/webpack:/node_modules/sql.js/dist/sql-wasm.js:40:20)
    at Ta (http://localhost:9876/_karma_webpack_/webpack:/node_modules/sql.js/dist/sql-wasm.js:97:376)
    at http://localhost:9876/_karma_webpack_/webpack:/node_modules/sql.js/dist/sql-wasm.js:98:351
    at Generator.throw (<anonymous>)
    at asyncGeneratorStep (http://localhost:9876/_karma_webpack_/webpack:/node_modules/@babel/runtime/helpers/asyncToGenerator.js:3:1)
    at apply (http://localhost:9876/_karma_webpack_/webpack:/node_modules/@babel/runtime/helpers/asyncToGenerator.js:20:1)
    at _ZoneDelegate.invoke (http://localhost:9876/_karma_webpack_/webpack:/node_modules/zone.js/fesm2015/zone.js:398:28)
    at ProxyZoneSpec.onInvoke (http://localhost:9876/_karma_webpack_/webpack:/node_modules/zone.js/fesm2015/zone-testing.js:2132:39)
    at _ZoneDelegate.invoke (http://localhost:9876/_karma_webpack_/webpack:/node_modules/zone.js/fesm2015/zone.js:397:34)
    at Object.onInvoke (http://localhost:9876/_karma_webpack_/webpack:/node_modules/@angular/core/fesm2022/core.mjs:6568:33)[39m
Chrome Headless 137.0.0.0 (Mac OS 10.15.7): Executed 132 of 158[32m SUCCESS[39m (0 secs / 3.338 secs)
ERROR: 'Failed to initialize SQL.js service:', Error: both async and sync fetching of the wasm failed
Error: both async and sync fetching of the wasm failed
    at Object.Module.onAbort (http://localhost:9876/_karma_webpack_/webpack:/node_modules/sql.js/dist/sql-wasm.js:40:20)
    at Ta (http://localhost:9876/_karma_webpack_/webpack:/node_modules/sql.js/dist/sql-wasm.js:97:376)
    at http://localhost:9876/_karma_webpack_/webpack:/node_modules/sql.js/dist/sql-wasm.js:98:351
    at Generator.throw (<anonymous>)
    at asyncGeneratorStep (http://localhost:9876/_karma_webpack_/webpack:/node_modules/@babel/runtime/helpers/asyncToGenerator.js:3:1)
    at apply (http://localhost:9876/_karma_webpack_/webpack:/node_modules/@babel/runtime/helpers/asyncToGenerator.js:20:1)
    at _ZoneDelegate.invoke (http://localhost:9876/_karma_webpack_/webpack:/node_modules/zone.js/fesm2015/zone.js:398:28)
    at ProxyZoneSpec.onInvoke (http://localhost:9876/_karma_webpack_/webpack:/node_modules/zone.js/fesm2015/zone-testing.js:2132:39)
    at _ZoneDelegate.invoke (http://localhost:9876/_karma_webpack_/webpack:/node_modules/zone.js/fesm2015/zone.js:397:34)
    at Object.onInvoke (http://localhost:9876/_karma_webpack_/webpack:/node_modules/@angular/core/fesm2022/core.mjs:6568:33)
[1A[2KERROR: [36m'Error getting data statistics:', Error: Database initialization failed
Error: Database initialization failed
    at http://localhost:9876/_karma_webpack_/webpack:/src/app/services/sqljs.service.ts:116:13
    at Generator.throw (<anonymous>)
    at asyncGeneratorStep (http://localhost:9876/_karma_webpack_/webpack:/node_modules/@babel/runtime/helpers/esm/asyncToGenerator.js:3:1)
    at apply (http://localhost:9876/_karma_webpack_/webpack:/node_modules/@babel/runtime/helpers/esm/asyncToGenerator.js:20:1)
    at _ZoneDelegate.invoke (http://localhost:9876/_karma_webpack_/webpack:/node_modules/zone.js/fesm2015/zone.js:398:28)
    at ProxyZoneSpec.onInvoke (http://localhost:9876/_karma_webpack_/webpack:/node_modules/zone.js/fesm2015/zone-testing.js:2132:39)
    at _ZoneDelegate.invoke (http://localhost:9876/_karma_webpack_/webpack:/node_modules/zone.js/fesm2015/zone.js:397:34)
    at Object.onInvoke (http://localhost:9876/_karma_webpack_/webpack:/node_modules/@angular/core/fesm2022/core.mjs:6568:33)
    at _ZoneDelegate.invoke (http://localhost:9876/_karma_webpack_/webpack:/node_modules/zone.js/fesm2015/zone.js:397:34)
    at ZoneImpl.run (http://localhost:9876/_karma_webpack_/webpack:/node_modules/zone.js/fesm2015/zone.js:113:43)[39m
Chrome Headless 137.0.0.0 (Mac OS 10.15.7): Executed 132 of 158[32m SUCCESS[39m (0 secs / 3.338 secs)
ERROR: 'Error getting data statistics:', Error: Database initialization failed
Error: Database initialization failed
    at http://localhost:9876/_karma_webpack_/webpack:/src/app/services/sqljs.service.ts:116:13
    at Generator.throw (<anonymous>)
    at asyncGeneratorStep (http://localhost:9876/_karma_webpack_/webpack:/node_modules/@babel/runtime/helpers/esm/asyncToGenerator.js:3:1)
    at apply (http://localhost:9876/_karma_webpack_/webpack:/node_modules/@babel/runtime/helpers/esm/asyncToGenerator.js:20:1)
    at _ZoneDelegate.invoke (http://localhost:9876/_karma_webpack_/webpack:/node_modules/zone.js/fesm2015/zone.js:398:28)
    at ProxyZoneSpec.onInvoke (http://localhost:9876/_karma_webpack_/webpack:/node_modules/zone.js/fesm2015/zone-testing.js:2132:39)
    at _ZoneDelegate.invoke (http://localhost:9876/_karma_webpack_/webpack:/node_modules/zone.js/fesm2015/zone.js:397:34)
    at Object.onInvoke (http://localhost:9876/_karma_webpack_/webpack:/node_modules/@angular/core/fesm2022/core.mjs:6568:33)
    at _ZoneDelegate.invoke (http://localhost:9876/_karma_webpack_/webpack:/node_modules/zone.js/fesm2015/zone.js:397:34)
    at ZoneImpl.run (http://localhost:9876/_karma_webpack_/webpack:/node_modules/zone.js/fesm2015/zone.js:113:43)
[1A[2KERROR: [36m'Error loading pillars:', Error: Database initialization failed
Error: Database initialization failed
    at http://localhost:9876/_karma_webpack_/webpack:/src/app/services/sqljs.service.ts:116:13
    at Generator.throw (<anonymous>)
    at asyncGeneratorStep (http://localhost:9876/_karma_webpack_/webpack:/node_modules/@babel/runtime/helpers/esm/asyncToGenerator.js:3:1)
    at apply (http://localhost:9876/_karma_webpack_/webpack:/node_modules/@babel/runtime/helpers/esm/asyncToGenerator.js:20:1)
    at _ZoneDelegate.invoke (http://localhost:9876/_karma_webpack_/webpack:/node_modules/zone.js/fesm2015/zone.js:398:28)
    at ProxyZoneSpec.onInvoke (http://localhost:9876/_karma_webpack_/webpack:/node_modules/zone.js/fesm2015/zone-testing.js:2132:39)
    at _ZoneDelegate.invoke (http://localhost:9876/_karma_webpack_/webpack:/node_modules/zone.js/fesm2015/zone.js:397:34)
    at Object.onInvoke (http://localhost:9876/_karma_webpack_/webpack:/node_modules/@angular/core/fesm2022/core.mjs:6568:33)
    at _ZoneDelegate.invoke (http://localhost:9876/_karma_webpack_/webpack:/node_modules/zone.js/fesm2015/zone.js:397:34)
    at ZoneImpl.run (http://localhost:9876/_karma_webpack_/webpack:/node_modules/zone.js/fesm2015/zone.js:113:43)[39m
Chrome Headless 137.0.0.0 (Mac OS 10.15.7): Executed 132 of 158[32m SUCCESS[39m (0 secs / 3.338 secs)
ERROR: 'Error loading pillars:', Error: Database initialization failed
Error: Database initialization failed
    at http://localhost:9876/_karma_webpack_/webpack:/src/app/services/sqljs.service.ts:116:13
    at Generator.throw (<anonymous>)
    at asyncGeneratorStep (http://localhost:9876/_karma_webpack_/webpack:/node_modules/@babel/runtime/helpers/esm/asyncToGenerator.js:3:1)
    at apply (http://localhost:9876/_karma_webpack_/webpack:/node_modules/@babel/runtime/helpers/esm/asyncToGenerator.js:20:1)
    at _ZoneDelegate.invoke (http://localhost:9876/_karma_webpack_/webpack:/node_modules/zone.js/fesm2015/zone.js:398:28)
    at ProxyZoneSpec.onInvoke (http://localhost:9876/_karma_webpack_/webpack:/node_modules/zone.js/fesm2015/zone-testing.js:2132:39)
    at _ZoneDelegate.invoke (http://localhost:9876/_karma_webpack_/webpack:/node_modules/zone.js/fesm2015/zone.js:397:34)
    at Object.onInvoke (http://localhost:9876/_karma_webpack_/webpack:/node_modules/@angular/core/fesm2022/core.mjs:6568:33)
    at _ZoneDelegate.invoke (http://localhost:9876/_karma_webpack_/webpack:/node_modules/zone.js/fesm2015/zone.js:397:34)
    at ZoneImpl.run (http://localhost:9876/_karma_webpack_/webpack:/node_modules/zone.js/fesm2015/zone.js:113:43)
[1A[2KERROR: [36m'Failed to initialize SQL.js service:', Error: both async and sync fetching of the wasm failed
Error: both async and sync fetching of the wasm failed
    at Object.Module.onAbort (http://localhost:9876/_karma_webpack_/webpack:/node_modules/sql.js/dist/sql-wasm.js:40:20)
    at Ta (http://localhost:9876/_karma_webpack_/webpack:/node_modules/sql.js/dist/sql-wasm.js:97:376)
    at http://localhost:9876/_karma_webpack_/webpack:/node_modules/sql.js/dist/sql-wasm.js:98:351
    at Generator.throw (<anonymous>)
    at asyncGeneratorStep (http://localhost:9876/_karma_webpack_/webpack:/node_modules/@babel/runtime/helpers/asyncToGenerator.js:3:1)
    at apply (http://localhost:9876/_karma_webpack_/webpack:/node_modules/@babel/runtime/helpers/asyncToGenerator.js:20:1)
    at _ZoneDelegate.invoke (http://localhost:9876/_karma_webpack_/webpack:/node_modules/zone.js/fesm2015/zone.js:398:28)
    at ProxyZoneSpec.onInvoke (http://localhost:9876/_karma_webpack_/webpack:/node_modules/zone.js/fesm2015/zone-testing.js:2132:39)
    at _ZoneDelegate.invoke (http://localhost:9876/_karma_webpack_/webpack:/node_modules/zone.js/fesm2015/zone.js:397:34)
    at Object.onInvoke (http://localhost:9876/_karma_webpack_/webpack:/node_modules/@angular/core/fesm2022/core.mjs:6568:33)[39m
Chrome Headless 137.0.0.0 (Mac OS 10.15.7): Executed 132 of 158[32m SUCCESS[39m (0 secs / 3.338 secs)
ERROR: 'Failed to initialize SQL.js service:', Error: both async and sync fetching of the wasm failed
Error: both async and sync fetching of the wasm failed
    at Object.Module.onAbort (http://localhost:9876/_karma_webpack_/webpack:/node_modules/sql.js/dist/sql-wasm.js:40:20)
    at Ta (http://localhost:9876/_karma_webpack_/webpack:/node_modules/sql.js/dist/sql-wasm.js:97:376)
    at http://localhost:9876/_karma_webpack_/webpack:/node_modules/sql.js/dist/sql-wasm.js:98:351
    at Generator.throw (<anonymous>)
    at asyncGeneratorStep (http://localhost:9876/_karma_webpack_/webpack:/node_modules/@babel/runtime/helpers/asyncToGenerator.js:3:1)
    at apply (http://localhost:9876/_karma_webpack_/webpack:/node_modules/@babel/runtime/helpers/asyncToGenerator.js:20:1)
    at _ZoneDelegate.invoke (http://localhost:9876/_karma_webpack_/webpack:/node_modules/zone.js/fesm2015/zone.js:398:28)
    at ProxyZoneSpec.onInvoke (http://localhost:9876/_karma_webpack_/webpack:/node_modules/zone.js/fesm2015/zone-testing.js:2132:39)
    at _ZoneDelegate.invoke (http://localhost:9876/_karma_webpack_/webpack:/node_modules/zone.js/fesm2015/zone.js:397:34)
    at Object.onInvoke (http://localhost:9876/_karma_webpack_/webpack:/node_modules/@angular/core/fesm2022/core.mjs:6568:33)
[1A[2KERROR: [36m'Error loading function capabilities:', Error: Database initialization failed
Error: Database initialization failed
    at http://localhost:9876/_karma_webpack_/webpack:/src/app/services/sqljs.service.ts:116:13
    at Generator.throw (<anonymous>)
    at asyncGeneratorStep (http://localhost:9876/_karma_webpack_/webpack:/node_modules/@babel/runtime/helpers/esm/asyncToGenerator.js:3:1)
    at apply (http://localhost:9876/_karma_webpack_/webpack:/node_modules/@babel/runtime/helpers/esm/asyncToGenerator.js:20:1)
    at _ZoneDelegate.invoke (http://localhost:9876/_karma_webpack_/webpack:/node_modules/zone.js/fesm2015/zone.js:398:28)
    at ProxyZoneSpec.onInvoke (http://localhost:9876/_karma_webpack_/webpack:/node_modules/zone.js/fesm2015/zone-testing.js:2132:39)
    at _ZoneDelegate.invoke (http://localhost:9876/_karma_webpack_/webpack:/node_modules/zone.js/fesm2015/zone.js:397:34)
    at Object.onInvoke (http://localhost:9876/_karma_webpack_/webpack:/node_modules/@angular/core/fesm2022/core.mjs:6568:33)
    at _ZoneDelegate.invoke (http://localhost:9876/_karma_webpack_/webpack:/node_modules/zone.js/fesm2015/zone.js:397:34)
    at ZoneImpl.run (http://localhost:9876/_karma_webpack_/webpack:/node_modules/zone.js/fesm2015/zone.js:113:43)[39m
Chrome Headless 137.0.0.0 (Mac OS 10.15.7): Executed 132 of 158[32m SUCCESS[39m (0 secs / 3.338 secs)
ERROR: 'Error loading function capabilities:', Error: Database initialization failed
Error: Database initialization failed
    at http://localhost:9876/_karma_webpack_/webpack:/src/app/services/sqljs.service.ts:116:13
    at Generator.throw (<anonymous>)
    at asyncGeneratorStep (http://localhost:9876/_karma_webpack_/webpack:/node_modules/@babel/runtime/helpers/esm/asyncToGenerator.js:3:1)
    at apply (http://localhost:9876/_karma_webpack_/webpack:/node_modules/@babel/runtime/helpers/esm/asyncToGenerator.js:20:1)
    at _ZoneDelegate.invoke (http://localhost:9876/_karma_webpack_/webpack:/node_modules/zone.js/fesm2015/zone.js:398:28)
    at ProxyZoneSpec.onInvoke (http://localhost:9876/_karma_webpack_/webpack:/node_modules/zone.js/fesm2015/zone-testing.js:2132:39)
    at _ZoneDelegate.invoke (http://localhost:9876/_karma_webpack_/webpack:/node_modules/zone.js/fesm2015/zone.js:397:34)
    at Object.onInvoke (http://localhost:9876/_karma_webpack_/webpack:/node_modules/@angular/core/fesm2022/core.mjs:6568:33)
    at _ZoneDelegate.invoke (http://localhost:9876/_karma_webpack_/webpack:/node_modules/zone.js/fesm2015/zone.js:397:34)
    at ZoneImpl.run (http://localhost:9876/_karma_webpack_/webpack:/node_modules/zone.js/fesm2015/zone.js:113:43)
[1A[2KChrome Headless 137.0.0.0 (Mac OS 10.15.7): Executed 133 of 158[32m SUCCESS[39m (0 secs / 3.338 secs)
[1A[2KChrome Headless 137.0.0.0 (Mac OS 10.15.7): Executed 134 of 158[32m SUCCESS[39m (0 secs / 3.339 secs)
[1A[2KChrome Headless 137.0.0.0 (Mac OS 10.15.7): Executed 135 of 158[32m SUCCESS[39m (0 secs / 3.339 secs)
[1A[2KChrome Headless 137.0.0.0 (Mac OS 10.15.7): Executed 136 of 158[32m SUCCESS[39m (0 secs / 3.34 secs)
[1A[2KChrome Headless 137.0.0.0 (Mac OS 10.15.7): Executed 137 of 158[32m SUCCESS[39m (0 secs / 3.34 secs)
[1A[2KChrome Headless 137.0.0.0 (Mac OS 10.15.7): Executed 138 of 158[32m SUCCESS[39m (0 secs / 3.341 secs)
[1A[2KChrome Headless 137.0.0.0 (Mac OS 10.15.7): Executed 139 of 158[32m SUCCESS[39m (0 secs / 3.341 secs)
[1A[2KChrome Headless 137.0.0.0 (Mac OS 10.15.7): Executed 140 of 158[32m SUCCESS[39m (0 secs / 3.342 secs)
[1A[2KChrome Headless 137.0.0.0 (Mac OS 10.15.7): Executed 141 of 158[32m SUCCESS[39m (0 secs / 3.342 secs)
[1A[2KChrome Headless 137.0.0.0 (Mac OS 10.15.7): Executed 142 of 158[32m SUCCESS[39m (0 secs / 3.342 secs)
[1A[2KChrome Headless 137.0.0.0 (Mac OS 10.15.7): Executed 143 of 158[32m SUCCESS[39m (0 secs / 3.342 secs)
[1A[2KChrome Headless 137.0.0.0 (Mac OS 10.15.7): Executed 144 of 158[32m SUCCESS[39m (0 secs / 3.343 secs)
[1A[2KChrome Headless 137.0.0.0 (Mac OS 10.15.7): Executed 145 of 158[32m SUCCESS[39m (0 secs / 3.343 secs)
[1A[2KChrome Headless 137.0.0.0 (Mac OS 10.15.7): Executed 146 of 158[32m SUCCESS[39m (0 secs / 3.344 secs)
[1A[2KChrome Headless 137.0.0.0 (Mac OS 10.15.7): Executed 147 of 158[32m SUCCESS[39m (0 secs / 3.344 secs)
[1A[2KChrome Headless 137.0.0.0 (Mac OS 10.15.7): Executed 148 of 158[32m SUCCESS[39m (0 secs / 3.345 secs)
[1A[2KChrome Headless 137.0.0.0 (Mac OS 10.15.7): Executed 149 of 158[32m SUCCESS[39m (0 secs / 3.345 secs)
[1A[2KChrome Headless 137.0.0.0 (Mac OS 10.15.7): Executed 150 of 158[32m SUCCESS[39m (0 secs / 3.346 secs)
[1A[2KChrome Headless 137.0.0.0 (Mac OS 10.15.7): Executed 151 of 158[32m SUCCESS[39m (0 secs / 3.346 secs)
[1A[2KChrome Headless 137.0.0.0 (Mac OS 10.15.7): Executed 152 of 158[32m SUCCESS[39m (0 secs / 3.347 secs)
[1A[2KChrome Headless 137.0.0.0 (Mac OS 10.15.7): Executed 153 of 158[32m SUCCESS[39m (0 secs / 3.347 secs)
[1A[2KChrome Headless 137.0.0.0 (Mac OS 10.15.7): Executed 154 of 158[32m SUCCESS[39m (0 secs / 3.347 secs)
[1A[2KChrome Headless 137.0.0.0 (Mac OS 10.15.7): Executed 155 of 158[32m SUCCESS[39m (0 secs / 3.348 secs)
[1A[2KChrome Headless 137.0.0.0 (Mac OS 10.15.7): Executed 156 of 158[32m SUCCESS[39m (0 secs / 3.348 secs)
[1A[2KChrome Headless 137.0.0.0 (Mac OS 10.15.7): Executed 157 of 158[32m SUCCESS[39m (0 secs / 3.349 secs)
[1A[2KChrome Headless 137.0.0.0 (Mac OS 10.15.7): Executed 158 of 158[32m SUCCESS[39m (0 secs / 3.349 secs)
[1A[2KChrome Headless 137.0.0.0 (Mac OS 10.15.7): Executed 158 of 158[32m SUCCESS[39m (3.381 secs / 3.349 secs)
[32mTOTAL: 158 SUCCESS[39m
✔ Browser application bundle generation complete.
✔ Browser application bundle generation complete.
